main.c:126:5:main	48	static
main.c:226:6:SystemClock_Config	216	static
main.c:308:13:MX_ADC3_Init	24	static
main.c:358:13:MX_CRC_Init	8	static
main.c:389:13:MX_DCMI_Init	8	static
main.c:426:13:MX_I2C1_Init	8	static
main.c:472:13:MX_I2C3_Init	8	static
main.c:518:13:MX_QUADSPI_Init	8	static
main.c:553:13:MX_RTC_Init	80	static
main.c:643:13:MX_SAI2_Init	8	static
main.c:718:13:MX_SDMMC1_SD_Init	4	static
main.c:746:13:MX_SPDIFRX_Init	8	static
main.c:782:13:MX_TIM1_Init	112	static
main.c:862:13:MX_TIM2_Init	64	static
main.c:921:13:MX_TIM3_Init	40	static
main.c:967:13:MX_TIM5_Init	64	static
main.c:1026:13:MX_TIM8_Init	40	static
main.c:1073:13:MX_TIM12_Init	40	static
main.c:1115:13:MX_USART1_UART_Init	8	static
main.c:1150:13:MX_USART6_UART_Init	8	static
main.c:1185:13:MX_GPIO_Init	72	static
main.c:1373:6:TouchTimer_Init	8	static
main.c:1381:6:PollTouchScreen	64	static
main.c:1450:6:StartDefaultTask	16	static
main.c:1477:6:HAL_TIM_PeriodElapsedCallback	16	static
main.c:1502:6:Error_Handler	4	static
