Archive member included to satisfy reference by file (symbol)

c:/st/stm32cubeide_1.5.1/stm32cubeide/plugins/com.st.stm32cube.ide.mcu.externaltools.gnu-tools-for-stm32.7-2018-q2-update.win32_1.5.0.202011040924/tools/bin/../lib/gcc/arm-none-eabi/7.3.1/../../../../arm-none-eabi/lib/thumb/v7e-m/fpv4-sp/hard\libc_nano.a(lib_a-errno.o)
                              Core/Src/syscalls.o (__errno)
c:/st/stm32cubeide_1.5.1/stm32cubeide/plugins/com.st.stm32cube.ide.mcu.externaltools.gnu-tools-for-stm32.7-2018-q2-update.win32_1.5.0.202011040924/tools/bin/../lib/gcc/arm-none-eabi/7.3.1/../../../../arm-none-eabi/lib/thumb/v7e-m/fpv4-sp/hard\libc_nano.a(lib_a-exit.o)
                              c:/st/stm32cubeide_1.5.1/stm32cubeide/plugins/com.st.stm32cube.ide.mcu.externaltools.gnu-tools-for-stm32.7-2018-q2-update.win32_1.5.0.202011040924/tools/bin/../lib/gcc/arm-none-eabi/7.3.1/../../../../arm-none-eabi/lib/thumb/v7e-m/fpv4-sp/hard/crt0.o (exit)
c:/st/stm32cubeide_1.5.1/stm32cubeide/plugins/com.st.stm32cube.ide.mcu.externaltools.gnu-tools-for-stm32.7-2018-q2-update.win32_1.5.0.202011040924/tools/bin/../lib/gcc/arm-none-eabi/7.3.1/../../../../arm-none-eabi/lib/thumb/v7e-m/fpv4-sp/hard\libc_nano.a(lib_a-impure.o)
                              c:/st/stm32cubeide_1.5.1/stm32cubeide/plugins/com.st.stm32cube.ide.mcu.externaltools.gnu-tools-for-stm32.7-2018-q2-update.win32_1.5.0.202011040924/tools/bin/../lib/gcc/arm-none-eabi/7.3.1/../../../../arm-none-eabi/lib/thumb/v7e-m/fpv4-sp/hard\libc_nano.a(lib_a-exit.o) (_global_impure_ptr)
c:/st/stm32cubeide_1.5.1/stm32cubeide/plugins/com.st.stm32cube.ide.mcu.externaltools.gnu-tools-for-stm32.7-2018-q2-update.win32_1.5.0.202011040924/tools/bin/../lib/gcc/arm-none-eabi/7.3.1/../../../../arm-none-eabi/lib/thumb/v7e-m/fpv4-sp/hard\libc_nano.a(lib_a-init.o)
                              c:/st/stm32cubeide_1.5.1/stm32cubeide/plugins/com.st.stm32cube.ide.mcu.externaltools.gnu-tools-for-stm32.7-2018-q2-update.win32_1.5.0.202011040924/tools/bin/../lib/gcc/arm-none-eabi/7.3.1/../../../../arm-none-eabi/lib/thumb/v7e-m/fpv4-sp/hard/crt0.o (__libc_init_array)
c:/st/stm32cubeide_1.5.1/stm32cubeide/plugins/com.st.stm32cube.ide.mcu.externaltools.gnu-tools-for-stm32.7-2018-q2-update.win32_1.5.0.202011040924/tools/bin/../lib/gcc/arm-none-eabi/7.3.1/../../../../arm-none-eabi/lib/thumb/v7e-m/fpv4-sp/hard\libc_nano.a(lib_a-memset.o)
                              c:/st/stm32cubeide_1.5.1/stm32cubeide/plugins/com.st.stm32cube.ide.mcu.externaltools.gnu-tools-for-stm32.7-2018-q2-update.win32_1.5.0.202011040924/tools/bin/../lib/gcc/arm-none-eabi/7.3.1/../../../../arm-none-eabi/lib/thumb/v7e-m/fpv4-sp/hard/crt0.o (memset)
c:/st/stm32cubeide_1.5.1/stm32cubeide/plugins/com.st.stm32cube.ide.mcu.externaltools.gnu-tools-for-stm32.7-2018-q2-update.win32_1.5.0.202011040924/tools/bin/../lib/gcc/arm-none-eabi/7.3.1/../../../../arm-none-eabi/lib/thumb/v7e-m/fpv4-sp/hard\libc_nano.a(lib_a-nano-vfprintf_float.o)
                              (_printf_float)
c:/st/stm32cubeide_1.5.1/stm32cubeide/plugins/com.st.stm32cube.ide.mcu.externaltools.gnu-tools-for-stm32.7-2018-q2-update.win32_1.5.0.202011040924/tools/bin/../lib/gcc/arm-none-eabi/7.3.1/../../../../arm-none-eabi/lib/thumb/v7e-m/fpv4-sp/hard\libc_nano.a(lib_a-nano-vfprintf_i.o)
                              c:/st/stm32cubeide_1.5.1/stm32cubeide/plugins/com.st.stm32cube.ide.mcu.externaltools.gnu-tools-for-stm32.7-2018-q2-update.win32_1.5.0.202011040924/tools/bin/../lib/gcc/arm-none-eabi/7.3.1/../../../../arm-none-eabi/lib/thumb/v7e-m/fpv4-sp/hard\libc_nano.a(lib_a-nano-vfprintf_float.o) (_printf_common)
c:/st/stm32cubeide_1.5.1/stm32cubeide/plugins/com.st.stm32cube.ide.mcu.externaltools.gnu-tools-for-stm32.7-2018-q2-update.win32_1.5.0.202011040924/tools/bin/../lib/gcc/arm-none-eabi/7.3.1/../../../../arm-none-eabi/lib/thumb/v7e-m/fpv4-sp/hard\libc_nano.a(lib_a-sprintf.o)
                              Core/Src/main.o (sprintf)
c:/st/stm32cubeide_1.5.1/stm32cubeide/plugins/com.st.stm32cube.ide.mcu.externaltools.gnu-tools-for-stm32.7-2018-q2-update.win32_1.5.0.202011040924/tools/bin/../lib/gcc/arm-none-eabi/7.3.1/../../../../arm-none-eabi/lib/thumb/v7e-m/fpv4-sp/hard\libc_nano.a(lib_a-strlen.o)
                              c:/st/stm32cubeide_1.5.1/stm32cubeide/plugins/com.st.stm32cube.ide.mcu.externaltools.gnu-tools-for-stm32.7-2018-q2-update.win32_1.5.0.202011040924/tools/bin/../lib/gcc/arm-none-eabi/7.3.1/../../../../arm-none-eabi/lib/thumb/v7e-m/fpv4-sp/hard\libc_nano.a(lib_a-nano-vfprintf_float.o) (strlen)
c:/st/stm32cubeide_1.5.1/stm32cubeide/plugins/com.st.stm32cube.ide.mcu.externaltools.gnu-tools-for-stm32.7-2018-q2-update.win32_1.5.0.202011040924/tools/bin/../lib/gcc/arm-none-eabi/7.3.1/../../../../arm-none-eabi/lib/thumb/v7e-m/fpv4-sp/hard\libc_nano.a(lib_a-dtoa.o)
[...]
Memory Configuration

Name             Origin             Length             Attributes
RAM              0x0000000020000000 0x0000000000050000 xrw
FLASH            0x0000000008000000 0x0000000000100000 xr
*default*        0x0000000000000000 0xffffffffffffffff

Linker script and memory map

LOAD c:/st/stm32cubeide_1.5.1/stm32cubeide/plugins/com.st.stm32cube.ide.mcu.externaltools.gnu-tools-for-stm32.7-2018-q2-update.win32_1.5.0.202011040924/tools/bin/../lib/gcc/arm-none-eabi/7.3.1/thumb/v7e-m/fpv4-sp/hard/crti.o
LOAD c:/st/stm32cubeide_1.5.1/stm32cubeide/plugins/com.st.stm32cube.ide.mcu.externaltools.gnu-tools-for-stm32.7-2018-q2-update.win32_1.5.0.202011040924/tools/bin/../lib/gcc/arm-none-eabi/7.3.1/thumb/v7e-m/fpv4-sp/hard/crtbegin.o
LOAD c:/st/stm32cubeide_1.5.1/stm32cubeide/plugins/com.st.stm32cube.ide.mcu.externaltools.gnu-tools-for-stm32.7-2018-q2-update.win32_1.5.0.202011040924/tools/bin/../lib/gcc/arm-none-eabi/7.3.1/../../../../arm-none-eabi/lib/thumb/v7e-m/fpv4-sp/hard/crt0.o
LOAD Core/Src/eeprom.o
LOAD Core/Src/font12.o
LOAD Core/Src/font16.o
LOAD Core/Src/font20.o
LOAD Core/Src/font24.o
LOAD Core/Src/font8.o
LOAD Core/Src/ft5336.o
LOAD Core/Src/main.o
LOAD Core/Src/stm32746g_discovery.o
LOAD Core/Src/stm32746g_discovery_lcd.o
LOAD Core/Src/stm32746g_discovery_sdram.o
LOAD Core/Src/stm32746g_discovery_ts.o
LOAD Core/Src/stm32f7xx_hal_ltdc.o
LOAD Core/Src/stm32f7xx_hal_ltdc_ex.o
LOAD Core/Src/stm32f7xx_hal_msp.o
LOAD Core/Src/stm32f7xx_hal_sdram.o
LOAD Core/Src/stm32f7xx_hal_uart.o
LOAD Core/Src/stm32f7xx_it.o
LOAD Core/Src/stm32f7xx_ll_fmc.o
LOAD Core/Src/syscalls.o
LOAD Core/Src/sysmem.o
LOAD Core/Src/system_stm32f7xx.o
LOAD Core/Startup/startup_stm32f746nghx.o
LOAD Drivers/STM32F7xx_HAL_Driver/Src/stm32f7xx_hal.o
LOAD Drivers/STM32F7xx_HAL_Driver/Src/stm32f7xx_hal_cortex.o
LOAD Drivers/STM32F7xx_HAL_Driver/Src/stm32f7xx_hal_crc.o
LOAD Drivers/STM32F7xx_HAL_Driver/Src/stm32f7xx_hal_crc_ex.o
LOAD Drivers/STM32F7xx_HAL_Driver/Src/stm32f7xx_hal_dma.o
LOAD Drivers/STM32F7xx_HAL_Driver/Src/stm32f7xx_hal_dma2d.o
LOAD Drivers/STM32F7xx_HAL_Driver/Src/stm32f7xx_hal_dma_ex.o
LOAD Drivers/STM32F7xx_HAL_Driver/Src/stm32f7xx_hal_exti.o
LOAD Drivers/STM32F7xx_HAL_Driver/Src/stm32f7xx_hal_flash.o
LOAD Drivers/STM32F7xx_HAL_Driver/Src/stm32f7xx_hal_flash_ex.o
LOAD Drivers/STM32F7xx_HAL_Driver/Src/stm32f7xx_hal_gpio.o
LOAD Drivers/STM32F7xx_HAL_Driver/Src/stm32f7xx_hal_i2c.o
LOAD Drivers/STM32F7xx_HAL_Driver/Src/stm32f7xx_hal_i2c_ex.o
LOAD Drivers/STM32F7xx_HAL_Driver/Src/stm32f7xx_hal_pwr.o
LOAD Drivers/STM32F7xx_HAL_Driver/Src/stm32f7xx_hal_pwr_ex.o
LOAD Drivers/STM32F7xx_HAL_Driver/Src/stm32f7xx_hal_rcc.o
LOAD Drivers/STM32F7xx_HAL_Driver/Src/stm32f7xx_hal_rcc_ex.o
LOAD Drivers/STM32F7xx_HAL_Driver/Src/stm32f7xx_hal_rtc.o
LOAD Drivers/STM32F7xx_HAL_Driver/Src/stm32f7xx_hal_rtc_ex.o
LOAD Drivers/STM32F7xx_HAL_Driver/Src/stm32f7xx_hal_tim.o
LOAD Drivers/STM32F7xx_HAL_Driver/Src/stm32f7xx_hal_tim_ex.o
START GROUP
LOAD c:/st/stm32cubeide_1.5.1/stm32cubeide/plugins/com.st.stm32cube.ide.mcu.externaltools.gnu-tools-for-stm32.7-2018-q2-update.win32_1.5.0.202011040924/tools/bin/../lib/gcc/arm-none-eabi/7.3.1/../../../../arm-none-eabi/lib/thumb/v7e-m/fpv4-sp/hard\libc_nano.a
LOAD c:/st/stm32cubeide_1.5.1/stm32cubeide/plugins/com.st.stm32cube.ide.mcu.externaltools.gnu-tools-for-stm32.7-2018-q2-update.win32_1.5.0.202011040924/tools/bin/../lib/gcc/arm-none-eabi/7.3.1/../../../../arm-none-eabi/lib/thumb/v7e-m/fpv4-sp/hard\libm.a
END GROUP
START GROUP
LOAD c:/st/stm32cubeide_1.5.1/stm32cubeide/plugins/com.st.stm32cube.ide.mcu.externaltools.gnu-tools-for-stm32.7-2018-q2-update.win32_1.5.0.202011040924/tools/bin/../lib/gcc/arm-none-eabi/7.3.1/thumb/v7e-m/fpv4-sp/hard\libgcc.a
LOAD c:/st/stm32cubeide_1.5.1/stm32cubeide/plugins/com.st.stm32cube.ide.mcu.externaltools.gnu-tools-for-stm32.7-2018-q2-update.win32_1.5.0.202011040924/tools/bin/../lib/gcc/arm-none-eabi/7.3.1/../../../../arm-none-eabi/lib/thumb/v7e-m/fpv4-sp/hard\libc_nano.a
END GROUP
START GROUP
LOAD c:/st/stm32cubeide_1.5.1/stm32cubeide/plugins/com.st.stm32cube.ide.mcu.externaltools.gnu-tools-for-stm32.7-2018-q2-update.win32_1.5.0.202011040924/tools/bin/../lib/gcc/arm-none-eabi/7.3.1/thumb/v7e-m/fpv4-sp/hard\libgcc.a
LOAD c:/st/stm32cubeide_1.5.1/stm32cubeide/plugins/com.st.stm32cube.ide.mcu.externaltools.gnu-tools-for-stm32.7-2018-q2-update.win32_1.5.0.202011040924/tools/bin/../lib/gcc/arm-none-eabi/7.3.1/../../../../arm-none-eabi/lib/thumb/v7e-m/fpv4-sp/hard\libc_nano.a
LOAD c:/st/stm32cubeide_1.5.1/stm32cubeide/plugins/com.st.stm32cube.ide.mcu.externaltools.gnu-tools-for-stm32.7-2018-q2-update.win32_1.5.0.202011040924/tools/bin/../lib/gcc/arm-none-eabi/7.3.1/../../../../arm-none-eabi/lib/thumb/v7e-m/fpv4-sp/hard\libnosys.a
END GROUP
START GROUP
LOAD c:/st/stm32cubeide_1.5.1/stm32cubeide/plugins/com.st.stm32cube.ide.mcu.externaltools.gnu-tools-for-stm32.7-2018-q2-update.win32_1.5.0.202011040924/tools/bin/../lib/gcc/arm-none-eabi/7.3.1/thumb/v7e-m/fpv4-sp/hard\libgcc.a
LOAD c:/st/stm32cubeide_1.5.1/stm32cubeide/plugins/com.st.stm32cube.ide.mcu.externaltools.gnu-tools-for-stm32.7-2018-q2-update.win32_1.5.0.202011040924/tools/bin/../lib/gcc/arm-none-eabi/7.3.1/../../../../arm-none-eabi/lib/thumb/v7e-m/fpv4-sp/hard\libc_nano.a
LOAD c:/st/stm32cubeide_1.5.1/stm32cubeide/plugins/com.st.stm32cube.ide.mcu.externaltools.gnu-tools-for-stm32.7-2018-q2-update.win32_1.5.0.202011040924/tools/bin/../lib/gcc/arm-none-eabi/7.3.1/../../../../arm-none-eabi/lib/thumb/v7e-m/fpv4-sp/hard\libnosys.a
END GROUP
LOAD c:/st/stm32cubeide_1.5.1/stm32cubeide/plugins/com.st.stm32cube.ide.mcu.externaltools.gnu-tools-for-stm32.7-2018-q2-update.win32_1.5.0.202011040924/tools/bin/../lib/gcc/arm-none-eabi/7.3.1/thumb/v7e-m/fpv4-sp/hard/crtend.o
LOAD c:/st/stm32cubeide_1.5.1/stm32cubeide/plugins/com.st.stm32cube.ide.mcu.externaltools.gnu-tools-for-stm32.7-2018-q2-update.win32_1.5.0.202011040924/tools/bin/../lib/gcc/arm-none-eabi/7.3.1/thumb/v7e-m/fpv4-sp/hard/crtn.o
                0x0000000020050000                _estack = (ORIGIN (RAM) + LENGTH (RAM))
                0x0000000000000200                _Min_Heap_Size = 0x200
                0x0000000000000400                _Min_Stack_Size = 0x400

.isr_vector     0x0000000008000000      0x1c8
                0x0000000008000000                . = ALIGN (0x4)
 *(.isr_vector)
 .isr_vector    0x0000000008000000      0x1c8 Core/Startup/startup_stm32f746nghx.o
                0x0000000008000000                g_pfnVectors
                0x00000000080001c8                . = ALIGN (0x4)

.text           0x00000000080001d0     0xa3c8
                0x00000000080001d0                . = ALIGN (0x4)
 *(.text)
 .text          0x00000000080001d0       0x40 c:/st/stm32cubeide_1.5.1/stm32cubeide/plugins/com.st.stm32cube.ide.mcu.externaltools.gnu-tools-for-stm32.7-2018-q2-update.win32_1.5.0.202011040924/tools/bin/../lib/gcc/arm-none-eabi/7.3.1/thumb/v7e-m/fpv4-sp/hard/crtbegin.o
 .text          0x0000000008000210       0x10 c:/st/stm32cubeide_1.5.1/stm32cubeide/plugins/com.st.stm32cube.ide.mcu.externaltools.gnu-tools-for-stm32.7-2018-q2-update.win32_1.5.0.202011040924/tools/bin/../lib/gcc/arm-none-eabi/7.3.1/../../../../arm-none-eabi/lib/thumb/v7e-m/fpv4-sp/hard\libc_nano.a(lib_a-strlen.o)
                0x0000000008000210                strlen
 .text          0x0000000008000220       0xa0 c:/st/stm32cubeide_1.5.1/stm32cubeide/plugins/com.st.stm32cube.ide.mcu.externaltools.gnu-tools-for-stm32.7-2018-q2-update.win32_1.5.0.202011040924/tools/bin/../lib/gcc/arm-none-eabi/7.3.1/../../../../arm-none-eabi/lib/thumb/v7e-m/fpv4-sp/hard\libc_nano.a(lib_a-memchr.o)
                0x0000000008000220                memchr
 .text          0x00000000080002c0      0x378 c:/st/stm32cubeide_1.5.1/stm32cubeide/plugins/com.st.stm32cube.ide.mcu.externaltools.gnu-tools-for-stm32.7-2018-q2-update.win32_1.5.0.202011040924/tools/bin/../lib/gcc/arm-none-eabi/7.3.1/thumb/v7e-m/fpv4-sp/hard\libgcc.a(_arm_addsubdf3.o)
                0x00000000080002c0                __aeabi_drsub
                0x00000000080002c8                __aeabi_dsub
                0x00000000080002c8                __subdf3
                0x00000000080002cc                __aeabi_dadd
                0x00000000080002cc                __adddf3
                0x0000000008000544                __floatunsidf
                0x0000000008000544                __aeabi_ui2d
                0x0000000008000564                __floatsidf
                0x0000000008000564                __aeabi_i2d
                0x0000000008000588                __aeabi_f2d
                0x0000000008000588                __extendsfdf2
                0x00000000080005cc                __floatundidf
                0x00000000080005cc                __aeabi_ul2d
                0x00000000080005dc                __floatdidf
                0x00000000080005dc                __aeabi_l2d
 .text          0x0000000008000638      0x424 c:/st/stm32cubeide_1.5.1/stm32cubeide/plugins/com.st.stm32cube.ide.mcu.externaltools.gnu-tools-for-stm32.7-2018-q2-update.win32_1.5.0.202011040924/tools/bin/../lib/gcc/arm-none-eabi/7.3.1/thumb/v7e-m/fpv4-sp/hard\libgcc.a(_arm_muldivdf3.o)
                0x0000000008000638                __aeabi_dmul
                0x0000000008000638                __muldf3
                0x000000000800088c                __divdf3
                0x000000000800088c                __aeabi_ddiv
 .text          0x0000000008000a5c      0x110 c:/st/stm32cubeide_1.5.1/stm32cubeide/plugins/com.st.stm32cube.ide.mcu.externaltools.gnu-tools-for-stm32.7-2018-q2-update.win32_1.5.0.202011040924/tools/bin/../lib/gcc/arm-none-eabi/7.3.1/thumb/v7e-m/fpv4-sp/hard\libgcc.a(_arm_cmpdf2.o)
                0x0000000008000a5c                __gtdf2
                0x0000000008000a5c                __gedf2
                0x0000000008000a64                __ltdf2
                0x0000000008000a64                __ledf2
                0x0000000008000a6c                __nedf2
                0x0000000008000a6c                __eqdf2
                0x0000000008000a6c                __cmpdf2
                0x0000000008000ae8                __aeabi_cdrcmple
                0x0000000008000af8                __aeabi_cdcmpeq
                0x0000000008000af8                __aeabi_cdcmple
                0x0000000008000b08                __aeabi_dcmpeq
                0x0000000008000b1c                __aeabi_dcmplt
                0x0000000008000b30                __aeabi_dcmple
                0x0000000008000b44                __aeabi_dcmpge
                0x0000000008000b58                __aeabi_dcmpgt
 .text          0x0000000008000b6c       0x2c c:/st/stm32cubeide_1.5.1/stm32cubeide/plugins/com.st.stm32cube.ide.mcu.externaltools.gnu-tools-for-stm32.7-2018-q2-update.win32_1.5.0.202011040924/tools/bin/../lib/gcc/arm-none-eabi/7.3.1/thumb/v7e-m/fpv4-sp/hard\libgcc.a(_arm_unorddf2.o)
                0x0000000008000b6c                __unorddf2
                0x0000000008000b6c                __aeabi_dcmpun
 .text          0x0000000008000b98       0x50 c:/st/stm32cubeide_1.5.1/stm32cubeide/plugins/com.st.stm32cube.ide.mcu.externaltools.gnu-tools-for-stm32.7-2018-q2-update.win32_1.5.0.202011040924/tools/bin/../lib/gcc/arm-none-eabi/7.3.1/thumb/v7e-m/fpv4-sp/hard\libgcc.a(_arm_fixdfsi.o)
                0x0000000008000b98                __aeabi_d2iz
                0x0000000008000b98                __fixdfsi
 .text          0x0000000008000be8       0x40 c:/st/stm32cubeide_1.5.1/stm32cubeide/plugins/com.st.stm32cube.ide.mcu.externaltools.gnu-tools-for-stm32.7-2018-q2-update.win32_1.5.0.202011040924/tools/bin/../lib/gcc/arm-none-eabi/7.3.1/thumb/v7e-m/fpv4-sp/hard\libgcc.a(_arm_fixunsdfsi.o)
                0x0000000008000be8                __aeabi_d2uiz
                0x0000000008000be8                __fixunsdfsi
 .text          0x0000000008000c28       0x30 c:/st/stm32cubeide_1.5.1/stm32cubeide/plugins/com.st.stm32cube.ide.mcu.externaltools.gnu-tools-for-stm32.7-2018-q2-update.win32_1.5.0.202011040924/tools/bin/../lib/gcc/arm-none-eabi/7.3.1/thumb/v7e-m/fpv4-sp/hard\libgcc.a(_aeabi_uldivmod.o)
                0x0000000008000c28                __aeabi_uldivmod
 .text          0x0000000008000c58      0x2cc c:/st/stm32cubeide_1.5.1/stm32cubeide/plugins/com.st.stm32cube.ide.mcu.externaltools.gnu-tools-for-stm32.7-2018-q2-update.win32_1.5.0.202011040924/tools/bin/../lib/gcc/arm-none-eabi/7.3.1/thumb/v7e-m/fpv4-sp/hard\libgcc.a(_udivmoddi4.o)
                0x0000000008000c58                __udivmoddi4
 .text          0x0000000008000f24        0x4 c:/st/stm32cubeide_1.5.1/stm32cubeide/plugins/com.st.stm32cube.ide.mcu.externaltools.gnu-tools-for-stm32.7-2018-q2-update.win32_1.5.0.202011040924/tools/bin/../lib/gcc/arm-none-eabi/7.3.1/thumb/v7e-m/fpv4-sp/hard\libgcc.a(_dvmd_tls.o)
                0x0000000008000f24                __aeabi_idiv0
                0x0000000008000f24                __aeabi_ldiv0
 *(.text*)
 .text.SCB_CleanInvalidateDCache_by_Addr
                0x0000000008000f28       0x54 Core/Src/eeprom.o
 .text.EE_Init  0x0000000008000f7c      0x3f8 Core/Src/eeprom.o
                0x0000000008000f7c                EE_Init
 .text.EE_VerifyPageFullyErased
                0x0000000008001374       0x4c Core/Src/eeprom.o
 .text.EE_ReadVariable
                0x00000000080013c0       0x94 Core/Src/eeprom.o
                0x00000000080013c0                EE_ReadVariable
 .text.EE_WriteVariable
                0x0000000008001454       0x44 Core/Src/eeprom.o
                0x0000000008001454                EE_WriteVariable
 .text.EE_Format
                0x0000000008001498       0xb8 Core/Src/eeprom.o
 .text.EE_FindValidPage
                0x0000000008001550       0x8c Core/Src/eeprom.o
 .text.EE_VerifyPageFullWriteVariable
                0x00000000080015dc       0xbc Core/Src/eeprom.o
 .text.EE_PageTransfer
                0x0000000008001698      0x190 Core/Src/eeprom.o
 .text.ft5336_Init
                0x0000000008001828       0x1c Core/Src/ft5336.o
                0x0000000008001828                ft5336_Init
 .text.ft5336_Reset
                0x0000000008001844       0x16 Core/Src/ft5336.o
                0x0000000008001844                ft5336_Reset
 .text.ft5336_ReadID
                0x000000000800185a       0x5c Core/Src/ft5336.o
                0x000000000800185a                ft5336_ReadID
 .text.ft5336_TS_Start
                0x00000000080018b6       0x22 Core/Src/ft5336.o
                0x00000000080018b6                ft5336_TS_Start
 .text.ft5336_TS_DetectTouch
                0x00000000080018d8       0x54 Core/Src/ft5336.o
                0x00000000080018d8                ft5336_TS_DetectTouch
 .text.ft5336_TS_GetXY
                0x000000000800192c      0x1e0 Core/Src/ft5336.o
                0x000000000800192c                ft5336_TS_GetXY
 .text.ft5336_TS_EnableIT
                0x0000000008001b0c       0x28 Core/Src/ft5336.o
                0x0000000008001b0c                ft5336_TS_EnableIT
 .text.ft5336_TS_DisableIT
                0x0000000008001b34       0x28 Core/Src/ft5336.o
                0x0000000008001b34                ft5336_TS_DisableIT
 .text.ft5336_TS_ITStatus
                0x0000000008001b5c       0x18 Core/Src/ft5336.o
                0x0000000008001b5c                ft5336_TS_ITStatus
 .text.ft5336_TS_ClearIT
                0x0000000008001b74       0x16 Core/Src/ft5336.o
                0x0000000008001b74                ft5336_TS_ClearIT
 .text.ft5336_TS_GetGestureID
                0x0000000008001b8a       0x32 Core/Src/ft5336.o
                0x0000000008001b8a                ft5336_TS_GetGestureID
 .text.ft5336_TS_GetTouchInfo
                0x0000000008001bbc      0x15c Core/Src/ft5336.o
                0x0000000008001bbc                ft5336_TS_GetTouchInfo
 .text.ft5336_Get_I2C_InitializedStatus
                0x0000000008001d18       0x18 Core/Src/ft5336.o
 .text.ft5336_I2C_InitializeIfRequired
                0x0000000008001d30       0x20 Core/Src/ft5336.o
 .text.ft5336_TS_Configure
                0x0000000008001d50       0x1c Core/Src/ft5336.o
 *fill*         0x0000000008001d6c        0x4 
 .text.main     0x0000000008001d70      0x130 Core/Src/main.o
                0x0000000008001d70                main
 .text.SystemClock_Config
                0x0000000008001ea0      0x128 Core/Src/main.o
                0x0000000008001ea0                SystemClock_Config
 .text.MX_CRC_Init
                0x0000000008001fc8       0x44 Core/Src/main.o
 .text.MX_DMA2D_Init
                0x000000000800200c       0x64 Core/Src/main.o
 .text.MX_RTC_Init
                0x0000000008002070       0x4c Core/Src/main.o
 .text.MX_TIM2_Init
                0x00000000080020bc       0xa8 Core/Src/main.o
 .text.MX_GPIO_Init
                0x0000000008002164       0xac Core/Src/main.o
 .text.HAL_PWR_PVDCallback
                0x0000000008002210       0x4c Core/Src/main.o
                0x0000000008002210                HAL_PWR_PVDCallback
 .text.Error_Handler
                0x000000000800225c        0x8 Core/Src/main.o
                0x000000000800225c                Error_Handler
 .text.I2Cx_MspInit
                0x0000000008002264      0x160 Core/Src/stm32746g_discovery.o
 .text.I2Cx_Init
                0x00000000080023c4       0x78 Core/Src/stm32746g_discovery.o
 .text.I2Cx_ReadMultiple
                0x000000000800243c       0x5a Core/Src/stm32746g_discovery.o
 .text.I2Cx_WriteMultiple
                0x0000000008002496       0x5a Core/Src/stm32746g_discovery.o
 .text.I2Cx_Error
                0x00000000080024f0       0x20 Core/Src/stm32746g_discovery.o
 .text.TS_IO_Init
                0x0000000008002510       0x14 Core/Src/stm32746g_discovery.o
                0x0000000008002510                TS_IO_Init
 .text.TS_IO_Write
                0x0000000008002524       0x34 Core/Src/stm32746g_discovery.o
                0x0000000008002524                TS_IO_Write
 .text.TS_IO_Read
                0x0000000008002558       0x3c Core/Src/stm32746g_discovery.o
                0x0000000008002558                TS_IO_Read
 .text.TS_IO_Delay
                0x0000000008002594       0x16 Core/Src/stm32746g_discovery.o
                0x0000000008002594                TS_IO_Delay
 *fill*         0x00000000080025aa        0x2 
 .text.BSP_LCD_Init
                0x00000000080025ac       0xe0 Core/Src/stm32746g_discovery_lcd.o
                0x00000000080025ac                BSP_LCD_Init
 .text.BSP_LCD_GetXSize
                0x000000000800268c       0x28 Core/Src/stm32746g_discovery_lcd.o
                0x000000000800268c                BSP_LCD_GetXSize
 .text.BSP_LCD_GetYSize
                0x00000000080026b4       0x28 Core/Src/stm32746g_discovery_lcd.o
                0x00000000080026b4                BSP_LCD_GetYSize
 .text.BSP_LCD_LayerDefaultInit
                0x00000000080026dc       0xc0 Core/Src/stm32746g_discovery_lcd.o
                0x00000000080026dc                BSP_LCD_LayerDefaultInit
 .text.BSP_LCD_SelectLayer
                0x000000000800279c       0x20 Core/Src/stm32746g_discovery_lcd.o
                0x000000000800279c                BSP_LCD_SelectLayer
 .text.BSP_LCD_SetFont
                0x00000000080027bc       0x34 Core/Src/stm32746g_discovery_lcd.o
                0x00000000080027bc                BSP_LCD_SetFont
 .text.BSP_LCD_Clear
                0x00000000080027f0       0x50 Core/Src/stm32746g_discovery_lcd.o
                0x00000000080027f0                BSP_LCD_Clear
 .text.BSP_LCD_DisplayChar
                0x0000000008002840       0x88 Core/Src/stm32746g_discovery_lcd.o
                0x0000000008002840                BSP_LCD_DisplayChar
 .text.BSP_LCD_DisplayStringAt
                0x00000000080028c8      0x188 Core/Src/stm32746g_discovery_lcd.o
                0x00000000080028c8                BSP_LCD_DisplayStringAt
 .text.BSP_LCD_DrawPixel
                0x0000000008002a50       0x90 Core/Src/stm32746g_discovery_lcd.o
                0x0000000008002a50                BSP_LCD_DrawPixel
 .text.BSP_LCD_DisplayOn
                0x0000000008002ae0       0x3c Core/Src/stm32746g_discovery_lcd.o
                0x0000000008002ae0                BSP_LCD_DisplayOn
 .text.BSP_LCD_MspInit
                0x0000000008002b1c      0x1b4 Core/Src/stm32746g_discovery_lcd.o
                0x0000000008002b1c                BSP_LCD_MspInit
 .text.BSP_LCD_ClockConfig
                0x0000000008002cd0       0x38 Core/Src/stm32746g_discovery_lcd.o
                0x0000000008002cd0                BSP_LCD_ClockConfig
 .text.DrawChar
                0x0000000008002d08      0x170 Core/Src/stm32746g_discovery_lcd.o
 .text.LL_FillBuffer
                0x0000000008002e78       0x98 Core/Src/stm32746g_discovery_lcd.o
 .text.BSP_SDRAM_Init
                0x0000000008002f10       0xbc Core/Src/stm32746g_discovery_sdram.o
                0x0000000008002f10                BSP_SDRAM_Init
 .text.BSP_SDRAM_Initialization_sequence
                0x0000000008002fcc       0xc0 Core/Src/stm32746g_discovery_sdram.o
                0x0000000008002fcc                BSP_SDRAM_Initialization_sequence
 .text.BSP_SDRAM_MspInit
                0x000000000800308c      0x1f0 Core/Src/stm32746g_discovery_sdram.o
                0x000000000800308c                BSP_SDRAM_MspInit
 .text.BSP_TS_Init
                0x000000000800327c       0x80 Core/Src/stm32746g_discovery_ts.o
                0x000000000800327c                BSP_TS_Init
 .text.BSP_TS_GetState
                0x00000000080032fc      0x3ac Core/Src/stm32746g_discovery_ts.o
                0x00000000080032fc                BSP_TS_GetState
 .text.BSP_TS_Get_GestureId
                0x00000000080036a8       0x94 Core/Src/stm32746g_discovery_ts.o
                0x00000000080036a8                BSP_TS_Get_GestureId
 .text.HAL_LTDC_Init
                0x000000000800373c      0x1b8 Core/Src/stm32f7xx_hal_ltdc.o
                0x000000000800373c                HAL_LTDC_Init
 .text.HAL_LTDC_MspInit
                0x00000000080038f4       0x14 Core/Src/stm32f7xx_hal_ltdc.o
                0x00000000080038f4                HAL_LTDC_MspInit
 .text.HAL_LTDC_IRQHandler
                0x0000000008003908      0x158 Core/Src/stm32f7xx_hal_ltdc.o
                0x0000000008003908                HAL_LTDC_IRQHandler
 .text.HAL_LTDC_ErrorCallback
                0x0000000008003a60       0x14 Core/Src/stm32f7xx_hal_ltdc.o
                0x0000000008003a60                HAL_LTDC_ErrorCallback
 .text.HAL_LTDC_LineEventCallback
                0x0000000008003a74       0x14 Core/Src/stm32f7xx_hal_ltdc.o
                0x0000000008003a74                HAL_LTDC_LineEventCallback
 .text.HAL_LTDC_ReloadEventCallback
                0x0000000008003a88       0x14 Core/Src/stm32f7xx_hal_ltdc.o
                0x0000000008003a88                HAL_LTDC_ReloadEventCallback
 .text.HAL_LTDC_ConfigLayer
                0x0000000008003a9c       0x7c Core/Src/stm32f7xx_hal_ltdc.o
                0x0000000008003a9c                HAL_LTDC_ConfigLayer
 .text.HAL_LTDC_GetState
                0x0000000008003b18       0x1c Core/Src/stm32f7xx_hal_ltdc.o
                0x0000000008003b18                HAL_LTDC_GetState
 .text.LTDC_SetConfig
                0x0000000008003b34      0x340 Core/Src/stm32f7xx_hal_ltdc.o
 .text.HAL_MspInit
                0x0000000008003e74       0x54 Core/Src/stm32f7xx_hal_msp.o
                0x0000000008003e74                HAL_MspInit
 .text.HAL_CRC_MspInit
                0x0000000008003ec8       0x40 Core/Src/stm32f7xx_hal_msp.o
                0x0000000008003ec8                HAL_CRC_MspInit
 .text.HAL_DMA2D_MspInit
                0x0000000008003f08       0x40 Core/Src/stm32f7xx_hal_msp.o
                0x0000000008003f08                HAL_DMA2D_MspInit
 .text.HAL_RTC_MspInit
                0x0000000008003f48       0x34 Core/Src/stm32f7xx_hal_msp.o
                0x0000000008003f48                HAL_RTC_MspInit
 .text.HAL_TIM_IC_MspInit
                0x0000000008003f7c       0x94 Core/Src/stm32f7xx_hal_msp.o
                0x0000000008003f7c                HAL_TIM_IC_MspInit
 .text.HAL_SDRAM_Init
                0x0000000008004010       0x68 Core/Src/stm32f7xx_hal_sdram.o
                0x0000000008004010                HAL_SDRAM_Init
 .text.HAL_SDRAM_MspInit
                0x0000000008004078       0x14 Core/Src/stm32f7xx_hal_sdram.o
                0x0000000008004078                HAL_SDRAM_MspInit
 .text.HAL_SDRAM_SendCommand
                0x000000000800408c       0x56 Core/Src/stm32f7xx_hal_sdram.o
                0x000000000800408c                HAL_SDRAM_SendCommand
 .text.HAL_SDRAM_ProgramRefreshRate
                0x00000000080040e2       0x40 Core/Src/stm32f7xx_hal_sdram.o
                0x00000000080040e2                HAL_SDRAM_ProgramRefreshRate
 .text.NMI_Handler
                0x0000000008004122        0x6 Core/Src/stm32f7xx_it.o
                0x0000000008004122                NMI_Handler
 .text.HardFault_Handler
                0x0000000008004128        0x6 Core/Src/stm32f7xx_it.o
                0x0000000008004128                HardFault_Handler
 .text.MemManage_Handler
                0x000000000800412e        0x6 Core/Src/stm32f7xx_it.o
                0x000000000800412e                MemManage_Handler
 .text.BusFault_Handler
                0x0000000008004134        0x6 Core/Src/stm32f7xx_it.o
                0x0000000008004134                BusFault_Handler
 .text.UsageFault_Handler
                0x000000000800413a        0x6 Core/Src/stm32f7xx_it.o
                0x000000000800413a                UsageFault_Handler
 .text.SVC_Handler
                0x0000000008004140        0xe Core/Src/stm32f7xx_it.o
                0x0000000008004140                SVC_Handler
 .text.DebugMon_Handler
                0x000000000800414e        0xe Core/Src/stm32f7xx_it.o
                0x000000000800414e                DebugMon_Handler
 .text.PendSV_Handler
                0x000000000800415c        0xe Core/Src/stm32f7xx_it.o
                0x000000000800415c                PendSV_Handler
 .text.SysTick_Handler
                0x000000000800416a        0xc Core/Src/stm32f7xx_it.o
                0x000000000800416a                SysTick_Handler
 .text.PVD_IRQHandler
                0x0000000008004176        0xc Core/Src/stm32f7xx_it.o
                0x0000000008004176                PVD_IRQHandler
 *fill*         0x0000000008004182        0x2 
 .text.TIM2_IRQHandler
                0x0000000008004184       0x14 Core/Src/stm32f7xx_it.o
                0x0000000008004184                TIM2_IRQHandler
 .text.LTDC_IRQHandler
                0x0000000008004198       0x14 Core/Src/stm32f7xx_it.o
                0x0000000008004198                LTDC_IRQHandler
 .text.FMC_SDRAM_Init
                0x00000000080041ac       0xe4 Core/Src/stm32f7xx_ll_fmc.o
                0x00000000080041ac                FMC_SDRAM_Init
 .text.FMC_SDRAM_Timing_Init
                0x0000000008004290      0x100 Core/Src/stm32f7xx_ll_fmc.o
                0x0000000008004290                FMC_SDRAM_Timing_Init
 .text.FMC_SDRAM_SendCommand
                0x0000000008004390       0x42 Core/Src/stm32f7xx_ll_fmc.o
                0x0000000008004390                FMC_SDRAM_SendCommand
 .text.FMC_SDRAM_ProgramRefreshRate
                0x00000000080043d2       0x26 Core/Src/stm32f7xx_ll_fmc.o
                0x00000000080043d2                FMC_SDRAM_ProgramRefreshRate
 .text._sbrk    0x00000000080043f8       0x6c Core/Src/sysmem.o
                0x00000000080043f8                _sbrk
 .text.SystemInit
                0x0000000008004464       0x24 Core/Src/system_stm32f7xx.o
                0x0000000008004464                SystemInit
 .text.Reset_Handler
                0x0000000008004488       0x50 Core/Startup/startup_stm32f746nghx.o
                0x0000000008004488                Reset_Handler
 .text.Default_Handler
                0x00000000080044d8        0x2 Core/Startup/startup_stm32f746nghx.o
                0x00000000080044d8                RTC_Alarm_IRQHandler
                0x00000000080044d8                EXTI2_IRQHandler
                0x00000000080044d8                TIM8_CC_IRQHandler
                0x00000000080044d8                UART8_IRQHandler
                0x00000000080044d8                SPI4_IRQHandler
                0x00000000080044d8                TIM1_CC_IRQHandler
                0x00000000080044d8                DMA2_Stream5_IRQHandler
                0x00000000080044d8                DMA1_Stream5_IRQHandler
                0x00000000080044d8                TAMP_STAMP_IRQHandler
                0x00000000080044d8                CAN2_RX1_IRQHandler
                0x00000000080044d8                EXTI3_IRQHandler
                0x00000000080044d8                TIM8_TRG_COM_TIM14_IRQHandler
                0x00000000080044d8                TIM1_UP_TIM10_IRQHandler
                0x00000000080044d8                TIM8_UP_TIM13_IRQHandler
                0x00000000080044d8                I2C3_ER_IRQHandler
                0x00000000080044d8                EXTI0_IRQHandler
                0x00000000080044d8                I2C2_EV_IRQHandler
                0x00000000080044d8                DMA1_Stream2_IRQHandler
                0x00000000080044d8                CAN1_RX0_IRQHandler
                0x00000000080044d8                FPU_IRQHandler
                0x00000000080044d8                OTG_HS_WKUP_IRQHandler
                0x00000000080044d8                LTDC_ER_IRQHandler
                0x00000000080044d8                CAN2_SCE_IRQHandler
                0x00000000080044d8                DMA2_Stream2_IRQHandler
                0x00000000080044d8                SPI1_IRQHandler
                0x00000000080044d8                TIM6_DAC_IRQHandler
                0x00000000080044d8                TIM1_BRK_TIM9_IRQHandler
                0x00000000080044d8                DCMI_IRQHandler
                0x00000000080044d8                CAN2_RX0_IRQHandler
                0x00000000080044d8                DMA2_Stream3_IRQHandler
                0x00000000080044d8                SAI2_IRQHandler
                0x00000000080044d8                USART6_IRQHandler
                0x00000000080044d8                USART3_IRQHandler
                0x00000000080044d8                CAN1_RX1_IRQHandler
                0x00000000080044d8                UART5_IRQHandler
                0x00000000080044d8                DMA2_Stream0_IRQHandler
                0x00000000080044d8                TIM4_IRQHandler
                0x00000000080044d8                QUADSPI_IRQHandler
                0x00000000080044d8                I2C1_EV_IRQHandler
                0x00000000080044d8                DMA1_Stream6_IRQHandler
                0x00000000080044d8                DMA1_Stream1_IRQHandler
                0x00000000080044d8                UART4_IRQHandler
                0x00000000080044d8                TIM3_IRQHandler
                0x00000000080044d8                RCC_IRQHandler
                0x00000000080044d8                TIM8_BRK_TIM12_IRQHandler
                0x00000000080044d8                Default_Handler
                0x00000000080044d8                CEC_IRQHandler
                0x00000000080044d8                EXTI15_10_IRQHandler
                0x00000000080044d8                ADC_IRQHandler
                0x00000000080044d8                DMA1_Stream7_IRQHandler
                0x00000000080044d8                SPI5_IRQHandler
                0x00000000080044d8                TIM7_IRQHandler
                0x00000000080044d8                SDMMC1_IRQHandler
                0x00000000080044d8                CAN2_TX_IRQHandler
                0x00000000080044d8                TIM5_IRQHandler
                0x00000000080044d8                DMA2_Stream7_IRQHandler
                0x00000000080044d8                I2C3_EV_IRQHandler
                0x00000000080044d8                EXTI9_5_IRQHandler
                0x00000000080044d8                RTC_WKUP_IRQHandler
                0x00000000080044d8                ETH_WKUP_IRQHandler
                0x00000000080044d8                SPDIF_RX_IRQHandler
                0x00000000080044d8                SPI2_IRQHandler
                0x00000000080044d8                OTG_HS_EP1_IN_IRQHandler
                0x00000000080044d8                DMA1_Stream0_IRQHandler
                0x00000000080044d8                CAN1_TX_IRQHandler
                0x00000000080044d8                EXTI4_IRQHandler
                0x00000000080044d8                RNG_IRQHandler
                0x00000000080044d8                ETH_IRQHandler
                0x00000000080044d8                OTG_HS_EP1_OUT_IRQHandler
                0x00000000080044d8                WWDG_IRQHandler
                0x00000000080044d8                SPI6_IRQHandler
                0x00000000080044d8                I2C4_EV_IRQHandler
                0x00000000080044d8                OTG_FS_WKUP_IRQHandler
                0x00000000080044d8                TIM1_TRG_COM_TIM11_IRQHandler
                0x00000000080044d8                OTG_HS_IRQHandler
                0x00000000080044d8                DMA2D_IRQHandler
                0x00000000080044d8                EXTI1_IRQHandler
                0x00000000080044d8                UART7_IRQHandler
                0x00000000080044d8                USART2_IRQHandler
                0x00000000080044d8                I2C2_ER_IRQHandler
                0x00000000080044d8                DMA2_Stream1_IRQHandler
                0x00000000080044d8                CAN1_SCE_IRQHandler
                0x00000000080044d8                FLASH_IRQHandler
                0x00000000080044d8                DMA2_Stream4_IRQHandler
                0x00000000080044d8                USART1_IRQHandler
                0x00000000080044d8                OTG_FS_IRQHandler
                0x00000000080044d8                SPI3_IRQHandler
                0x00000000080044d8                DMA1_Stream4_IRQHandler
                0x00000000080044d8                I2C1_ER_IRQHandler
                0x00000000080044d8                FMC_IRQHandler
                0x00000000080044d8                LPTIM1_IRQHandler
                0x00000000080044d8                I2C4_ER_IRQHandler
                0x00000000080044d8                DMA2_Stream6_IRQHandler
                0x00000000080044d8                SAI1_IRQHandler
                0x00000000080044d8                DMA1_Stream3_IRQHandler
 .text.HAL_Init
                0x00000000080044da       0x1a Drivers/STM32F7xx_HAL_Driver/Src/stm32f7xx_hal.o
                0x00000000080044da                HAL_Init
 .text.HAL_InitTick
                0x00000000080044f4       0x60 Drivers/STM32F7xx_HAL_Driver/Src/stm32f7xx_hal.o
                0x00000000080044f4                HAL_InitTick
 .text.HAL_IncTick
                0x0000000008004554       0x28 Drivers/STM32F7xx_HAL_Driver/Src/stm32f7xx_hal.o
                0x0000000008004554                HAL_IncTick
 .text.HAL_GetTick
                0x000000000800457c       0x18 Drivers/STM32F7xx_HAL_Driver/Src/stm32f7xx_hal.o
                0x000000000800457c                HAL_GetTick
 .text.HAL_Delay
                0x0000000008004594       0x44 Drivers/STM32F7xx_HAL_Driver/Src/stm32f7xx_hal.o
                0x0000000008004594                HAL_Delay
 .text.__NVIC_SetPriorityGrouping
                0x00000000080045d8       0x48 Drivers/STM32F7xx_HAL_Driver/Src/stm32f7xx_hal_cortex.o
 .text.__NVIC_GetPriorityGrouping
                0x0000000008004620       0x1c Drivers/STM32F7xx_HAL_Driver/Src/stm32f7xx_hal_cortex.o
 .text.__NVIC_EnableIRQ
                0x000000000800463c       0x3c Drivers/STM32F7xx_HAL_Driver/Src/stm32f7xx_hal_cortex.o
 .text.__NVIC_SetPriority
                0x0000000008004678       0x54 Drivers/STM32F7xx_HAL_Driver/Src/stm32f7xx_hal_cortex.o
 .text.NVIC_EncodePriority
                0x00000000080046cc       0x66 Drivers/STM32F7xx_HAL_Driver/Src/stm32f7xx_hal_cortex.o
 *fill*         0x0000000008004732        0x2 
 .text.SysTick_Config
                0x0000000008004734       0x44 Drivers/STM32F7xx_HAL_Driver/Src/stm32f7xx_hal_cortex.o
 .text.HAL_NVIC_SetPriorityGrouping
                0x0000000008004778       0x16 Drivers/STM32F7xx_HAL_Driver/Src/stm32f7xx_hal_cortex.o
                0x0000000008004778                HAL_NVIC_SetPriorityGrouping
 .text.HAL_NVIC_SetPriority
                0x000000000800478e       0x38 Drivers/STM32F7xx_HAL_Driver/Src/stm32f7xx_hal_cortex.o
                0x000000000800478e                HAL_NVIC_SetPriority
 .text.HAL_NVIC_EnableIRQ
                0x00000000080047c6       0x1c Drivers/STM32F7xx_HAL_Driver/Src/stm32f7xx_hal_cortex.o
                0x00000000080047c6                HAL_NVIC_EnableIRQ
 .text.HAL_SYSTICK_Config
                0x00000000080047e2       0x18 Drivers/STM32F7xx_HAL_Driver/Src/stm32f7xx_hal_cortex.o
                0x00000000080047e2                HAL_SYSTICK_Config
 *fill*         0x00000000080047fa        0x2 
 .text.HAL_CRC_Init
                0x00000000080047fc       0xc8 Drivers/STM32F7xx_HAL_Driver/Src/stm32f7xx_hal_crc.o
                0x00000000080047fc                HAL_CRC_Init
 .text.HAL_CRCEx_Polynomial_Set
                0x00000000080048c4      0x10c Drivers/STM32F7xx_HAL_Driver/Src/stm32f7xx_hal_crc_ex.o
                0x00000000080048c4                HAL_CRCEx_Polynomial_Set
 .text.HAL_DMA_Init
                0x00000000080049d0      0x15c Drivers/STM32F7xx_HAL_Driver/Src/stm32f7xx_hal_dma.o
                0x00000000080049d0                HAL_DMA_Init
 .text.HAL_DMA_DeInit
                0x0000000008004b2c       0xbc Drivers/STM32F7xx_HAL_Driver/Src/stm32f7xx_hal_dma.o
                0x0000000008004b2c                HAL_DMA_DeInit
 .text.DMA_CalcBaseAndBitshift
                0x0000000008004be8       0x6c Drivers/STM32F7xx_HAL_Driver/Src/stm32f7xx_hal_dma.o
 .text.DMA_CheckFifoParam
                0x0000000008004c54       0xf4 Drivers/STM32F7xx_HAL_Driver/Src/stm32f7xx_hal_dma.o
 .text.HAL_DMA2D_Init
                0x0000000008004d48       0x94 Drivers/STM32F7xx_HAL_Driver/Src/stm32f7xx_hal_dma2d.o
                0x0000000008004d48                HAL_DMA2D_Init
 .text.HAL_DMA2D_Start
                0x0000000008004ddc       0x56 Drivers/STM32F7xx_HAL_Driver/Src/stm32f7xx_hal_dma2d.o
                0x0000000008004ddc                HAL_DMA2D_Start
 .text.HAL_DMA2D_PollForTransfer
                0x0000000008004e32      0x1d2 Drivers/STM32F7xx_HAL_Driver/Src/stm32f7xx_hal_dma2d.o
                0x0000000008004e32                HAL_DMA2D_PollForTransfer
 .text.HAL_DMA2D_ConfigLayer
                0x0000000008005004      0x124 Drivers/STM32F7xx_HAL_Driver/Src/stm32f7xx_hal_dma2d.o
                0x0000000008005004                HAL_DMA2D_ConfigLayer
 .text.DMA2D_SetConfig
                0x0000000008005128      0x138 Drivers/STM32F7xx_HAL_Driver/Src/stm32f7xx_hal_dma2d.o
 .text.HAL_FLASH_Program
                0x0000000008005260       0xb8 Drivers/STM32F7xx_HAL_Driver/Src/stm32f7xx_hal_flash.o
                0x0000000008005260                HAL_FLASH_Program
 .text.HAL_FLASH_Unlock
                0x0000000008005318       0x44 Drivers/STM32F7xx_HAL_Driver/Src/stm32f7xx_hal_flash.o
                0x0000000008005318                HAL_FLASH_Unlock
 .text.FLASH_WaitForLastOperation
                0x000000000800535c       0x80 Drivers/STM32F7xx_HAL_Driver/Src/stm32f7xx_hal_flash.o
                0x000000000800535c                FLASH_WaitForLastOperation
 .text.FLASH_Program_DoubleWord
                0x00000000080053dc       0x64 Drivers/STM32F7xx_HAL_Driver/Src/stm32f7xx_hal_flash.o
 .text.FLASH_Program_Word
                0x0000000008005440       0x48 Drivers/STM32F7xx_HAL_Driver/Src/stm32f7xx_hal_flash.o
 .text.FLASH_Program_HalfWord
                0x0000000008005488       0x4c Drivers/STM32F7xx_HAL_Driver/Src/stm32f7xx_hal_flash.o
 .text.FLASH_Program_Byte
                0x00000000080054d4       0x48 Drivers/STM32F7xx_HAL_Driver/Src/stm32f7xx_hal_flash.o
 .text.FLASH_SetErrorCode
                0x000000000800551c       0x94 Drivers/STM32F7xx_HAL_Driver/Src/stm32f7xx_hal_flash.o
 .text.HAL_FLASHEx_Erase
                0x00000000080055b0       0xd8 Drivers/STM32F7xx_HAL_Driver/Src/stm32f7xx_hal_flash_ex.o
                0x00000000080055b0                HAL_FLASHEx_Erase
 .text.FLASH_MassErase
                0x0000000008005688       0x48 Drivers/STM32F7xx_HAL_Driver/Src/stm32f7xx_hal_flash_ex.o
 .text.FLASH_Erase_Sector
                0x00000000080056d0       0x94 Drivers/STM32F7xx_HAL_Driver/Src/stm32f7xx_hal_flash_ex.o
                0x00000000080056d0                FLASH_Erase_Sector
 .text.HAL_GPIO_Init
                0x0000000008005764      0x354 Drivers/STM32F7xx_HAL_Driver/Src/stm32f7xx_hal_gpio.o
                0x0000000008005764                HAL_GPIO_Init
 .text.HAL_GPIO_WritePin
                0x0000000008005ab8       0x32 Drivers/STM32F7xx_HAL_Driver/Src/stm32f7xx_hal_gpio.o
                0x0000000008005ab8                HAL_GPIO_WritePin
 *fill*         0x0000000008005aea        0x2 
 .text.HAL_I2C_Init
                0x0000000008005aec      0x120 Drivers/STM32F7xx_HAL_Driver/Src/stm32f7xx_hal_i2c.o
                0x0000000008005aec                HAL_I2C_Init
 .text.HAL_I2C_DeInit
                0x0000000008005c0c       0x5e Drivers/STM32F7xx_HAL_Driver/Src/stm32f7xx_hal_i2c.o
                0x0000000008005c0c                HAL_I2C_DeInit
 .text.HAL_I2C_MspInit
                0x0000000008005c6a       0x14 Drivers/STM32F7xx_HAL_Driver/Src/stm32f7xx_hal_i2c.o
                0x0000000008005c6a                HAL_I2C_MspInit
 .text.HAL_I2C_MspDeInit
                0x0000000008005c7e       0x14 Drivers/STM32F7xx_HAL_Driver/Src/stm32f7xx_hal_i2c.o
                0x0000000008005c7e                HAL_I2C_MspDeInit
 *fill*         0x0000000008005c92        0x2 
 .text.HAL_I2C_Mem_Write
                0x0000000008005c94      0x228 Drivers/STM32F7xx_HAL_Driver/Src/stm32f7xx_hal_i2c.o
                0x0000000008005c94                HAL_I2C_Mem_Write
 .text.HAL_I2C_Mem_Read
                0x0000000008005ebc      0x234 Drivers/STM32F7xx_HAL_Driver/Src/stm32f7xx_hal_i2c.o
                0x0000000008005ebc                HAL_I2C_Mem_Read
 .text.HAL_I2C_GetState
                0x00000000080060f0       0x1c Drivers/STM32F7xx_HAL_Driver/Src/stm32f7xx_hal_i2c.o
                0x00000000080060f0                HAL_I2C_GetState
 .text.I2C_RequestMemoryWrite
                0x000000000800610c       0xa8 Drivers/STM32F7xx_HAL_Driver/Src/stm32f7xx_hal_i2c.o
 .text.I2C_RequestMemoryRead
                0x00000000080061b4       0xa8 Drivers/STM32F7xx_HAL_Driver/Src/stm32f7xx_hal_i2c.o
 .text.I2C_Flush_TXDR
                0x000000000800625c       0x48 Drivers/STM32F7xx_HAL_Driver/Src/stm32f7xx_hal_i2c.o
 .text.I2C_WaitOnFlagUntilTimeout
                0x00000000080062a4       0x80 Drivers/STM32F7xx_HAL_Driver/Src/stm32f7xx_hal_i2c.o
 .text.I2C_WaitOnTXISFlagUntilTimeout
                0x0000000008006324       0x80 Drivers/STM32F7xx_HAL_Driver/Src/stm32f7xx_hal_i2c.o
 .text.I2C_WaitOnSTOPFlagUntilTimeout
                0x00000000080063a4       0x78 Drivers/STM32F7xx_HAL_Driver/Src/stm32f7xx_hal_i2c.o
 .text.I2C_IsAcknowledgeFailed
                0x000000000800641c       0xcc Drivers/STM32F7xx_HAL_Driver/Src/stm32f7xx_hal_i2c.o
 .text.I2C_TransferConfig
                0x00000000080064e8       0x5c Drivers/STM32F7xx_HAL_Driver/Src/stm32f7xx_hal_i2c.o
 .text.HAL_PWR_EnableBkUpAccess
                0x0000000008006544       0x20 Drivers/STM32F7xx_HAL_Driver/Src/stm32f7xx_hal_pwr.o
                0x0000000008006544                HAL_PWR_EnableBkUpAccess
 .text.HAL_PWR_PVD_IRQHandler
                0x0000000008006564       0x24 Drivers/STM32F7xx_HAL_Driver/Src/stm32f7xx_hal_pwr.o
                0x0000000008006564                HAL_PWR_PVD_IRQHandler
 .text.HAL_PWREx_EnableOverDrive
                0x0000000008006588       0xa0 Drivers/STM32F7xx_HAL_Driver/Src/stm32f7xx_hal_pwr_ex.o
                0x0000000008006588                HAL_PWREx_EnableOverDrive
 .text.HAL_RCC_OscConfig
                0x0000000008006628      0x548 Drivers/STM32F7xx_HAL_Driver/Src/stm32f7xx_hal_rcc.o
                0x0000000008006628                HAL_RCC_OscConfig
 .text.HAL_RCC_ClockConfig
                0x0000000008006b70      0x1d8 Drivers/STM32F7xx_HAL_Driver/Src/stm32f7xx_hal_rcc.o
                0x0000000008006b70                HAL_RCC_ClockConfig
 .text.HAL_RCC_GetSysClockFreq
                0x0000000008006d48      0x164 Drivers/STM32F7xx_HAL_Driver/Src/stm32f7xx_hal_rcc.o
                0x0000000008006d48                HAL_RCC_GetSysClockFreq
 .text.HAL_RCCEx_PeriphCLKConfig
                0x0000000008006eac      0x7e0 Drivers/STM32F7xx_HAL_Driver/Src/stm32f7xx_hal_rcc_ex.o
                0x0000000008006eac                HAL_RCCEx_PeriphCLKConfig
 .text.HAL_RTC_Init
                0x000000000800768c      0x124 Drivers/STM32F7xx_HAL_Driver/Src/stm32f7xx_hal_rtc.o
                0x000000000800768c                HAL_RTC_Init
 .text.HAL_RTC_WaitForSynchro
                0x00000000080077b0       0x50 Drivers/STM32F7xx_HAL_Driver/Src/stm32f7xx_hal_rtc.o
                0x00000000080077b0                HAL_RTC_WaitForSynchro
 .text.RTC_EnterInitMode
                0x0000000008007800       0x58 Drivers/STM32F7xx_HAL_Driver/Src/stm32f7xx_hal_rtc.o
                0x0000000008007800                RTC_EnterInitMode
 .text.HAL_TIM_IC_Init
                0x0000000008007858       0xae Drivers/STM32F7xx_HAL_Driver/Src/stm32f7xx_hal_tim.o
                0x0000000008007858                HAL_TIM_IC_Init
 *fill*         0x0000000008007906        0x2 
 .text.HAL_TIM_IC_Start_IT
                0x0000000008007908      0x294 Drivers/STM32F7xx_HAL_Driver/Src/stm32f7xx_hal_tim.o
                0x0000000008007908                HAL_TIM_IC_Start_IT
 .text.HAL_TIM_IRQHandler
                0x0000000008007b9c      0x23e Drivers/STM32F7xx_HAL_Driver/Src/stm32f7xx_hal_tim.o
                0x0000000008007b9c                HAL_TIM_IRQHandler
 .text.HAL_TIM_IC_ConfigChannel
                0x0000000008007dda      0x128 Drivers/STM32F7xx_HAL_Driver/Src/stm32f7xx_hal_tim.o
                0x0000000008007dda                HAL_TIM_IC_ConfigChannel
 .text.HAL_TIM_PeriodElapsedCallback
                0x0000000008007f02       0x14 Drivers/STM32F7xx_HAL_Driver/Src/stm32f7xx_hal_tim.o
                0x0000000008007f02                HAL_TIM_PeriodElapsedCallback
 .text.HAL_TIM_OC_DelayElapsedCallback
                0x0000000008007f16       0x14 Drivers/STM32F7xx_HAL_Driver/Src/stm32f7xx_hal_tim.o
                0x0000000008007f16                HAL_TIM_OC_DelayElapsedCallback
 .text.HAL_TIM_IC_CaptureCallback
                0x0000000008007f2a       0x14 Drivers/STM32F7xx_HAL_Driver/Src/stm32f7xx_hal_tim.o
                0x0000000008007f2a                HAL_TIM_IC_CaptureCallback
 .text.HAL_TIM_PWM_PulseFinishedCallback
                0x0000000008007f3e       0x14 Drivers/STM32F7xx_HAL_Driver/Src/stm32f7xx_hal_tim.o
                0x0000000008007f3e                HAL_TIM_PWM_PulseFinishedCallback
 .text.HAL_TIM_TriggerCallback
                0x0000000008007f52       0x14 Drivers/STM32F7xx_HAL_Driver/Src/stm32f7xx_hal_tim.o
                0x0000000008007f52                HAL_TIM_TriggerCallback
 *fill*         0x0000000008007f66        0x2 
 .text.TIM_Base_SetConfig
                0x0000000008007f68      0x140 Drivers/STM32F7xx_HAL_Driver/Src/stm32f7xx_hal_tim.o
                0x0000000008007f68                TIM_Base_SetConfig
 .text.TIM_TI1_SetConfig
                0x00000000080080a8       0xe8 Drivers/STM32F7xx_HAL_Driver/Src/stm32f7xx_hal_tim.o
                0x00000000080080a8                TIM_TI1_SetConfig
 .text.TIM_TI2_SetConfig
                0x0000000008008190       0x7a Drivers/STM32F7xx_HAL_Driver/Src/stm32f7xx_hal_tim.o
 .text.TIM_TI3_SetConfig
                0x000000000800820a       0x78 Drivers/STM32F7xx_HAL_Driver/Src/stm32f7xx_hal_tim.o
 .text.TIM_TI4_SetConfig
                0x0000000008008282       0x7a Drivers/STM32F7xx_HAL_Driver/Src/stm32f7xx_hal_tim.o
 .text.TIM_CCxChannelCmd
                0x00000000080082fc       0x4a Drivers/STM32F7xx_HAL_Driver/Src/stm32f7xx_hal_tim.o
                0x00000000080082fc                TIM_CCxChannelCmd
 *fill*         0x0000000008008346        0x2 
 .text.HAL_TIMEx_MasterConfigSynchronization
                0x0000000008008348      0x11c Drivers/STM32F7xx_HAL_Driver/Src/stm32f7xx_hal_tim_ex.o
                0x0000000008008348                HAL_TIMEx_MasterConfigSynchronization
 .text.HAL_TIMEx_CommutCallback
                0x0000000008008464       0x14 Drivers/STM32F7xx_HAL_Driver/Src/stm32f7xx_hal_tim_ex.o
                0x0000000008008464                HAL_TIMEx_CommutCallback
 .text.HAL_TIMEx_BreakCallback
                0x0000000008008478       0x14 Drivers/STM32F7xx_HAL_Driver/Src/stm32f7xx_hal_tim_ex.o
                0x0000000008008478                HAL_TIMEx_BreakCallback
 .text.HAL_TIMEx_Break2Callback
                0x000000000800848c       0x14 Drivers/STM32F7xx_HAL_Driver/Src/stm32f7xx_hal_tim_ex.o
                0x000000000800848c                HAL_TIMEx_Break2Callback
 .text.__errno  0x00000000080084a0        0xc c:/st/stm32cubeide_1.5.1/stm32cubeide/plugins/com.st.stm32cube.ide.mcu.externaltools.gnu-tools-for-stm32.7-2018-q2-update.win32_1.5.0.202011040924/tools/bin/../lib/gcc/arm-none-eabi/7.3.1/../../../../arm-none-eabi/lib/thumb/v7e-m/fpv4-sp/hard\libc_nano.a(lib_a-errno.o)
                0x00000000080084a0                __errno
 .text.__libc_init_array
                0x00000000080084ac       0x48 c:/st/stm32cubeide_1.5.1/stm32cubeide/plugins/com.st.stm32cube.ide.mcu.externaltools.gnu-tools-for-stm32.7-2018-q2-update.win32_1.5.0.202011040924/tools/bin/../lib/gcc/arm-none-eabi/7.3.1/../../../../arm-none-eabi/lib/thumb/v7e-m/fpv4-sp/hard\libc_nano.a(lib_a-init.o)
                0x00000000080084ac                __libc_init_array
 .text.memset   0x00000000080084f4       0x10 c:/st/stm32cubeide_1.5.1/stm32cubeide/plugins/com.st.stm32cube.ide.mcu.externaltools.gnu-tools-for-stm32.7-2018-q2-update.win32_1.5.0.202011040924/tools/bin/../lib/gcc/arm-none-eabi/7.3.1/../../../../arm-none-eabi/lib/thumb/v7e-m/fpv4-sp/hard\libc_nano.a(lib_a-memset.o)
                0x00000000080084f4                memset
 .text.__cvt    0x0000000008008504       0xc2 c:/st/stm32cubeide_1.5.1/stm32cubeide/plugins/com.st.stm32cube.ide.mcu.externaltools.gnu-tools-for-stm32.7-2018-q2-update.win32_1.5.0.202011040924/tools/bin/../lib/gcc/arm-none-eabi/7.3.1/../../../../arm-none-eabi/lib/thumb/v7e-m/fpv4-sp/hard\libc_nano.a(lib_a-nano-vfprintf_float.o)
                0x0000000008008504                __cvt
 .text.__exponent
                0x00000000080085c6       0x66 c:/st/stm32cubeide_1.5.1/stm32cubeide/plugins/com.st.stm32cube.ide.mcu.externaltools.gnu-tools-for-stm32.7-2018-q2-update.win32_1.5.0.202011040924/tools/bin/../lib/gcc/arm-none-eabi/7.3.1/../../../../arm-none-eabi/lib/thumb/v7e-m/fpv4-sp/hard\libc_nano.a(lib_a-nano-vfprintf_float.o)
                0x00000000080085c6                __exponent
 .text._printf_float
                0x000000000800862c      0x480 c:/st/stm32cubeide_1.5.1/stm32cubeide/plugins/com.st.stm32cube.ide.mcu.externaltools.gnu-tools-for-stm32.7-2018-q2-update.win32_1.5.0.202011040924/tools/bin/../lib/gcc/arm-none-eabi/7.3.1/../../../../arm-none-eabi/lib/thumb/v7e-m/fpv4-sp/hard\libc_nano.a(lib_a-nano-vfprintf_float.o)
                0x000000000800862c                _printf_float
 .text._printf_common
                0x0000000008008aac       0xea c:/st/stm32cubeide_1.5.1/stm32cubeide/plugins/com.st.stm32cube.ide.mcu.externaltools.gnu-tools-for-stm32.7-2018-q2-update.win32_1.5.0.202011040924/tools/bin/../lib/gcc/arm-none-eabi/7.3.1/../../../../arm-none-eabi/lib/thumb/v7e-m/fpv4-sp/hard\libc_nano.a(lib_a-nano-vfprintf_i.o)
                0x0000000008008aac                _printf_common
 *fill*         0x0000000008008b96        0x2 
 .text._printf_i
                0x0000000008008b98      0x224 c:/st/stm32cubeide_1.5.1/stm32cubeide/plugins/com.st.stm32cube.ide.mcu.externaltools.gnu-tools-for-stm32.7-2018-q2-update.win32_1.5.0.202011040924/tools/bin/../lib/gcc/arm-none-eabi/7.3.1/../../../../arm-none-eabi/lib/thumb/v7e-m/fpv4-sp/hard\libc_nano.a(lib_a-nano-vfprintf_i.o)
                0x0000000008008b98                _printf_i
 .text.sprintf  0x0000000008008dbc       0x40 c:/st/stm32cubeide_1.5.1/stm32cubeide/plugins/com.st.stm32cube.ide.mcu.externaltools.gnu-tools-for-stm32.7-2018-q2-update.win32_1.5.0.202011040924/tools/bin/../lib/gcc/arm-none-eabi/7.3.1/../../../../arm-none-eabi/lib/thumb/v7e-m/fpv4-sp/hard\libc_nano.a(lib_a-sprintf.o)
                0x0000000008008dbc                siprintf
                0x0000000008008dbc                sprintf
 .text.quorem   0x0000000008008dfc      0x118 c:/st/stm32cubeide_1.5.1/stm32cubeide/plugins/com.st.stm32cube.ide.mcu.externaltools.gnu-tools-for-stm32.7-2018-q2-update.win32_1.5.0.202011040924/tools/bin/../lib/gcc/arm-none-eabi/7.3.1/../../../../arm-none-eabi/lib/thumb/v7e-m/fpv4-sp/hard\libc_nano.a(lib_a-dtoa.o)
 *fill*         0x0000000008008f14        0x4 
 .text._dtoa_r  0x0000000008008f18      0xb70 c:/st/stm32cubeide_1.5.1/stm32cubeide/plugins/com.st.stm32cube.ide.mcu.externaltools.gnu-tools-for-stm32.7-2018-q2-update.win32_1.5.0.202011040924/tools/bin/../lib/gcc/arm-none-eabi/7.3.1/../../../../arm-none-eabi/lib/thumb/v7e-m/fpv4-sp/hard\libc_nano.a(lib_a-dtoa.o)
                0x0000000008008f18                _dtoa_r
 .text._localeconv_r
                0x0000000008009a88       0x1c c:/st/stm32cubeide_1.5.1/stm32cubeide/plugins/com.st.stm32cube.ide.mcu.externaltools.gnu-tools-for-stm32.7-2018-q2-update.win32_1.5.0.202011040924/tools/bin/../lib/gcc/arm-none-eabi/7.3.1/../../../../arm-none-eabi/lib/thumb/v7e-m/fpv4-sp/hard\libc_nano.a(lib_a-localeconv.o)
                0x0000000008009a88                _localeconv_r
 .text.malloc   0x0000000008009aa4       0x10 c:/st/stm32cubeide_1.5.1/stm32cubeide/plugins/com.st.stm32cube.ide.mcu.externaltools.gnu-tools-for-stm32.7-2018-q2-update.win32_1.5.0.202011040924/tools/bin/../lib/gcc/arm-none-eabi/7.3.1/../../../../arm-none-eabi/lib/thumb/v7e-m/fpv4-sp/hard\libc_nano.a(lib_a-malloc.o)
                0x0000000008009aa4                malloc
 .text.memcpy   0x0000000008009ab4       0x16 c:/st/stm32cubeide_1.5.1/stm32cubeide/plugins/com.st.stm32cube.ide.mcu.externaltools.gnu-tools-for-stm32.7-2018-q2-update.win32_1.5.0.202011040924/tools/bin/../lib/gcc/arm-none-eabi/7.3.1/../../../../arm-none-eabi/lib/thumb/v7e-m/fpv4-sp/hard\libc_nano.a(lib_a-memcpy-stub.o)
                0x0000000008009ab4                memcpy
 .text._Balloc  0x0000000008009aca       0x68 c:/st/stm32cubeide_1.5.1/stm32cubeide/plugins/com.st.stm32cube.ide.mcu.externaltools.gnu-tools-for-stm32.7-2018-q2-update.win32_1.5.0.202011040924/tools/bin/../lib/gcc/arm-none-eabi/7.3.1/../../../../arm-none-eabi/lib/thumb/v7e-m/fpv4-sp/hard\libc_nano.a(lib_a-mprec.o)
                0x0000000008009aca                _Balloc
 .text._Bfree   0x0000000008009b32       0x2e c:/st/stm32cubeide_1.5.1/stm32cubeide/plugins/com.st.stm32cube.ide.mcu.externaltools.gnu-tools-for-stm32.7-2018-q2-update.win32_1.5.0.202011040924/tools/bin/../lib/gcc/arm-none-eabi/7.3.1/../../../../arm-none-eabi/lib/thumb/v7e-m/fpv4-sp/hard\libc_nano.a(lib_a-mprec.o)
                0x0000000008009b32                _Bfree
 .text.__multadd
                0x0000000008009b60       0x76 c:/st/stm32cubeide_1.5.1/stm32cubeide/plugins/com.st.stm32cube.ide.mcu.externaltools.gnu-tools-for-stm32.7-2018-q2-update.win32_1.5.0.202011040924/tools/bin/../lib/gcc/arm-none-eabi/7.3.1/../../../../arm-none-eabi/lib/thumb/v7e-m/fpv4-sp/hard\libc_nano.a(lib_a-mprec.o)
                0x0000000008009b60                __multadd
 .text.__hi0bits
                0x0000000008009bd6       0x3e c:/st/stm32cubeide_1.5.1/stm32cubeide/plugins/com.st.stm32cube.ide.mcu.externaltools.gnu-tools-for-stm32.7-2018-q2-update.win32_1.5.0.202011040924/tools/bin/../lib/gcc/arm-none-eabi/7.3.1/../../../../arm-none-eabi/lib/thumb/v7e-m/fpv4-sp/hard\libc_nano.a(lib_a-mprec.o)
                0x0000000008009bd6                __hi0bits
 .text.__lo0bits
                0x0000000008009c14       0x5e c:/st/stm32cubeide_1.5.1/stm32cubeide/plugins/com.st.stm32cube.ide.mcu.externaltools.gnu-tools-for-stm32.7-2018-q2-update.win32_1.5.0.202011040924/tools/bin/../lib/gcc/arm-none-eabi/7.3.1/../../../../arm-none-eabi/lib/thumb/v7e-m/fpv4-sp/hard\libc_nano.a(lib_a-mprec.o)
                0x0000000008009c14                __lo0bits
 .text.__i2b    0x0000000008009c72       0x12 c:/st/stm32cubeide_1.5.1/stm32cubeide/plugins/com.st.stm32cube.ide.mcu.externaltools.gnu-tools-for-stm32.7-2018-q2-update.win32_1.5.0.202011040924/tools/bin/../lib/gcc/arm-none-eabi/7.3.1/../../../../arm-none-eabi/lib/thumb/v7e-m/fpv4-sp/hard\libc_nano.a(lib_a-mprec.o)
                0x0000000008009c72                __i2b
 .text.__multiply
                0x0000000008009c84      0x12c c:/st/stm32cubeide_1.5.1/stm32cubeide/plugins/com.st.stm32cube.ide.mcu.externaltools.gnu-tools-for-stm32.7-2018-q2-update.win32_1.5.0.202011040924/tools/bin/../lib/gcc/arm-none-eabi/7.3.1/../../../../arm-none-eabi/lib/thumb/v7e-m/fpv4-sp/hard\libc_nano.a(lib_a-mprec.o)
                0x0000000008009c84                __multiply
 .text.__pow5mult
                0x0000000008009db0       0x9c c:/st/stm32cubeide_1.5.1/stm32cubeide/plugins/com.st.stm32cube.ide.mcu.externaltools.gnu-tools-for-stm32.7-2018-q2-update.win32_1.5.0.202011040924/tools/bin/../lib/gcc/arm-none-eabi/7.3.1/../../../../arm-none-eabi/lib/thumb/v7e-m/fpv4-sp/hard\libc_nano.a(lib_a-mprec.o)
                0x0000000008009db0                __pow5mult
 .text.__lshift
                0x0000000008009e4c       0xa8 c:/st/stm32cubeide_1.5.1/stm32cubeide/plugins/com.st.stm32cube.ide.mcu.externaltools.gnu-tools-for-stm32.7-2018-q2-update.win32_1.5.0.202011040924/tools/bin/../lib/gcc/arm-none-eabi/7.3.1/../../../../arm-none-eabi/lib/thumb/v7e-m/fpv4-sp/hard\libc_nano.a(lib_a-mprec.o)
                0x0000000008009e4c                __lshift
 .text.__mcmp   0x0000000008009ef4       0x34 c:/st/stm32cubeide_1.5.1/stm32cubeide/plugins/com.st.stm32cube.ide.mcu.externaltools.gnu-tools-for-stm32.7-2018-q2-update.win32_1.5.0.202011040924/tools/bin/../lib/gcc/arm-none-eabi/7.3.1/../../../../arm-none-eabi/lib/thumb/v7e-m/fpv4-sp/hard\libc_nano.a(lib_a-mprec.o)
                0x0000000008009ef4                __mcmp
 .text.__mdiff  0x0000000008009f28       0xba c:/st/stm32cubeide_1.5.1/stm32cubeide/plugins/com.st.stm32cube.ide.mcu.externaltools.gnu-tools-for-stm32.7-2018-q2-update.win32_1.5.0.202011040924/tools/bin/../lib/gcc/arm-none-eabi/7.3.1/../../../../arm-none-eabi/lib/thumb/v7e-m/fpv4-sp/hard\libc_nano.a(lib_a-mprec.o)
                0x0000000008009f28                __mdiff
 .text.__d2b    0x0000000008009fe2       0x9e c:/st/stm32cubeide_1.5.1/stm32cubeide/plugins/com.st.stm32cube.ide.mcu.externaltools.gnu-tools-for-stm32.7-2018-q2-update.win32_1.5.0.202011040924/tools/bin/../lib/gcc/arm-none-eabi/7.3.1/../../../../arm-none-eabi/lib/thumb/v7e-m/fpv4-sp/hard\libc_nano.a(lib_a-mprec.o)
                0x0000000008009fe2                __d2b
 .text._calloc_r
                0x000000000800a080       0x1c c:/st/stm32cubeide_1.5.1/stm32cubeide/plugins/com.st.stm32cube.ide.mcu.externaltools.gnu-tools-for-stm32.7-2018-q2-update.win32_1.5.0.202011040924/tools/bin/../lib/gcc/arm-none-eabi/7.3.1/../../../../arm-none-eabi/lib/thumb/v7e-m/fpv4-sp/hard\libc_nano.a(lib_a-nano-callocr.o)
                0x000000000800a080                _calloc_r
 .text._free_r  0x000000000800a09c       0x9c c:/st/stm32cubeide_1.5.1/stm32cubeide/plugins/com.st.stm32cube.ide.mcu.externaltools.gnu-tools-for-stm32.7-2018-q2-update.win32_1.5.0.202011040924/tools/bin/../lib/gcc/arm-none-eabi/7.3.1/../../../../arm-none-eabi/lib/thumb/v7e-m/fpv4-sp/hard\libc_nano.a(lib_a-nano-freer.o)
                0x000000000800a09c                _free_r
 .text._malloc_r
                0x000000000800a138       0xb4 c:/st/stm32cubeide_1.5.1/stm32cubeide/plugins/com.st.stm32cube.ide.mcu.externaltools.gnu-tools-for-stm32.7-2018-q2-update.win32_1.5.0.202011040924/tools/bin/../lib/gcc/arm-none-eabi/7.3.1/../../../../arm-none-eabi/lib/thumb/v7e-m/fpv4-sp/hard\libc_nano.a(lib_a-nano-mallocr.o)
                0x000000000800a138                _malloc_r
 .text.__ssputs_r
                0x000000000800a1ec       0xb4 c:/st/stm32cubeide_1.5.1/stm32cubeide/plugins/com.st.stm32cube.ide.mcu.externaltools.gnu-tools-for-stm32.7-2018-q2-update.win32_1.5.0.202011040924/tools/bin/../lib/gcc/arm-none-eabi/7.3.1/../../../../arm-none-eabi/lib/thumb/v7e-m/fpv4-sp/hard\libc_nano.a(lib_a-nano-svfprintf.o)
                0x000000000800a1ec                __ssputs_r
 .text._svfprintf_r
                0x000000000800a2a0      0x1f0 c:/st/stm32cubeide_1.5.1/stm32cubeide/plugins/com.st.stm32cube.ide.mcu.externaltools.gnu-tools-for-stm32.7-2018-q2-update.win32_1.5.0.202011040924/tools/bin/../lib/gcc/arm-none-eabi/7.3.1/../../../../arm-none-eabi/lib/thumb/v7e-m/fpv4-sp/hard\libc_nano.a(lib_a-nano-svfprintf.o)
                0x000000000800a2a0                _svfiprintf_r
                0x000000000800a2a0                _svfprintf_r
 .text._sbrk_r  0x000000000800a490       0x20 c:/st/stm32cubeide_1.5.1/stm32cubeide/plugins/com.st.stm32cube.ide.mcu.externaltools.gnu-tools-for-stm32.7-2018-q2-update.win32_1.5.0.202011040924/tools/bin/../lib/gcc/arm-none-eabi/7.3.1/../../../../arm-none-eabi/lib/thumb/v7e-m/fpv4-sp/hard\libc_nano.a(lib_a-sbrkr.o)
                0x000000000800a490                _sbrk_r
 .text.__ascii_mbtowc
                0x000000000800a4b0       0x24 c:/st/stm32cubeide_1.5.1/stm32cubeide/plugins/com.st.stm32cube.ide.mcu.externaltools.gnu-tools-for-stm32.7-2018-q2-update.win32_1.5.0.202011040924/tools/bin/../lib/gcc/arm-none-eabi/7.3.1/../../../../arm-none-eabi/lib/thumb/v7e-m/fpv4-sp/hard\libc_nano.a(lib_a-mbtowc_r.o)
                0x000000000800a4b0                __ascii_mbtowc
 .text.memmove  0x000000000800a4d4       0x32 c:/st/stm32cubeide_1.5.1/stm32cubeide/plugins/com.st.stm32cube.ide.mcu.externaltools.gnu-tools-for-stm32.7-2018-q2-update.win32_1.5.0.202011040924/tools/bin/../lib/gcc/arm-none-eabi/7.3.1/../../../../arm-none-eabi/lib/thumb/v7e-m/fpv4-sp/hard\libc_nano.a(lib_a-memmove.o)
                0x000000000800a4d4                memmove
 .text.__malloc_lock
                0x000000000800a506        0x2 c:/st/stm32cubeide_1.5.1/stm32cubeide/plugins/com.st.stm32cube.ide.mcu.externaltools.gnu-tools-for-stm32.7-2018-q2-update.win32_1.5.0.202011040924/tools/bin/../lib/gcc/arm-none-eabi/7.3.1/../../../../arm-none-eabi/lib/thumb/v7e-m/fpv4-sp/hard\libc_nano.a(lib_a-mlock.o)
                0x000000000800a506                __malloc_lock
 .text.__malloc_unlock
                0x000000000800a508        0x2 c:/st/stm32cubeide_1.5.1/stm32cubeide/plugins/com.st.stm32cube.ide.mcu.externaltools.gnu-tools-for-stm32.7-2018-q2-update.win32_1.5.0.202011040924/tools/bin/../lib/gcc/arm-none-eabi/7.3.1/../../../../arm-none-eabi/lib/thumb/v7e-m/fpv4-sp/hard\libc_nano.a(lib_a-mlock.o)
                0x000000000800a508                __malloc_unlock
 .text._realloc_r
                0x000000000800a50a       0x4c c:/st/stm32cubeide_1.5.1/stm32cubeide/plugins/com.st.stm32cube.ide.mcu.externaltools.gnu-tools-for-stm32.7-2018-q2-update.win32_1.5.0.202011040924/tools/bin/../lib/gcc/arm-none-eabi/7.3.1/../../../../arm-none-eabi/lib/thumb/v7e-m/fpv4-sp/hard\libc_nano.a(lib_a-nano-reallocr.o)
                0x000000000800a50a                _realloc_r
 .text.__ascii_wctomb
                0x000000000800a556       0x1a c:/st/stm32cubeide_1.5.1/stm32cubeide/plugins/com.st.stm32cube.ide.mcu.externaltools.gnu-tools-for-stm32.7-2018-q2-update.win32_1.5.0.202011040924/tools/bin/../lib/gcc/arm-none-eabi/7.3.1/../../../../arm-none-eabi/lib/thumb/v7e-m/fpv4-sp/hard\libc_nano.a(lib_a-wctomb_r.o)
                0x000000000800a556                __ascii_wctomb
 .text._malloc_usable_size_r
                0x000000000800a570       0x10 c:/st/stm32cubeide_1.5.1/stm32cubeide/plugins/com.st.stm32cube.ide.mcu.externaltools.gnu-tools-for-stm32.7-2018-q2-update.win32_1.5.0.202011040924/tools/bin/../lib/gcc/arm-none-eabi/7.3.1/../../../../arm-none-eabi/lib/thumb/v7e-m/fpv4-sp/hard\libc_nano.a(lib_a-nano-msizer.o)
                0x000000000800a570                _malloc_usable_size_r
 *(.glue_7)
 .glue_7        0x000000000800a580        0x0 linker stubs
 *(.glue_7t)
 .glue_7t       0x000000000800a580        0x0 linker stubs
 *(.eh_frame)
 .eh_frame      0x000000000800a580        0x0 c:/st/stm32cubeide_1.5.1/stm32cubeide/plugins/com.st.stm32cube.ide.mcu.externaltools.gnu-tools-for-stm32.7-2018-q2-update.win32_1.5.0.202011040924/tools/bin/../lib/gcc/arm-none-eabi/7.3.1/thumb/v7e-m/fpv4-sp/hard/crtbegin.o
 *(.init)
 .init          0x000000000800a580        0x4 c:/st/stm32cubeide_1.5.1/stm32cubeide/plugins/com.st.stm32cube.ide.mcu.externaltools.gnu-tools-for-stm32.7-2018-q2-update.win32_1.5.0.202011040924/tools/bin/../lib/gcc/arm-none-eabi/7.3.1/thumb/v7e-m/fpv4-sp/hard/crti.o
                0x000000000800a580                _init
 .init          0x000000000800a584        0x8 c:/st/stm32cubeide_1.5.1/stm32cubeide/plugins/com.st.stm32cube.ide.mcu.externaltools.gnu-tools-for-stm32.7-2018-q2-update.win32_1.5.0.202011040924/tools/bin/../lib/gcc/arm-none-eabi/7.3.1/thumb/v7e-m/fpv4-sp/hard/crtn.o
 *(.fini)
 .fini          0x000000000800a58c        0x4 c:/st/stm32cubeide_1.5.1/stm32cubeide/plugins/com.st.stm32cube.ide.mcu.externaltools.gnu-tools-for-stm32.7-2018-q2-update.win32_1.5.0.202011040924/tools/bin/../lib/gcc/arm-none-eabi/7.3.1/thumb/v7e-m/fpv4-sp/hard/crti.o
                0x000000000800a58c                _fini
 .fini          0x000000000800a590        0x8 c:/st/stm32cubeide_1.5.1/stm32cubeide/plugins/com.st.stm32cube.ide.mcu.externaltools.gnu-tools-for-stm32.7-2018-q2-update.win32_1.5.0.202011040924/tools/bin/../lib/gcc/arm-none-eabi/7.3.1/thumb/v7e-m/fpv4-sp/hard/crtn.o
                0x000000000800a598                . = ALIGN (0x4)
                0x000000000800a598                _etext = .

.vfp11_veneer   0x000000000800a598        0x0
 .vfp11_veneer  0x000000000800a598        0x0 linker stubs

.v4_bx          0x000000000800a598        0x0
 .v4_bx         0x000000000800a598        0x0 linker stubs

.iplt           0x000000000800a598        0x0
 .iplt          0x000000000800a598        0x0 c:/st/stm32cubeide_1.5.1/stm32cubeide/plugins/com.st.stm32cube.ide.mcu.externaltools.gnu-tools-for-stm32.7-2018-q2-update.win32_1.5.0.202011040924/tools/bin/../lib/gcc/arm-none-eabi/7.3.1/thumb/v7e-m/fpv4-sp/hard/crtbegin.o

.rodata         0x000000000800a598     0x1d40
                0x000000000800a598                . = ALIGN (0x4)
 *(.rodata)
 .rodata        0x000000000800a598       0x10 Core/Src/main.o
 *(.rodata*)
 .rodata.Font24_Table
                0x000000000800a5a8     0x1ab8 Core/Src/font24.o
                0x000000000800a5a8                Font24_Table
 .rodata.AHBPrescTable
                0x000000000800c060       0x10 Core/Src/system_stm32f7xx.o
                0x000000000800c060                AHBPrescTable
 .rodata.flagBitshiftOffset.9613
                0x000000000800c070        0x8 Drivers/STM32F7xx_HAL_Driver/Src/stm32f7xx_hal_dma.o
 .rodata._printf_float.str1.1
                0x000000000800c078       0x12 c:/st/stm32cubeide_1.5.1/stm32cubeide/plugins/com.st.stm32cube.ide.mcu.externaltools.gnu-tools-for-stm32.7-2018-q2-update.win32_1.5.0.202011040924/tools/bin/../lib/gcc/arm-none-eabi/7.3.1/../../../../arm-none-eabi/lib/thumb/v7e-m/fpv4-sp/hard\libc_nano.a(lib_a-nano-vfprintf_float.o)
 .rodata._printf_i.str1.1
                0x000000000800c08a       0x22 c:/st/stm32cubeide_1.5.1/stm32cubeide/plugins/com.st.stm32cube.ide.mcu.externaltools.gnu-tools-for-stm32.7-2018-q2-update.win32_1.5.0.202011040924/tools/bin/../lib/gcc/arm-none-eabi/7.3.1/../../../../arm-none-eabi/lib/thumb/v7e-m/fpv4-sp/hard\libc_nano.a(lib_a-nano-vfprintf_i.o)
 .rodata._dtoa_r.str1.1
                0x000000000800c0ac        0xd c:/st/stm32cubeide_1.5.1/stm32cubeide/plugins/com.st.stm32cube.ide.mcu.externaltools.gnu-tools-for-stm32.7-2018-q2-update.win32_1.5.0.202011040924/tools/bin/../lib/gcc/arm-none-eabi/7.3.1/../../../../arm-none-eabi/lib/thumb/v7e-m/fpv4-sp/hard\libc_nano.a(lib_a-dtoa.o)
                                          0xf (size before relaxing)
 *fill*         0x000000000800c0b9        0x7 
 .rodata.__mprec_bigtens
                0x000000000800c0c0       0x28 c:/st/stm32cubeide_1.5.1/stm32cubeide/plugins/com.st.stm32cube.ide.mcu.externaltools.gnu-tools-for-stm32.7-2018-q2-update.win32_1.5.0.202011040924/tools/bin/../lib/gcc/arm-none-eabi/7.3.1/../../../../arm-none-eabi/lib/thumb/v7e-m/fpv4-sp/hard\libc_nano.a(lib_a-mprec.o)
                0x000000000800c0c0                __mprec_bigtens
 .rodata.__mprec_tens
                0x000000000800c0e8       0xc8 c:/st/stm32cubeide_1.5.1/stm32cubeide/plugins/com.st.stm32cube.ide.mcu.externaltools.gnu-tools-for-stm32.7-2018-q2-update.win32_1.5.0.202011040924/tools/bin/../lib/gcc/arm-none-eabi/7.3.1/../../../../arm-none-eabi/lib/thumb/v7e-m/fpv4-sp/hard\libc_nano.a(lib_a-mprec.o)
                0x000000000800c0e8                __mprec_tens
 .rodata.p05.7359
                0x000000000800c1b0        0xc c:/st/stm32cubeide_1.5.1/stm32cubeide/plugins/com.st.stm32cube.ide.mcu.externaltools.gnu-tools-for-stm32.7-2018-q2-update.win32_1.5.0.202011040924/tools/bin/../lib/gcc/arm-none-eabi/7.3.1/../../../../arm-none-eabi/lib/thumb/v7e-m/fpv4-sp/hard\libc_nano.a(lib_a-mprec.o)
 .rodata._svfprintf_r.str1.1
                0x000000000800c1bc       0x11 c:/st/stm32cubeide_1.5.1/stm32cubeide/plugins/com.st.stm32cube.ide.mcu.externaltools.gnu-tools-for-stm32.7-2018-q2-update.win32_1.5.0.202011040924/tools/bin/../lib/gcc/arm-none-eabi/7.3.1/../../../../arm-none-eabi/lib/thumb/v7e-m/fpv4-sp/hard\libc_nano.a(lib_a-nano-svfprintf.o)
 .rodata._setlocale_r.str1.1
                0x000000000800c1cd        0x8 c:/st/stm32cubeide_1.5.1/stm32cubeide/plugins/com.st.stm32cube.ide.mcu.externaltools.gnu-tools-for-stm32.7-2018-q2-update.win32_1.5.0.202011040924/tools/bin/../lib/gcc/arm-none-eabi/7.3.1/../../../../arm-none-eabi/lib/thumb/v7e-m/fpv4-sp/hard\libc_nano.a(lib_a-locale.o)
                                          0x9 (size before relaxing)
 .rodata.str1.1
                0x000000000800c1d5        0x2 c:/st/stm32cubeide_1.5.1/stm32cubeide/plugins/com.st.stm32cube.ide.mcu.externaltools.gnu-tools-for-stm32.7-2018-q2-update.win32_1.5.0.202011040924/tools/bin/../lib/gcc/arm-none-eabi/7.3.1/../../../../arm-none-eabi/lib/thumb/v7e-m/fpv4-sp/hard\libc_nano.a(lib_a-locale.o)
 .rodata._ctype_
                0x000000000800c1d7      0x101 c:/st/stm32cubeide_1.5.1/stm32cubeide/plugins/com.st.stm32cube.ide.mcu.externaltools.gnu-tools-for-stm32.7-2018-q2-update.win32_1.5.0.202011040924/tools/bin/../lib/gcc/arm-none-eabi/7.3.1/../../../../arm-none-eabi/lib/thumb/v7e-m/fpv4-sp/hard\libc_nano.a(lib_a-ctype_.o)
                0x000000000800c1d7                _ctype_
                0x000000000800c2d8                . = ALIGN (0x4)

.ARM.extab      0x000000000800c2d8        0x0
                0x000000000800c2d8                . = ALIGN (0x4)
 *(.ARM.extab* .gnu.linkonce.armextab.*)
                0x000000000800c2d8                . = ALIGN (0x4)

.ARM            0x000000000800c2d8        0x8
                0x000000000800c2d8                . = ALIGN (0x4)
                0x000000000800c2d8                __exidx_start = .
 *(.ARM.exidx*)
 .ARM.exidx     0x000000000800c2d8        0x8 c:/st/stm32cubeide_1.5.1/stm32cubeide/plugins/com.st.stm32cube.ide.mcu.externaltools.gnu-tools-for-stm32.7-2018-q2-update.win32_1.5.0.202011040924/tools/bin/../lib/gcc/arm-none-eabi/7.3.1/thumb/v7e-m/fpv4-sp/hard\libgcc.a(_udivmoddi4.o)
                0x000000000800c2e0                __exidx_end = .
                0x000000000800c2e0                . = ALIGN (0x4)

.rel.dyn        0x000000000800c2e0        0x0
 .rel.iplt      0x000000000800c2e0        0x0 c:/st/stm32cubeide_1.5.1/stm32cubeide/plugins/com.st.stm32cube.ide.mcu.externaltools.gnu-tools-for-stm32.7-2018-q2-update.win32_1.5.0.202011040924/tools/bin/../lib/gcc/arm-none-eabi/7.3.1/thumb/v7e-m/fpv4-sp/hard/crtbegin.o

.preinit_array  0x000000000800c2e0        0x0
                0x000000000800c2e0                . = ALIGN (0x4)
                0x000000000800c2e0                PROVIDE (__preinit_array_start = .)
 *(.preinit_array*)
                0x000000000800c2e0                PROVIDE (__preinit_array_end = .)
                0x000000000800c2e0                . = ALIGN (0x4)

.init_array     0x000000000800c2e0        0x4
                0x000000000800c2e0                . = ALIGN (0x4)
                0x000000000800c2e0                PROVIDE (__init_array_start = .)
 *(SORT_BY_NAME(.init_array.*))
 *(.init_array*)
 .init_array    0x000000000800c2e0        0x4 c:/st/stm32cubeide_1.5.1/stm32cubeide/plugins/com.st.stm32cube.ide.mcu.externaltools.gnu-tools-for-stm32.7-2018-q2-update.win32_1.5.0.202011040924/tools/bin/../lib/gcc/arm-none-eabi/7.3.1/thumb/v7e-m/fpv4-sp/hard/crtbegin.o
                0x000000000800c2e4                PROVIDE (__init_array_end = .)
                0x000000000800c2e4                . = ALIGN (0x4)

.fini_array     0x000000000800c2e4        0x4
                0x000000000800c2e4                . = ALIGN (0x4)
                [!provide]                        PROVIDE (__fini_array_start = .)
 *(SORT_BY_NAME(.fini_array.*))
 *(.fini_array*)
 .fini_array    0x000000000800c2e4        0x4 c:/st/stm32cubeide_1.5.1/stm32cubeide/plugins/com.st.stm32cube.ide.mcu.externaltools.gnu-tools-for-stm32.7-2018-q2-update.win32_1.5.0.202011040924/tools/bin/../lib/gcc/arm-none-eabi/7.3.1/thumb/v7e-m/fpv4-sp/hard/crtbegin.o
                [!provide]                        PROVIDE (__fini_array_end = .)
                0x000000000800c2e8                . = ALIGN (0x4)
                0x000000000800c2e8                _sidata = LOADADDR (.data)

.data           0x0000000020000000      0x210 load address 0x000000000800c2e8
                0x0000000020000000                . = ALIGN (0x4)
                0x0000000020000000                _sdata = .
 *(.data)
 *(.data*)
 .data.Font24   0x0000000020000000        0x8 Core/Src/font24.o
                0x0000000020000000                Font24
 .data.ft5336_ts_drv
                0x0000000020000008       0x28 Core/Src/ft5336.o
                0x0000000020000008                ft5336_ts_drv
 .data.sdramstatus.9529
                0x0000000020000030        0x1 Core/Src/stm32746g_discovery_sdram.o
 *fill*         0x0000000020000031        0x3 
 .data.SystemCoreClock
                0x0000000020000034        0x4 Core/Src/system_stm32f7xx.o
                0x0000000020000034                SystemCoreClock
 .data.uwTickPrio
                0x0000000020000038        0x4 Drivers/STM32F7xx_HAL_Driver/Src/stm32f7xx_hal.o
                0x0000000020000038                uwTickPrio
 .data.uwTickFreq
                0x000000002000003c        0x1 Drivers/STM32F7xx_HAL_Driver/Src/stm32f7xx_hal.o
                0x000000002000003c                uwTickFreq
 *fill*         0x000000002000003d        0x3 
 .data._impure_ptr
                0x0000000020000040        0x4 c:/st/stm32cubeide_1.5.1/stm32cubeide/plugins/com.st.stm32cube.ide.mcu.externaltools.gnu-tools-for-stm32.7-2018-q2-update.win32_1.5.0.202011040924/tools/bin/../lib/gcc/arm-none-eabi/7.3.1/../../../../arm-none-eabi/lib/thumb/v7e-m/fpv4-sp/hard\libc_nano.a(lib_a-impure.o)
                0x0000000020000040                _impure_ptr
 .data.impure_data
                0x0000000020000044       0x60 c:/st/stm32cubeide_1.5.1/stm32cubeide/plugins/com.st.stm32cube.ide.mcu.externaltools.gnu-tools-for-stm32.7-2018-q2-update.win32_1.5.0.202011040924/tools/bin/../lib/gcc/arm-none-eabi/7.3.1/../../../../arm-none-eabi/lib/thumb/v7e-m/fpv4-sp/hard\libc_nano.a(lib_a-impure.o)
 .data.__global_locale
                0x00000000200000a4      0x16c c:/st/stm32cubeide_1.5.1/stm32cubeide/plugins/com.st.stm32cube.ide.mcu.externaltools.gnu-tools-for-stm32.7-2018-q2-update.win32_1.5.0.202011040924/tools/bin/../lib/gcc/arm-none-eabi/7.3.1/../../../../arm-none-eabi/lib/thumb/v7e-m/fpv4-sp/hard\libc_nano.a(lib_a-locale.o)
                0x00000000200000a4                __global_locale
 *(.RamFunc)
 *(.RamFunc*)
                0x0000000020000210                . = ALIGN (0x4)
                0x0000000020000210                _edata = .

.igot.plt       0x0000000020000210        0x0 load address 0x000000000800c4f8
 .igot.plt      0x0000000020000210        0x0 c:/st/stm32cubeide_1.5.1/stm32cubeide/plugins/com.st.stm32cube.ide.mcu.externaltools.gnu-tools-for-stm32.7-2018-q2-update.win32_1.5.0.202011040924/tools/bin/../lib/gcc/arm-none-eabi/7.3.1/thumb/v7e-m/fpv4-sp/hard/crtbegin.o
                0x0000000020000210                . = ALIGN (0x4)

.bss            0x0000000020000210      0x470 load address 0x000000000800c4f8
                0x0000000020000210                _sbss = .
                0x0000000020000210                __bss_start__ = _sbss
 *(.bss)
 .bss           0x0000000020000210       0x1c c:/st/stm32cubeide_1.5.1/stm32cubeide/plugins/com.st.stm32cube.ide.mcu.externaltools.gnu-tools-for-stm32.7-2018-q2-update.win32_1.5.0.202011040924/tools/bin/../lib/gcc/arm-none-eabi/7.3.1/thumb/v7e-m/fpv4-sp/hard/crtbegin.o
 *(.bss*)
 .bss.DataVar   0x000000002000022c        0x2 Core/Src/eeprom.o
                0x000000002000022c                DataVar
 *fill*         0x000000002000022e        0x2 
 .bss.ft5336_handle
                0x0000000020000230        0x3 Core/Src/ft5336.o
 *fill*         0x0000000020000233        0x1 
 .bss.coord.5529
                0x0000000020000234        0x2 Core/Src/ft5336.o
 *fill*         0x0000000020000236        0x2 
 .bss.counter1value_int
                0x0000000020000238        0x4 Core/Src/main.o
                0x0000000020000238                counter1value_int
 .bss.hI2cAudioHandler
                0x000000002000023c       0x4c Core/Src/stm32746g_discovery.o
 .bss.hDma2dHandler
                0x0000000020000288       0x40 Core/Src/stm32746g_discovery_lcd.o
 .bss.ActiveLayer
                0x00000000200002c8        0x4 Core/Src/stm32746g_discovery_lcd.o
 .bss.DrawProp  0x00000000200002cc       0x18 Core/Src/stm32746g_discovery_lcd.o
 .bss.periph_clk_init_struct.10096
                0x00000000200002e4       0x84 Core/Src/stm32746g_discovery_lcd.o
 .bss.Timing    0x0000000020000368       0x1c Core/Src/stm32746g_discovery_sdram.o
 .bss.Command   0x0000000020000384       0x10 Core/Src/stm32746g_discovery_sdram.o
 .bss.dma_handle.9565
                0x0000000020000394       0x60 Core/Src/stm32746g_discovery_sdram.o
 .bss.tsDriver  0x00000000200003f4        0x4 Core/Src/stm32746g_discovery_ts.o
 .bss.tsXBoundary
                0x00000000200003f8        0x2 Core/Src/stm32746g_discovery_ts.o
 .bss.tsYBoundary
                0x00000000200003fa        0x2 Core/Src/stm32746g_discovery_ts.o
 .bss.tsOrientation
                0x00000000200003fc        0x1 Core/Src/stm32746g_discovery_ts.o
 .bss.I2cAddress
                0x00000000200003fd        0x1 Core/Src/stm32746g_discovery_ts.o
 *fill*         0x00000000200003fe        0x2 
 .bss._x.9671   0x0000000020000400       0x14 Core/Src/stm32746g_discovery_ts.o
 .bss._y.9672   0x0000000020000414       0x14 Core/Src/stm32746g_discovery_ts.o
 .bss.__sbrk_heap_end
                0x0000000020000428        0x4 Core/Src/sysmem.o
 .bss.__malloc_free_list
                0x000000002000042c        0x4 c:/st/stm32cubeide_1.5.1/stm32cubeide/plugins/com.st.stm32cube.ide.mcu.externaltools.gnu-tools-for-stm32.7-2018-q2-update.win32_1.5.0.202011040924/tools/bin/../lib/gcc/arm-none-eabi/7.3.1/../../../../arm-none-eabi/lib/thumb/v7e-m/fpv4-sp/hard\libc_nano.a(lib_a-nano-mallocr.o)
                0x000000002000042c                __malloc_free_list
 .bss.__malloc_sbrk_start
                0x0000000020000430        0x4 c:/st/stm32cubeide_1.5.1/stm32cubeide/plugins/com.st.stm32cube.ide.mcu.externaltools.gnu-tools-for-stm32.7-2018-q2-update.win32_1.5.0.202011040924/tools/bin/../lib/gcc/arm-none-eabi/7.3.1/../../../../arm-none-eabi/lib/thumb/v7e-m/fpv4-sp/hard\libc_nano.a(lib_a-nano-mallocr.o)
                0x0000000020000430                __malloc_sbrk_start
 *(COMMON)
 COMMON         0x0000000020000434      0x149 Core/Src/main.o
                0x0000000020000434                tCounter
                0x0000000020000448                sConfigPVD
                0x0000000020000450                VirtAddVarTab
                0x0000000020000458                hcrc
                0x000000002000047c                counter_1_4
                0x0000000020000480                ts
                0x00000000200004ac                freq
                0x00000000200004b8                xTouchStr
                0x00000000200004c2                VarValue
                0x00000000200004c4                counter_1_2
                0x00000000200004c8                read
                0x00000000200004cc                counter_1_1
                0x00000000200004d0                hrtc
                0x00000000200004f0                hdma2d
                0x0000000020000530                htim2
                0x000000002000057c                counter_1_3
 *fill*         0x000000002000057d        0x3 
 COMMON         0x0000000020000580       0xa8 Core/Src/stm32746g_discovery_lcd.o
                0x0000000020000580                hLtdcHandler
 COMMON         0x0000000020000628       0x34 Core/Src/stm32746g_discovery_sdram.o
                0x0000000020000628                sdramHandle
 COMMON         0x000000002000065c        0x4 Drivers/STM32F7xx_HAL_Driver/Src/stm32f7xx_hal.o
                0x000000002000065c                uwTick
 COMMON         0x0000000020000660       0x1c Drivers/STM32F7xx_HAL_Driver/Src/stm32f7xx_hal_flash.o
                0x0000000020000660                pFlash
 COMMON         0x000000002000067c        0x4 c:/st/stm32cubeide_1.5.1/stm32cubeide/plugins/com.st.stm32cube.ide.mcu.externaltools.gnu-tools-for-stm32.7-2018-q2-update.win32_1.5.0.202011040924/tools/bin/../lib/gcc/arm-none-eabi/7.3.1/../../../../arm-none-eabi/lib/thumb/v7e-m/fpv4-sp/hard\libc_nano.a(lib_a-reent.o)
                0x000000002000067c                errno
                0x0000000020000680                . = ALIGN (0x4)
                0x0000000020000680                _ebss = .
                0x0000000020000680                __bss_end__ = _ebss

._user_heap_stack
                0x0000000020000680      0x600 load address 0x000000000800c4f8
                0x0000000020000680                . = ALIGN (0x8)
                [!provide]                        PROVIDE (end = .)
                0x0000000020000680                PROVIDE (_end = .)
                0x0000000020000880                . = (. + _Min_Heap_Size)
 *fill*         0x0000000020000680      0x200 
                0x0000000020000c80                . = (. + _Min_Stack_Size)
 *fill*         0x0000000020000880      0x400 
                0x0000000020000c80                . = ALIGN (0x8)

/DISCARD/
 libc.a(*)
 libm.a(*)
 libgcc.a(*)

.ARM.attributes
                0x0000000000000000       0x30
 *(.ARM.attributes)
 .ARM.attributes
                0x0000000000000000       0x22 c:/st/stm32cubeide_1.5.1/stm32cubeide/plugins/com.st.stm32cube.ide.mcu.externaltools.gnu-tools-for-stm32.7-2018-q2-update.win32_1.5.0.202011040924/tools/bin/../lib/gcc/arm-none-eabi/7.3.1/thumb/v7e-m/fpv4-sp/hard/crti.o
 .ARM.attributes
                0x0000000000000022       0x34 c:/st/stm32cubeide_1.5.1/stm32cubeide/plugins/com.st.stm32cube.ide.mcu.externaltools.gnu-tools-for-stm32.7-2018-q2-update.win32_1.5.0.202011040924/tools/bin/../lib/gcc/arm-none-eabi/7.3.1/thumb/v7e-m/fpv4-sp/hard/crtbegin.o
 .ARM.attributes
                0x0000000000000056       0x39 Core/Src/eeprom.o
 .ARM.attributes
                0x000000000000008f       0x39 Core/Src/font24.o
 .ARM.attributes
                0x00000000000000c8       0x39 Core/Src/ft5336.o
 .ARM.attributes
                0x0000000000000101       0x39 Core/Src/main.o
 .ARM.attributes
                0x000000000000013a       0x39 Core/Src/stm32746g_discovery.o
 .ARM.attributes
                0x0000000000000173       0x39 Core/Src/stm32746g_discovery_lcd.o
 .ARM.attributes
                0x00000000000001ac       0x39 Core/Src/stm32746g_discovery_sdram.o
 .ARM.attributes
                0x00000000000001e5       0x39 Core/Src/stm32746g_discovery_ts.o
 .ARM.attributes
                0x000000000000021e       0x39 Core/Src/stm32f7xx_hal_ltdc.o
 .ARM.attributes
                0x0000000000000257       0x39 Core/Src/stm32f7xx_hal_msp.o
 .ARM.attributes
                0x0000000000000290       0x39 Core/Src/stm32f7xx_hal_sdram.o
 .ARM.attributes
                0x00000000000002c9       0x39 Core/Src/stm32f7xx_it.o
 .ARM.attributes
                0x0000000000000302       0x39 Core/Src/stm32f7xx_ll_fmc.o
 .ARM.attributes
                0x000000000000033b       0x39 Core/Src/sysmem.o
 .ARM.attributes
                0x0000000000000374       0x39 Core/Src/system_stm32f7xx.o
 .ARM.attributes
                0x00000000000003ad       0x21 Core/Startup/startup_stm32f746nghx.o
 .ARM.attributes
                0x00000000000003ce       0x39 Drivers/STM32F7xx_HAL_Driver/Src/stm32f7xx_hal.o
 .ARM.attributes
                0x0000000000000407       0x39 Drivers/STM32F7xx_HAL_Driver/Src/stm32f7xx_hal_cortex.o
 .ARM.attributes
                0x0000000000000440       0x39 Drivers/STM32F7xx_HAL_Driver/Src/stm32f7xx_hal_crc.o
 .ARM.attributes
                0x0000000000000479       0x39 Drivers/STM32F7xx_HAL_Driver/Src/stm32f7xx_hal_crc_ex.o
 .ARM.attributes
                0x00000000000004b2       0x39 Drivers/STM32F7xx_HAL_Driver/Src/stm32f7xx_hal_dma.o
 .ARM.attributes
                0x00000000000004eb       0x39 Drivers/STM32F7xx_HAL_Driver/Src/stm32f7xx_hal_dma2d.o
 .ARM.attributes
                0x0000000000000524       0x39 Drivers/STM32F7xx_HAL_Driver/Src/stm32f7xx_hal_flash.o
 .ARM.attributes
                0x000000000000055d       0x39 Drivers/STM32F7xx_HAL_Driver/Src/stm32f7xx_hal_flash_ex.o
 .ARM.attributes
                0x0000000000000596       0x39 Drivers/STM32F7xx_HAL_Driver/Src/stm32f7xx_hal_gpio.o
 .ARM.attributes
                0x00000000000005cf       0x39 Drivers/STM32F7xx_HAL_Driver/Src/stm32f7xx_hal_i2c.o
 .ARM.attributes
                0x0000000000000608       0x39 Drivers/STM32F7xx_HAL_Driver/Src/stm32f7xx_hal_pwr.o
 .ARM.attributes
                0x0000000000000641       0x39 Drivers/STM32F7xx_HAL_Driver/Src/stm32f7xx_hal_pwr_ex.o
 .ARM.attributes
                0x000000000000067a       0x39 Drivers/STM32F7xx_HAL_Driver/Src/stm32f7xx_hal_rcc.o
 .ARM.attributes
                0x00000000000006b3       0x39 Drivers/STM32F7xx_HAL_Driver/Src/stm32f7xx_hal_rcc_ex.o
 .ARM.attributes
                0x00000000000006ec       0x39 Drivers/STM32F7xx_HAL_Driver/Src/stm32f7xx_hal_rtc.o
 .ARM.attributes
                0x0000000000000725       0x39 Drivers/STM32F7xx_HAL_Driver/Src/stm32f7xx_hal_tim.o
 .ARM.attributes
                0x000000000000075e       0x39 Drivers/STM32F7xx_HAL_Driver/Src/stm32f7xx_hal_tim_ex.o
 .ARM.attributes
                0x0000000000000797       0x34 c:/st/stm32cubeide_1.5.1/stm32cubeide/plugins/com.st.stm32cube.ide.mcu.externaltools.gnu-tools-for-stm32.7-2018-q2-update.win32_1.5.0.202011040924/tools/bin/../lib/gcc/arm-none-eabi/7.3.1/../../../../arm-none-eabi/lib/thumb/v7e-m/fpv4-sp/hard\libc_nano.a(lib_a-errno.o)
 .ARM.attributes
                0x00000000000007cb       0x34 c:/st/stm32cubeide_1.5.1/stm32cubeide/plugins/com.st.stm32cube.ide.mcu.externaltools.gnu-tools-for-stm32.7-2018-q2-update.win32_1.5.0.202011040924/tools/bin/../lib/gcc/arm-none-eabi/7.3.1/../../../../arm-none-eabi/lib/thumb/v7e-m/fpv4-sp/hard\libc_nano.a(lib_a-impure.o)
 .ARM.attributes
                0x00000000000007ff       0x34 c:/st/stm32cubeide_1.5.1/stm32cubeide/plugins/com.st.stm32cube.ide.mcu.externaltools.gnu-tools-for-stm32.7-2018-q2-update.win32_1.5.0.202011040924/tools/bin/../lib/gcc/arm-none-eabi/7.3.1/../../../../arm-none-eabi/lib/thumb/v7e-m/fpv4-sp/hard\libc_nano.a(lib_a-init.o)
 .ARM.attributes
                0x0000000000000833       0x34 c:/st/stm32cubeide_1.5.1/stm32cubeide/plugins/com.st.stm32cube.ide.mcu.externaltools.gnu-tools-for-stm32.7-2018-q2-update.win32_1.5.0.202011040924/tools/bin/../lib/gcc/arm-none-eabi/7.3.1/../../../../arm-none-eabi/lib/thumb/v7e-m/fpv4-sp/hard\libc_nano.a(lib_a-memset.o)
 .ARM.attributes
                0x0000000000000867       0x34 c:/st/stm32cubeide_1.5.1/stm32cubeide/plugins/com.st.stm32cube.ide.mcu.externaltools.gnu-tools-for-stm32.7-2018-q2-update.win32_1.5.0.202011040924/tools/bin/../lib/gcc/arm-none-eabi/7.3.1/../../../../arm-none-eabi/lib/thumb/v7e-m/fpv4-sp/hard\libc_nano.a(lib_a-nano-vfprintf_float.o)
 .ARM.attributes
                0x000000000000089b       0x34 c:/st/stm32cubeide_1.5.1/stm32cubeide/plugins/com.st.stm32cube.ide.mcu.externaltools.gnu-tools-for-stm32.7-2018-q2-update.win32_1.5.0.202011040924/tools/bin/../lib/gcc/arm-none-eabi/7.3.1/../../../../arm-none-eabi/lib/thumb/v7e-m/fpv4-sp/hard\libc_nano.a(lib_a-nano-vfprintf_i.o)
 .ARM.attributes
                0x00000000000008cf       0x34 c:/st/stm32cubeide_1.5.1/stm32cubeide/plugins/com.st.stm32cube.ide.mcu.externaltools.gnu-tools-for-stm32.7-2018-q2-update.win32_1.5.0.202011040924/tools/bin/../lib/gcc/arm-none-eabi/7.3.1/../../../../arm-none-eabi/lib/thumb/v7e-m/fpv4-sp/hard\libc_nano.a(lib_a-sprintf.o)
 .ARM.attributes
                0x0000000000000903       0x1b c:/st/stm32cubeide_1.5.1/stm32cubeide/plugins/com.st.stm32cube.ide.mcu.externaltools.gnu-tools-for-stm32.7-2018-q2-update.win32_1.5.0.202011040924/tools/bin/../lib/gcc/arm-none-eabi/7.3.1/../../../../arm-none-eabi/lib/thumb/v7e-m/fpv4-sp/hard\libc_nano.a(lib_a-strlen.o)
 .ARM.attributes
                0x000000000000091e       0x34 c:/st/stm32cubeide_1.5.1/stm32cubeide/plugins/com.st.stm32cube.ide.mcu.externaltools.gnu-tools-for-stm32.7-2018-q2-update.win32_1.5.0.202011040924/tools/bin/../lib/gcc/arm-none-eabi/7.3.1/../../../../arm-none-eabi/lib/thumb/v7e-m/fpv4-sp/hard\libc_nano.a(lib_a-dtoa.o)
 .ARM.attributes
                0x0000000000000952       0x34 c:/st/stm32cubeide_1.5.1/stm32cubeide/plugins/com.st.stm32cube.ide.mcu.externaltools.gnu-tools-for-stm32.7-2018-q2-update.win32_1.5.0.202011040924/tools/bin/../lib/gcc/arm-none-eabi/7.3.1/../../../../arm-none-eabi/lib/thumb/v7e-m/fpv4-sp/hard\libc_nano.a(lib_a-localeconv.o)
 .ARM.attributes
                0x0000000000000986       0x34 c:/st/stm32cubeide_1.5.1/stm32cubeide/plugins/com.st.stm32cube.ide.mcu.externaltools.gnu-tools-for-stm32.7-2018-q2-update.win32_1.5.0.202011040924/tools/bin/../lib/gcc/arm-none-eabi/7.3.1/../../../../arm-none-eabi/lib/thumb/v7e-m/fpv4-sp/hard\libc_nano.a(lib_a-malloc.o)
 .ARM.attributes
                0x00000000000009ba       0x20 c:/st/stm32cubeide_1.5.1/stm32cubeide/plugins/com.st.stm32cube.ide.mcu.externaltools.gnu-tools-for-stm32.7-2018-q2-update.win32_1.5.0.202011040924/tools/bin/../lib/gcc/arm-none-eabi/7.3.1/../../../../arm-none-eabi/lib/thumb/v7e-m/fpv4-sp/hard\libc_nano.a(lib_a-memchr.o)
 .ARM.attributes
                0x00000000000009da       0x34 c:/st/stm32cubeide_1.5.1/stm32cubeide/plugins/com.st.stm32cube.ide.mcu.externaltools.gnu-tools-for-stm32.7-2018-q2-update.win32_1.5.0.202011040924/tools/bin/../lib/gcc/arm-none-eabi/7.3.1/../../../../arm-none-eabi/lib/thumb/v7e-m/fpv4-sp/hard\libc_nano.a(lib_a-memcpy-stub.o)
 .ARM.attributes
                0x0000000000000a0e       0x34 c:/st/stm32cubeide_1.5.1/stm32cubeide/plugins/com.st.stm32cube.ide.mcu.externaltools.gnu-tools-for-stm32.7-2018-q2-update.win32_1.5.0.202011040924/tools/bin/../lib/gcc/arm-none-eabi/7.3.1/../../../../arm-none-eabi/lib/thumb/v7e-m/fpv4-sp/hard\libc_nano.a(lib_a-mprec.o)
 .ARM.attributes
                0x0000000000000a42       0x34 c:/st/stm32cubeide_1.5.1/stm32cubeide/plugins/com.st.stm32cube.ide.mcu.externaltools.gnu-tools-for-stm32.7-2018-q2-update.win32_1.5.0.202011040924/tools/bin/../lib/gcc/arm-none-eabi/7.3.1/../../../../arm-none-eabi/lib/thumb/v7e-m/fpv4-sp/hard\libc_nano.a(lib_a-nano-callocr.o)
 .ARM.attributes
                0x0000000000000a76       0x34 c:/st/stm32cubeide_1.5.1/stm32cubeide/plugins/com.st.stm32cube.ide.mcu.externaltools.gnu-tools-for-stm32.7-2018-q2-update.win32_1.5.0.202011040924/tools/bin/../lib/gcc/arm-none-eabi/7.3.1/../../../../arm-none-eabi/lib/thumb/v7e-m/fpv4-sp/hard\libc_nano.a(lib_a-nano-freer.o)
 .ARM.attributes
                0x0000000000000aaa       0x34 c:/st/stm32cubeide_1.5.1/stm32cubeide/plugins/com.st.stm32cube.ide.mcu.externaltools.gnu-tools-for-stm32.7-2018-q2-update.win32_1.5.0.202011040924/tools/bin/../lib/gcc/arm-none-eabi/7.3.1/../../../../arm-none-eabi/lib/thumb/v7e-m/fpv4-sp/hard\libc_nano.a(lib_a-nano-mallocr.o)
 .ARM.attributes
                0x0000000000000ade       0x34 c:/st/stm32cubeide_1.5.1/stm32cubeide/plugins/com.st.stm32cube.ide.mcu.externaltools.gnu-tools-for-stm32.7-2018-q2-update.win32_1.5.0.202011040924/tools/bin/../lib/gcc/arm-none-eabi/7.3.1/../../../../arm-none-eabi/lib/thumb/v7e-m/fpv4-sp/hard\libc_nano.a(lib_a-nano-svfprintf.o)
 .ARM.attributes
                0x0000000000000b12       0x34 c:/st/stm32cubeide_1.5.1/stm32cubeide/plugins/com.st.stm32cube.ide.mcu.externaltools.gnu-tools-for-stm32.7-2018-q2-update.win32_1.5.0.202011040924/tools/bin/../lib/gcc/arm-none-eabi/7.3.1/../../../../arm-none-eabi/lib/thumb/v7e-m/fpv4-sp/hard\libc_nano.a(lib_a-sbrkr.o)
 .ARM.attributes
                0x0000000000000b46       0x34 c:/st/stm32cubeide_1.5.1/stm32cubeide/plugins/com.st.stm32cube.ide.mcu.externaltools.gnu-tools-for-stm32.7-2018-q2-update.win32_1.5.0.202011040924/tools/bin/../lib/gcc/arm-none-eabi/7.3.1/../../../../arm-none-eabi/lib/thumb/v7e-m/fpv4-sp/hard\libc_nano.a(lib_a-locale.o)
 .ARM.attributes