HW_Init.c:86:6:MX_LCD_Init	64	static
HW_Init.c:140:6:MX_FMC_Init	40	static
HW_Init.c:192:6:MX_SDRAM_InitEx	16	static
HW_Init.c:248:6:MX_DMA2D_Init	8	static
HW_Init.c:274:6:HAL_LTDC_MspInit	64	static
HW_Init.c:368:6:HAL_LTDC_MspDeInit	16	static
HW_Init.c:433:13:HAL_FMC_MspInit	32	static
HW_Init.c:539:6:HAL_SDRAM_MspInit	16	static
HW_Init.c:551:13:HAL_FMC_MspDeInit	8	static
HW_Init.c:625:6:HAL_SDRAM_MspDeInit	16	static
HW_Init.c:635:6:HAL_DMA2D_MspInit	24	static
HW_Init.c:654:6:HAL_DMA2D_MspDeInit	16	static
