STemwin_wrapper.c:132:1:_Color2IndexBulk_M8888I_DMA2D	32	static
STemwin_wrapper.c:132:1:_Index2ColorBulk_M8888I_DMA2D	32	static
STemwin_wrapper.c:133:1:_Color2IndexBulk_M888_DMA2D	32	static
STemwin_wrapper.c:133:1:_Index2ColorBulk_M888_DMA2D	32	static
STemwin_wrapper.c:134:1:_Color2IndexBulk_M565_DMA2D	32	static
STemwin_wrapper.c:134:1:_Index2ColorBulk_M565_DMA2D	32	static
STemwin_wrapper.c:135:1:_Color2IndexBulk_M1555I_DMA2D	32	static
STemwin_wrapper.c:135:1:_Index2ColorBulk_M1555I_DMA2D	32	static
STemwin_wrapper.c:136:1:_Color2IndexBulk_M4444I_DMA2D	32	static
STemwin_wrapper.c:136:1:_Index2ColorBulk_M4444I_DMA2D	32	static
STemwin_wrapper.c:142:13:_DMA_ExecOperation	4	static
STemwin_wrapper.c:157:12:GetPixelformat	16	static
STemwin_wrapper.c:195:13:TransferComplete	16	static
STemwin_wrapper.c:205:6:DMA2D_Init	8	static
STemwin_wrapper.c:227:13:DMA2D_CopyBuffer	32	static
STemwin_wrapper.c:260:13:DMA2D_CopyBufferWithAlpha	32	static
STemwin_wrapper.c:303:13:DMA2D_FillBuffer	32	static
STemwin_wrapper.c:339:13:_DMA_ConvertColor	24	static
STemwin_wrapper.c:487:13:_DMA_Index2ColorBulk	32	static
STemwin_wrapper.c:512:13:_DMA_Color2IndexBulk	32	static
STemwin_wrapper.c:532:12:GetBufferSize	16	static
STemwin_wrapper.c:544:13:LCD_LL_CopyBuffer	72	static
STemwin_wrapper.c:566:13:LCD_LL_CopyRect	80	static
STemwin_wrapper.c:586:13:LCD_LL_FillRect	64	static
STemwin_wrapper.c:618:13:DMA2D_DrawBitmapL8	24	static
STemwin_wrapper.c:655:13:_DMA_DrawAlphaBitmap	24	static
STemwin_wrapper.c:682:13:_LCD_DrawBitmapAlpha	72	static
STemwin_wrapper.c:699:13:_LCD_DrawMemdevAlpha	48	static
STemwin_wrapper.c:718:6:LCD_LL_DrawBitmap16bpp	64	static
STemwin_wrapper.c:730:13:LCD_LL_DrawBitmap32bpp	64	static
STemwin_wrapper.c:753:13:LCD_LL_DrawBitmap8bpp	72	static
STemwin_wrapper.c:773:6:HAL_LTDC_LineEventCallback	32	static
STemwin_wrapper.c:807:6:LCD_X_Config	16	static
STemwin_wrapper.c:894:5:LCD_X_DisplayDriver	56	static
STemwin_wrapper.c:981:6:GRAPHICS_HW_Init	8	static
STemwin_wrapper.c:991:6:GRAPHICS_Init	8	static
