stm32f7xx_hal_msp.c:66:6:HAL_MspInit	16	static
stm32f7xx_hal_msp.c:90:6:HAL_ADC_MspInit	40	static
stm32f7xx_hal_msp.c:135:6:HAL_ADC_MspDeInit	8	static
stm32f7xx_hal_msp.c:171:6:HAL_CRC_MspInit	8	static
stm32f7xx_hal_msp.c:193:6:HAL_CRC_MspDeInit	0	static
stm32f7xx_hal_msp.c:215:6:HAL_DCMI_MspInit	64	static
stm32f7xx_hal_msp.c:293:6:HAL_DCMI_MspDeInit	8	static
stm32f7xx_hal_msp.c:340:6:HAL_I2C_MspInit	48	static
stm32f7xx_hal_msp.c:400:6:HAL_I2C_MspDeInit	8	static
stm32f7xx_hal_msp.c:447:6:HAL_QSPI_MspInit	72	static
stm32f7xx_hal_msp.c:510:6:HAL_QSPI_MspDeInit	8	static
stm32f7xx_hal_msp.c:547:6:HAL_RTC_MspInit	0	static
stm32f7xx_hal_msp.c:569:6:HAL_RTC_MspDeInit	0	static
stm32f7xx_hal_msp.c:591:6:HAL_SD_MspInit	48	static
stm32f7xx_hal_msp.c:640:6:HAL_SD_MspDeInit	8	static
stm32f7xx_hal_msp.c:676:6:HAL_SPDIFRX_MspInit	40	static
stm32f7xx_hal_msp.c:711:6:HAL_SPDIFRX_MspDeInit	8	static
stm32f7xx_hal_msp.c:739:6:HAL_TIM_Base_MspInit	56	static
stm32f7xx_hal_msp.c:821:6:HAL_TIM_PWM_MspInit	8	static
stm32f7xx_hal_msp.c:837:6:HAL_TIM_MspPostInit	48	static
stm32f7xx_hal_msp.c:931:6:HAL_TIM_Base_MspDeInit	8	static
stm32f7xx_hal_msp.c:1005:6:HAL_TIM_PWM_MspDeInit	0	static
stm32f7xx_hal_msp.c:1027:6:HAL_UART_MspInit	56	static
stm32f7xx_hal_msp.c:1095:6:HAL_UART_MspDeInit	8	static
stm32f7xx_hal_msp.c:1140:6:HAL_SAI_MspInit	40	static
stm32f7xx_hal_msp.c:1190:6:HAL_SAI_MspDeInit	8	static
