Archive member included to satisfy reference by file (symbol)

c:/st/stm32cubeide_1.5.1/stm32cubeide/plugins/com.st.stm32cube.ide.mcu.externaltools.gnu-tools-for-stm32.7-2018-q2-update.win32_1.5.0.202011040924/tools/bin/../lib/gcc/arm-none-eabi/7.3.1/../../../../arm-none-eabi/lib/thumb/v7e-m/fpv4-sp/hard\libc_nano.a(lib_a-errno.o)
                              Core/Src/syscalls.o (__errno)
c:/st/stm32cubeide_1.5.1/stm32cubeide/plugins/com.st.stm32cube.ide.mcu.externaltools.gnu-tools-for-stm32.7-2018-q2-update.win32_1.5.0.202011040924/tools/bin/../lib/gcc/arm-none-eabi/7.3.1/../../../../arm-none-eabi/lib/thumb/v7e-m/fpv4-sp/hard\libc_nano.a(lib_a-exit.o)
                              c:/st/stm32cubeide_1.5.1/stm32cubeide/plugins/com.st.stm32cube.ide.mcu.externaltools.gnu-tools-for-stm32.7-2018-q2-update.win32_1.5.0.202011040924/tools/bin/../lib/gcc/arm-none-eabi/7.3.1/../../../../arm-none-eabi/lib/thumb/v7e-m/fpv4-sp/hard/crt0.o (exit)
c:/st/stm32cubeide_1.5.1/stm32cubeide/plugins/com.st.stm32cube.ide.mcu.externaltools.gnu-tools-for-stm32.7-2018-q2-update.win32_1.5.0.202011040924/tools/bin/../lib/gcc/arm-none-eabi/7.3.1/../../../../arm-none-eabi/lib/thumb/v7e-m/fpv4-sp/hard\libc_nano.a(lib_a-impure.o)
                              c:/st/stm32cubeide_1.5.1/stm32cubeide/plugins/com.st.stm32cube.ide.mcu.externaltools.gnu-tools-for-stm32.7-2018-q2-update.win32_1.5.0.202011040924/tools/bin/../lib/gcc/arm-none-eabi/7.3.1/../../../../arm-none-eabi/lib/thumb/v7e-m/fpv4-sp/hard\libc_nano.a(lib_a-exit.o) (_global_impure_ptr)
c:/st/stm32cubeide_1.5.1/stm32cubeide/plugins/com.st.stm32cube.ide.mcu.externaltools.gnu-tools-for-stm32.7-2018-q2-update.win32_1.5.0.202011040924/tools/bin/../lib/gcc/arm-none-eabi/7.3.1/../../../../arm-none-eabi/lib/thumb/v7e-m/fpv4-sp/hard\libc_nano.a(lib_a-init.o)
                              c:/st/stm32cubeide_1.5.1/stm32cubeide/plugins/com.st.stm32cube.ide.mcu.externaltools.gnu-tools-for-stm32.7-2018-q2-update.win32_1.5.0.202011040924/tools/bin/../lib/gcc/arm-none-eabi/7.3.1/../../../../arm-none-eabi/lib/thumb/v7e-m/fpv4-sp/hard/crt0.o (__libc_init_array)
c:/st/stm32cubeide_1.5.1/stm32cubeide/plugins/com.st.stm32cube.ide.mcu.externaltools.gnu-tools-for-stm32.7-2018-q2-update.win32_1.5.0.202011040924/tools/bin/../lib/gcc/arm-none-eabi/7.3.1/../../../../arm-none-eabi/lib/thumb/v7e-m/fpv4-sp/hard\libc_nano.a(lib_a-memset.o)
                              c:/st/stm32cubeide_1.5.1/stm32cubeide/plugins/com.st.stm32cube.ide.mcu.externaltools.gnu-tools-for-stm32.7-2018-q2-update.win32_1.5.0.202011040924/tools/bin/../lib/gcc/arm-none-eabi/7.3.1/../../../../arm-none-eabi/lib/thumb/v7e-m/fpv4-sp/hard/crt0.o (memset)
c:/st/stm32cubeide_1.5.1/stm32cubeide/plugins/com.st.stm32cube.ide.mcu.externaltools.gnu-tools-for-stm32.7-2018-q2-update.win32_1.5.0.202011040924/tools/bin/../lib/gcc/arm-none-eabi/7.3.1/../../../../arm-none-eabi/lib/thumb/v7e-m/fpv4-sp/hard\libc_nano.a(lib_a-nano-vfprintf_float.o)
                              (_printf_float)
c:/st/stm32cubeide_1.5.1/stm32cubeide/plugins/com.st.stm32cube.ide.mcu.externaltools.gnu-tools-for-stm32.7-2018-q2-update.win32_1.5.0.202011040924/tools/bin/../lib/gcc/arm-none-eabi/7.3.1/../../../../arm-none-eabi/lib/thumb/v7e-m/fpv4-sp/hard\libc_nano.a(lib_a-nano-vfprintf_i.o)
                              c:/st/stm32cubeide_1.5.1/stm32cubeide/plugins/com.st.stm32cube.ide.mcu.externaltools.gnu-tools-for-stm32.7-2018-q2-update.win32_1.5.0.202011040924/tools/bin/../lib/gcc/arm-none-eabi/7.3.1/../../../../arm-none-eabi/lib/thumb/v7e-m/fpv4-sp/hard\libc_nano.a(lib_a-nano-vfprintf_float.o) (_printf_common)
c:/st/stm32cubeide_1.5.1/stm32cubeide/plugins/com.st.stm32cube.ide.mcu.externaltools.gnu-tools-for-stm32.7-2018-q2-update.win32_1.5.0.202011040924/tools/bin/../lib/gcc/arm-none-eabi/7.3.1/../../../../arm-none-eabi/lib/thumb/v7e-m/fpv4-sp/hard\libc_nano.a(lib_a-sprintf.o)
                              Core/Src/main.o (sprintf)
c:/st/stm32cubeide_1.5.1/stm32cubeide/plugins/com.st.stm32cube.ide.mcu.externaltools.gnu-tools-for-stm32.7-2018-q2-update.win32_1.5.0.202011040924/tools/bin/../lib/gcc/arm-none-eabi/7.3.1/../../../../arm-none-eabi/lib/thumb/v7e-m/fpv4-sp/hard\libc_nano.a(lib_a-strlen.o)
                              c:/st/stm32cubeide_1.5.1/stm32cubeide/plugins/com.st.stm32cube.ide.mcu.externaltools.gnu-tools-for-stm32.7-2018-q2-update.win32_1.5.0.202011040924/tools/bin/../lib/gcc/arm-none-eabi/7.3.1/../../../../arm-none-eabi/lib/thumb/v7e-m/fpv4-sp/hard\libc_nano.a(lib_a-nano-vfprintf_float.o) (strlen)
c:/st/stm32cubeide_1.5.1/stm32cubeide/plugins/com.st.stm32cube.ide.mcu.externaltools.gnu-tools-for-stm32.7-2018-q2-update.win32_1.5.0.202011040924/tools/bin/../lib/gcc/arm-none-eabi/7.3.1/../../../../arm-none-eabi/lib/thumb/v7e-m/fpv4-sp/hard\libc_nano.a(lib_a-dtoa.o)
[...]
Memory Configuration

Name             Origin             Length             Attributes
RAM              0x0000000020000000 0x0000000000050000 xrw
FLASH            0x0000000008000000 0x0000000000100000 xr
*default*        0x0000000000000000 0xffffffffffffffff

Linker script and memory map

LOAD c:/st/stm32cubeide_1.5.1/stm32cubeide/plugins/com.st.stm32cube.ide.mcu.externaltools.gnu-tools-for-stm32.7-2018-q2-update.win32_1.5.0.202011040924/tools/bin/../lib/gcc/arm-none-eabi/7.3.1/thumb/v7e-m/fpv4-sp/hard/crti.o
LOAD c:/st/stm32cubeide_1.5.1/stm32cubeide/plugins/com.st.stm32cube.ide.mcu.externaltools.gnu-tools-for-stm32.7-2018-q2-update.win32_1.5.0.202011040924/tools/bin/../lib/gcc/arm-none-eabi/7.3.1/thumb/v7e-m/fpv4-sp/hard/crtbegin.o
LOAD c:/st/stm32cubeide_1.5.1/stm32cubeide/plugins/com.st.stm32cube.ide.mcu.externaltools.gnu-tools-for-stm32.7-2018-q2-update.win32_1.5.0.202011040924/tools/bin/../lib/gcc/arm-none-eabi/7.3.1/../../../../arm-none-eabi/lib/thumb/v7e-m/fpv4-sp/hard/crt0.o
LOAD Core/Src/eeprom.o
LOAD Core/Src/font12.o
LOAD Core/Src/font16.o
LOAD Core/Src/font20.o
LOAD Core/Src/font24.o
LOAD Core/Src/font8.o
LOAD Core/Src/ft5336.o
LOAD Core/Src/main.o
LOAD Core/Src/stm32746g_discovery.o
LOAD Core/Src/stm32746g_discovery_lcd.o
LOAD Core/Src/stm32746g_discovery_sdram.o
LOAD Core/Src/stm32746g_discovery_ts.o
LOAD Core/Src/stm32f7xx_hal_ltdc.o
LOAD Core/Src/stm32f7xx_hal_ltdc_ex.o
LOAD Core/Src/stm32f7xx_hal_msp.o
LOAD Core/Src/stm32f7xx_hal_sdram.o
LOAD Core/Src/stm32f7xx_hal_uart.o
LOAD Core/Src/stm32f7xx_it.o
LOAD Core/Src/stm32f7xx_ll_fmc.o
LOAD Core/Src/syscalls.o
LOAD Core/Src/sysmem.o
LOAD Core/Src/system_stm32f7xx.o
LOAD Core/Startup/startup_stm32f746nghx.o
LOAD Drivers/STM32F7xx_HAL_Driver/Src/stm32f7xx_hal.o
LOAD Drivers/STM32F7xx_HAL_Driver/Src/stm32f7xx_hal_cortex.o
LOAD Drivers/STM32F7xx_HAL_Driver/Src/stm32f7xx_hal_crc.o
LOAD Drivers/STM32F7xx_HAL_Driver/Src/stm32f7xx_hal_crc_ex.o
LOAD Drivers/STM32F7xx_HAL_Driver/Src/stm32f7xx_hal_dma.o
LOAD Drivers/STM32F7xx_HAL_Driver/Src/stm32f7xx_hal_dma2d.o
LOAD Drivers/STM32F7xx_HAL_Driver/Src/stm32f7xx_hal_dma_ex.o
LOAD Drivers/STM32F7xx_HAL_Driver/Src/stm32f7xx_hal_exti.o
LOAD Drivers/STM32F7xx_HAL_Driver/Src/stm32f7xx_hal_flash.o
LOAD Drivers/STM32F7xx_HAL_Driver/Src/stm32f7xx_hal_flash_ex.o
LOAD Drivers/STM32F7xx_HAL_Driver/Src/stm32f7xx_hal_gpio.o
LOAD Drivers/STM32F7xx_HAL_Driver/Src/stm32f7xx_hal_i2c.o
LOAD Drivers/STM32F7xx_HAL_Driver/Src/stm32f7xx_hal_i2c_ex.o
LOAD Drivers/STM32F7xx_HAL_Driver/Src/stm32f7xx_hal_pwr.o
LOAD Drivers/STM32F7xx_HAL_Driver/Src/stm32f7xx_hal_pwr_ex.o
LOAD Drivers/STM32F7xx_HAL_Driver/Src/stm32f7xx_hal_rcc.o
LOAD Drivers/STM32F7xx_HAL_Driver/Src/stm32f7xx_hal_rcc_ex.o
LOAD Drivers/STM32F7xx_HAL_Driver/Src/stm32f7xx_hal_rtc.o
LOAD Drivers/STM32F7xx_HAL_Driver/Src/stm32f7xx_hal_rtc_ex.o
LOAD Drivers/STM32F7xx_HAL_Driver/Src/stm32f7xx_hal_tim.o
LOAD Drivers/STM32F7xx_HAL_Driver/Src/stm32f7xx_hal_tim_ex.o
START GROUP
LOAD c:/st/stm32cubeide_1.5.1/stm32cubeide/plugins/com.st.stm32cube.ide.mcu.externaltools.gnu-tools-for-stm32.7-2018-q2-update.win32_1.5.0.202011040924/tools/bin/../lib/gcc/arm-none-eabi/7.3.1/../../../../arm-none-eabi/lib/thumb/v7e-m/fpv4-sp/hard\libc_nano.a
LOAD c:/st/stm32cubeide_1.5.1/stm32cubeide/plugins/com.st.stm32cube.ide.mcu.externaltools.gnu-tools-for-stm32.7-2018-q2-update.win32_1.5.0.202011040924/tools/bin/../lib/gcc/arm-none-eabi/7.3.1/../../../../arm-none-eabi/lib/thumb/v7e-m/fpv4-sp/hard\libm.a
END GROUP
START GROUP
LOAD c:/st/stm32cubeide_1.5.1/stm32cubeide/plugins/com.st.stm32cube.ide.mcu.externaltools.gnu-tools-for-stm32.7-2018-q2-update.win32_1.5.0.202011040924/tools/bin/../lib/gcc/arm-none-eabi/7.3.1/thumb/v7e-m/fpv4-sp/hard\libgcc.a
LOAD c:/st/stm32cubeide_1.5.1/stm32cubeide/plugins/com.st.stm32cube.ide.mcu.externaltools.gnu-tools-for-stm32.7-2018-q2-update.win32_1.5.0.202011040924/tools/bin/../lib/gcc/arm-none-eabi/7.3.1/../../../../arm-none-eabi/lib/thumb/v7e-m/fpv4-sp/hard\libc_nano.a
END GROUP
START GROUP
LOAD c:/st/stm32cubeide_1.5.1/stm32cubeide/plugins/com.st.stm32cube.ide.mcu.externaltools.gnu-tools-for-stm32.7-2018-q2-update.win32_1.5.0.202011040924/tools/bin/../lib/gcc/arm-none-eabi/7.3.1/thumb/v7e-m/fpv4-sp/hard\libgcc.a
LOAD c:/st/stm32cubeide_1.5.1/stm32cubeide/plugins/com.st.stm32cube.ide.mcu.externaltools.gnu-tools-for-stm32.7-2018-q2-update.win32_1.5.0.202011040924/tools/bin/../lib/gcc/arm-none-eabi/7.3.1/../../../../arm-none-eabi/lib/thumb/v7e-m/fpv4-sp/hard\libc_nano.a
LOAD c:/st/stm32cubeide_1.5.1/stm32cubeide/plugins/com.st.stm32cube.ide.mcu.externaltools.gnu-tools-for-stm32.7-2018-q2-update.win32_1.5.0.202011040924/tools/bin/../lib/gcc/arm-none-eabi/7.3.1/../../../../arm-none-eabi/lib/thumb/v7e-m/fpv4-sp/hard\libnosys.a
END GROUP
START GROUP
LOAD c:/st/stm32cubeide_1.5.1/stm32cubeide/plugins/com.st.stm32cube.ide.mcu.externaltools.gnu-tools-for-stm32.7-2018-q2-update.win32_1.5.0.202011040924/tools/bin/../lib/gcc/arm-none-eabi/7.3.1/thumb/v7e-m/fpv4-sp/hard\libgcc.a
LOAD c:/st/stm32cubeide_1.5.1/stm32cubeide/plugins/com.st.stm32cube.ide.mcu.externaltools.gnu-tools-for-stm32.7-2018-q2-update.win32_1.5.0.202011040924/tools/bin/../lib/gcc/arm-none-eabi/7.3.1/../../../../arm-none-eabi/lib/thumb/v7e-m/fpv4-sp/hard\libc_nano.a
LOAD c:/st/stm32cubeide_1.5.1/stm32cubeide/plugins/com.st.stm32cube.ide.mcu.externaltools.gnu-tools-for-stm32.7-2018-q2-update.win32_1.5.0.202011040924/tools/bin/../lib/gcc/arm-none-eabi/7.3.1/../../../../arm-none-eabi/lib/thumb/v7e-m/fpv4-sp/hard\libnosys.a
END GROUP
LOAD c:/st/stm32cubeide_1.5.1/stm32cubeide/plugins/com.st.stm32cube.ide.mcu.externaltools.gnu-tools-for-stm32.7-2018-q2-update.win32_1.5.0.202011040924/tools/bin/../lib/gcc/arm-none-eabi/7.3.1/thumb/v7e-m/fpv4-sp/hard/crtend.o
LOAD c:/st/stm32cubeide_1.5.1/stm32cubeide/plugins/com.st.stm32cube.ide.mcu.externaltools.gnu-tools-for-stm32.7-2018-q2-update.win32_1.5.0.202011040924/tools/bin/../lib/gcc/arm-none-eabi/7.3.1/thumb/v7e-m/fpv4-sp/hard/crtn.o
                0x0000000020050000                _estack = (ORIGIN (RAM) + LENGTH (RAM))
                0x0000000000000200                _Min_Heap_Size = 0x200
                0x0000000000000400                _Min_Stack_Size = 0x400

.isr_vector     0x0000000008000000      0x1c8
                0x0000000008000000                . = ALIGN (0x4)
 *(.isr_vector)
 .isr_vector    0x0000000008000000      0x1c8 Core/Startup/startup_stm32f746nghx.o
                0x0000000008000000                g_pfnVectors
                0x00000000080001c8                . = ALIGN (0x4)

.text           0x00000000080001d0     0x9698
                0x00000000080001d0                . = ALIGN (0x4)
 *(.text)
 .text          0x00000000080001d0       0x40 c:/st/stm32cubeide_1.5.1/stm32cubeide/plugins/com.st.stm32cube.ide.mcu.externaltools.gnu-tools-for-stm32.7-2018-q2-update.win32_1.5.0.202011040924/tools/bin/../lib/gcc/arm-none-eabi/7.3.1/thumb/v7e-m/fpv4-sp/hard/crtbegin.o
 .text          0x0000000008000210       0x10 c:/st/stm32cubeide_1.5.1/stm32cubeide/plugins/com.st.stm32cube.ide.mcu.externaltools.gnu-tools-for-stm32.7-2018-q2-update.win32_1.5.0.202011040924/tools/bin/../lib/gcc/arm-none-eabi/7.3.1/../../../../arm-none-eabi/lib/thumb/v7e-m/fpv4-sp/hard\libc_nano.a(lib_a-strlen.o)
                0x0000000008000210                strlen
 .text          0x0000000008000220       0xa0 c:/st/stm32cubeide_1.5.1/stm32cubeide/plugins/com.st.stm32cube.ide.mcu.externaltools.gnu-tools-for-stm32.7-2018-q2-update.win32_1.5.0.202011040924/tools/bin/../lib/gcc/arm-none-eabi/7.3.1/../../../../arm-none-eabi/lib/thumb/v7e-m/fpv4-sp/hard\libc_nano.a(lib_a-memchr.o)
                0x0000000008000220                memchr
 .text          0x00000000080002c0      0x378 c:/st/stm32cubeide_1.5.1/stm32cubeide/plugins/com.st.stm32cube.ide.mcu.externaltools.gnu-tools-for-stm32.7-2018-q2-update.win32_1.5.0.202011040924/tools/bin/../lib/gcc/arm-none-eabi/7.3.1/thumb/v7e-m/fpv4-sp/hard\libgcc.a(_arm_addsubdf3.o)
                0x00000000080002c0                __aeabi_drsub
                0x00000000080002c8                __aeabi_dsub
                0x00000000080002c8                __subdf3
                0x00000000080002cc                __aeabi_dadd
                0x00000000080002cc                __adddf3
                0x0000000008000544                __floatunsidf
                0x0000000008000544                __aeabi_ui2d
                0x0000000008000564                __floatsidf
                0x0000000008000564                __aeabi_i2d
                0x0000000008000588                __aeabi_f2d
                0x0000000008000588                __extendsfdf2
                0x00000000080005cc                __floatundidf
                0x00000000080005cc                __aeabi_ul2d
                0x00000000080005dc                __floatdidf
                0x00000000080005dc                __aeabi_l2d
 .text          0x0000000008000638      0x424 c:/st/stm32cubeide_1.5.1/stm32cubeide/plugins/com.st.stm32cube.ide.mcu.externaltools.gnu-tools-for-stm32.7-2018-q2-update.win32_1.5.0.202011040924/tools/bin/../lib/gcc/arm-none-eabi/7.3.1/thumb/v7e-m/fpv4-sp/hard\libgcc.a(_arm_muldivdf3.o)
                0x0000000008000638                __aeabi_dmul
                0x0000000008000638                __muldf3
                0x000000000800088c                __divdf3
                0x000000000800088c                __aeabi_ddiv
 .text          0x0000000008000a5c      0x110 c:/st/stm32cubeide_1.5.1/stm32cubeide/plugins/com.st.stm32cube.ide.mcu.externaltools.gnu-tools-for-stm32.7-2018-q2-update.win32_1.5.0.202011040924/tools/bin/../lib/gcc/arm-none-eabi/7.3.1/thumb/v7e-m/fpv4-sp/hard\libgcc.a(_arm_cmpdf2.o)
                0x0000000008000a5c                __gtdf2
                0x0000000008000a5c                __gedf2
                0x0000000008000a64                __ltdf2
                0x0000000008000a64                __ledf2
                0x0000000008000a6c                __nedf2
                0x0000000008000a6c                __eqdf2
                0x0000000008000a6c                __cmpdf2
                0x0000000008000ae8                __aeabi_cdrcmple
                0x0000000008000af8                __aeabi_cdcmpeq
                0x0000000008000af8                __aeabi_cdcmple
                0x0000000008000b08                __aeabi_dcmpeq
                0x0000000008000b1c                __aeabi_dcmplt
                0x0000000008000b30                __aeabi_dcmple
                0x0000000008000b44                __aeabi_dcmpge
                0x0000000008000b58                __aeabi_dcmpgt
 .text          0x0000000008000b6c       0x2c c:/st/stm32cubeide_1.5.1/stm32cubeide/plugins/com.st.stm32cube.ide.mcu.externaltools.gnu-tools-for-stm32.7-2018-q2-update.win32_1.5.0.202011040924/tools/bin/../lib/gcc/arm-none-eabi/7.3.1/thumb/v7e-m/fpv4-sp/hard\libgcc.a(_arm_unorddf2.o)
                0x0000000008000b6c                __unorddf2
                0x0000000008000b6c                __aeabi_dcmpun
 .text          0x0000000008000b98       0x50 c:/st/stm32cubeide_1.5.1/stm32cubeide/plugins/com.st.stm32cube.ide.mcu.externaltools.gnu-tools-for-stm32.7-2018-q2-update.win32_1.5.0.202011040924/tools/bin/../lib/gcc/arm-none-eabi/7.3.1/thumb/v7e-m/fpv4-sp/hard\libgcc.a(_arm_fixdfsi.o)
                0x0000000008000b98                __aeabi_d2iz
                0x0000000008000b98                __fixdfsi
 .text          0x0000000008000be8       0x30 c:/st/stm32cubeide_1.5.1/stm32cubeide/plugins/com.st.stm32cube.ide.mcu.externaltools.gnu-tools-for-stm32.7-2018-q2-update.win32_1.5.0.202011040924/tools/bin/../lib/gcc/arm-none-eabi/7.3.1/thumb/v7e-m/fpv4-sp/hard\libgcc.a(_aeabi_uldivmod.o)
                0x0000000008000be8                __aeabi_uldivmod
 .text          0x0000000008000c18      0x2cc c:/st/stm32cubeide_1.5.1/stm32cubeide/plugins/com.st.stm32cube.ide.mcu.externaltools.gnu-tools-for-stm32.7-2018-q2-update.win32_1.5.0.202011040924/tools/bin/../lib/gcc/arm-none-eabi/7.3.1/thumb/v7e-m/fpv4-sp/hard\libgcc.a(_udivmoddi4.o)
                0x0000000008000c18                __udivmoddi4
 .text          0x0000000008000ee4        0x4 c:/st/stm32cubeide_1.5.1/stm32cubeide/plugins/com.st.stm32cube.ide.mcu.externaltools.gnu-tools-for-stm32.7-2018-q2-update.win32_1.5.0.202011040924/tools/bin/../lib/gcc/arm-none-eabi/7.3.1/thumb/v7e-m/fpv4-sp/hard\libgcc.a(_dvmd_tls.o)
                0x0000000008000ee4                __aeabi_idiv0
                0x0000000008000ee4                __aeabi_ldiv0
 *(.text*)
 .text.ft5336_Init
                0x0000000008000ee8       0x1c Core/Src/ft5336.o
                0x0000000008000ee8                ft5336_Init
 .text.ft5336_Reset
                0x0000000008000f04       0x16 Core/Src/ft5336.o
                0x0000000008000f04                ft5336_Reset
 .text.ft5336_ReadID
                0x0000000008000f1a       0x5c Core/Src/ft5336.o
                0x0000000008000f1a                ft5336_ReadID
 .text.ft5336_TS_Start
                0x0000000008000f76       0x22 Core/Src/ft5336.o
                0x0000000008000f76                ft5336_TS_Start
 .text.ft5336_TS_DetectTouch
                0x0000000008000f98       0x54 Core/Src/ft5336.o
                0x0000000008000f98                ft5336_TS_DetectTouch
 .text.ft5336_TS_GetXY
                0x0000000008000fec      0x1e0 Core/Src/ft5336.o
                0x0000000008000fec                ft5336_TS_GetXY
 .text.ft5336_TS_EnableIT
                0x00000000080011cc       0x28 Core/Src/ft5336.o
                0x00000000080011cc                ft5336_TS_EnableIT
 .text.ft5336_TS_DisableIT
                0x00000000080011f4       0x28 Core/Src/ft5336.o
                0x00000000080011f4                ft5336_TS_DisableIT
 .text.ft5336_TS_ITStatus
                0x000000000800121c       0x18 Core/Src/ft5336.o
                0x000000000800121c                ft5336_TS_ITStatus
 .text.ft5336_TS_ClearIT
                0x0000000008001234       0x16 Core/Src/ft5336.o
                0x0000000008001234                ft5336_TS_ClearIT
 .text.ft5336_TS_GetGestureID
                0x000000000800124a       0x32 Core/Src/ft5336.o
                0x000000000800124a                ft5336_TS_GetGestureID
 .text.ft5336_TS_GetTouchInfo
                0x000000000800127c      0x15c Core/Src/ft5336.o
                0x000000000800127c                ft5336_TS_GetTouchInfo
 .text.ft5336_Get_I2C_InitializedStatus
                0x00000000080013d8       0x18 Core/Src/ft5336.o
 .text.ft5336_I2C_InitializeIfRequired
                0x00000000080013f0       0x20 Core/Src/ft5336.o
 .text.ft5336_TS_Configure
                0x0000000008001410       0x1c Core/Src/ft5336.o
 .text.main     0x000000000800142c       0xb4 Core/Src/main.o
                0x000000000800142c                main
 .text.SystemClock_Config
                0x00000000080014e0      0x128 Core/Src/main.o
                0x00000000080014e0                SystemClock_Config
 .text.MX_CRC_Init
                0x0000000008001608       0x44 Core/Src/main.o
 .text.MX_DMA2D_Init
                0x000000000800164c       0x64 Core/Src/main.o
 .text.MX_RTC_Init
                0x00000000080016b0       0x4c Core/Src/main.o
 .text.MX_TIM2_Init
                0x00000000080016fc       0xa8 Core/Src/main.o
 .text.MX_GPIO_Init
                0x00000000080017a4       0xac Core/Src/main.o
 .text.HAL_TIM_IC_CaptureCallback
                0x0000000008001850      0x120 Core/Src/main.o
                0x0000000008001850                HAL_TIM_IC_CaptureCallback
 .text.Error_Handler
                0x0000000008001970        0x8 Core/Src/main.o
                0x0000000008001970                Error_Handler
 .text.I2Cx_MspInit
                0x0000000008001978      0x160 Core/Src/stm32746g_discovery.o
 .text.I2Cx_Init
                0x0000000008001ad8       0x78 Core/Src/stm32746g_discovery.o
 .text.I2Cx_ReadMultiple
                0x0000000008001b50       0x5a Core/Src/stm32746g_discovery.o
 .text.I2Cx_WriteMultiple
                0x0000000008001baa       0x5a Core/Src/stm32746g_discovery.o
 .text.I2Cx_Error
                0x0000000008001c04       0x20 Core/Src/stm32746g_discovery.o
 .text.TS_IO_Init
                0x0000000008001c24       0x14 Core/Src/stm32746g_discovery.o
                0x0000000008001c24                TS_IO_Init
 .text.TS_IO_Write
                0x0000000008001c38       0x34 Core/Src/stm32746g_discovery.o
                0x0000000008001c38                TS_IO_Write
 .text.TS_IO_Read
                0x0000000008001c6c       0x3c Core/Src/stm32746g_discovery.o
                0x0000000008001c6c                TS_IO_Read
 .text.TS_IO_Delay
                0x0000000008001ca8       0x16 Core/Src/stm32746g_discovery.o
                0x0000000008001ca8                TS_IO_Delay
 *fill*         0x0000000008001cbe        0x2 
 .text.BSP_LCD_Init
                0x0000000008001cc0       0xe0 Core/Src/stm32746g_discovery_lcd.o
                0x0000000008001cc0                BSP_LCD_Init
 .text.BSP_LCD_GetXSize
                0x0000000008001da0       0x28 Core/Src/stm32746g_discovery_lcd.o
                0x0000000008001da0                BSP_LCD_GetXSize
 .text.BSP_LCD_GetYSize
                0x0000000008001dc8       0x28 Core/Src/stm32746g_discovery_lcd.o
                0x0000000008001dc8                BSP_LCD_GetYSize
 .text.BSP_LCD_LayerDefaultInit
                0x0000000008001df0       0xc0 Core/Src/stm32746g_discovery_lcd.o
                0x0000000008001df0                BSP_LCD_LayerDefaultInit
 .text.BSP_LCD_SelectLayer
                0x0000000008001eb0       0x20 Core/Src/stm32746g_discovery_lcd.o
                0x0000000008001eb0                BSP_LCD_SelectLayer
 .text.BSP_LCD_SetFont
                0x0000000008001ed0       0x34 Core/Src/stm32746g_discovery_lcd.o
                0x0000000008001ed0                BSP_LCD_SetFont
 .text.BSP_LCD_Clear
                0x0000000008001f04       0x50 Core/Src/stm32746g_discovery_lcd.o
                0x0000000008001f04                BSP_LCD_Clear
 .text.BSP_LCD_DisplayChar
                0x0000000008001f54       0x88 Core/Src/stm32746g_discovery_lcd.o
                0x0000000008001f54                BSP_LCD_DisplayChar
 .text.BSP_LCD_DisplayStringAt
                0x0000000008001fdc      0x188 Core/Src/stm32746g_discovery_lcd.o
                0x0000000008001fdc                BSP_LCD_DisplayStringAt
 .text.BSP_LCD_DrawPixel
                0x0000000008002164       0x90 Core/Src/stm32746g_discovery_lcd.o
                0x0000000008002164                BSP_LCD_DrawPixel
 .text.BSP_LCD_DisplayOn
                0x00000000080021f4       0x3c Core/Src/stm32746g_discovery_lcd.o
                0x00000000080021f4                BSP_LCD_DisplayOn
 .text.BSP_LCD_MspInit
                0x0000000008002230      0x1b4 Core/Src/stm32746g_discovery_lcd.o
                0x0000000008002230                BSP_LCD_MspInit
 .text.BSP_LCD_ClockConfig
                0x00000000080023e4       0x38 Core/Src/stm32746g_discovery_lcd.o
                0x00000000080023e4                BSP_LCD_ClockConfig
 .text.DrawChar
                0x000000000800241c      0x170 Core/Src/stm32746g_discovery_lcd.o
 .text.LL_FillBuffer
                0x000000000800258c       0x98 Core/Src/stm32746g_discovery_lcd.o
 .text.BSP_SDRAM_Init
                0x0000000008002624       0xbc Core/Src/stm32746g_discovery_sdram.o
                0x0000000008002624                BSP_SDRAM_Init
 .text.BSP_SDRAM_Initialization_sequence
                0x00000000080026e0       0xc0 Core/Src/stm32746g_discovery_sdram.o
                0x00000000080026e0                BSP_SDRAM_Initialization_sequence
 .text.BSP_SDRAM_MspInit
                0x00000000080027a0      0x1f0 Core/Src/stm32746g_discovery_sdram.o
                0x00000000080027a0                BSP_SDRAM_MspInit
 .text.BSP_TS_Init
                0x0000000008002990       0x80 Core/Src/stm32746g_discovery_ts.o
                0x0000000008002990                BSP_TS_Init
 .text.BSP_TS_GetState
                0x0000000008002a10      0x3ac Core/Src/stm32746g_discovery_ts.o
                0x0000000008002a10                BSP_TS_GetState
 .text.BSP_TS_Get_GestureId
                0x0000000008002dbc       0x94 Core/Src/stm32746g_discovery_ts.o
                0x0000000008002dbc                BSP_TS_Get_GestureId
 .text.HAL_LTDC_Init
                0x0000000008002e50      0x1b8 Core/Src/stm32f7xx_hal_ltdc.o
                0x0000000008002e50                HAL_LTDC_Init
 .text.HAL_LTDC_MspInit
                0x0000000008003008       0x14 Core/Src/stm32f7xx_hal_ltdc.o
                0x0000000008003008                HAL_LTDC_MspInit
 .text.HAL_LTDC_IRQHandler
                0x000000000800301c      0x158 Core/Src/stm32f7xx_hal_ltdc.o
                0x000000000800301c                HAL_LTDC_IRQHandler
 .text.HAL_LTDC_ErrorCallback
                0x0000000008003174       0x14 Core/Src/stm32f7xx_hal_ltdc.o
                0x0000000008003174                HAL_LTDC_ErrorCallback
 .text.HAL_LTDC_LineEventCallback
                0x0000000008003188       0x14 Core/Src/stm32f7xx_hal_ltdc.o
                0x0000000008003188                HAL_LTDC_LineEventCallback
 .text.HAL_LTDC_ReloadEventCallback
                0x000000000800319c       0x14 Core/Src/stm32f7xx_hal_ltdc.o
                0x000000000800319c                HAL_LTDC_ReloadEventCallback
 .text.HAL_LTDC_ConfigLayer
                0x00000000080031b0       0x7c Core/Src/stm32f7xx_hal_ltdc.o
                0x00000000080031b0                HAL_LTDC_ConfigLayer
 .text.HAL_LTDC_GetState
                0x000000000800322c       0x1c Core/Src/stm32f7xx_hal_ltdc.o
                0x000000000800322c                HAL_LTDC_GetState
 .text.LTDC_SetConfig
                0x0000000008003248      0x340 Core/Src/stm32f7xx_hal_ltdc.o
 .text.HAL_MspInit
                0x0000000008003588       0x54 Core/Src/stm32f7xx_hal_msp.o
                0x0000000008003588                HAL_MspInit
 .text.HAL_CRC_MspInit
                0x00000000080035dc       0x40 Core/Src/stm32f7xx_hal_msp.o
                0x00000000080035dc                HAL_CRC_MspInit
 .text.HAL_DMA2D_MspInit
                0x000000000800361c       0x40 Core/Src/stm32f7xx_hal_msp.o
                0x000000000800361c                HAL_DMA2D_MspInit
 .text.HAL_RTC_MspInit
                0x000000000800365c       0x34 Core/Src/stm32f7xx_hal_msp.o
                0x000000000800365c                HAL_RTC_MspInit
 .text.HAL_TIM_IC_MspInit
                0x0000000008003690       0x94 Core/Src/stm32f7xx_hal_msp.o
                0x0000000008003690                HAL_TIM_IC_MspInit
 .text.HAL_SDRAM_Init
                0x0000000008003724       0x68 Core/Src/stm32f7xx_hal_sdram.o
                0x0000000008003724                HAL_SDRAM_Init
 .text.HAL_SDRAM_MspInit
                0x000000000800378c       0x14 Core/Src/stm32f7xx_hal_sdram.o
                0x000000000800378c                HAL_SDRAM_MspInit
 .text.HAL_SDRAM_SendCommand
                0x00000000080037a0       0x56 Core/Src/stm32f7xx_hal_sdram.o
                0x00000000080037a0                HAL_SDRAM_SendCommand
 .text.HAL_SDRAM_ProgramRefreshRate
                0x00000000080037f6       0x40 Core/Src/stm32f7xx_hal_sdram.o
                0x00000000080037f6                HAL_SDRAM_ProgramRefreshRate
 .text.NMI_Handler
                0x0000000008003836        0x6 Core/Src/stm32f7xx_it.o
                0x0000000008003836                NMI_Handler
 .text.HardFault_Handler
                0x000000000800383c        0x6 Core/Src/stm32f7xx_it.o
                0x000000000800383c                HardFault_Handler
 .text.MemManage_Handler
                0x0000000008003842        0x6 Core/Src/stm32f7xx_it.o
                0x0000000008003842                MemManage_Handler
 .text.BusFault_Handler
                0x0000000008003848        0x6 Core/Src/stm32f7xx_it.o
                0x0000000008003848                BusFault_Handler
 .text.UsageFault_Handler
                0x000000000800384e        0x6 Core/Src/stm32f7xx_it.o
                0x000000000800384e                UsageFault_Handler
 .text.SVC_Handler
                0x0000000008003854        0xe Core/Src/stm32f7xx_it.o
                0x0000000008003854                SVC_Handler
 .text.DebugMon_Handler
                0x0000000008003862        0xe Core/Src/stm32f7xx_it.o
                0x0000000008003862                DebugMon_Handler
 .text.PendSV_Handler
                0x0000000008003870        0xe Core/Src/stm32f7xx_it.o
                0x0000000008003870                PendSV_Handler
 .text.SysTick_Handler
                0x000000000800387e        0xc Core/Src/stm32f7xx_it.o
                0x000000000800387e                SysTick_Handler
 .text.PVD_IRQHandler
                0x000000000800388a        0xc Core/Src/stm32f7xx_it.o
                0x000000000800388a                PVD_IRQHandler
 *fill*         0x0000000008003896        0x2 
 .text.TIM2_IRQHandler
                0x0000000008003898       0x14 Core/Src/stm32f7xx_it.o
                0x0000000008003898                TIM2_IRQHandler
 .text.LTDC_IRQHandler
                0x00000000080038ac       0x14 Core/Src/stm32f7xx_it.o
                0x00000000080038ac                LTDC_IRQHandler
 .text.FMC_SDRAM_Init
                0x00000000080038c0       0xe4 Core/Src/stm32f7xx_ll_fmc.o
                0x00000000080038c0                FMC_SDRAM_Init
 .text.FMC_SDRAM_Timing_Init
                0x00000000080039a4      0x100 Core/Src/stm32f7xx_ll_fmc.o
                0x00000000080039a4                FMC_SDRAM_Timing_Init
 .text.FMC_SDRAM_SendCommand
                0x0000000008003aa4       0x42 Core/Src/stm32f7xx_ll_fmc.o
                0x0000000008003aa4                FMC_SDRAM_SendCommand
 .text.FMC_SDRAM_ProgramRefreshRate
                0x0000000008003ae6       0x26 Core/Src/stm32f7xx_ll_fmc.o
                0x0000000008003ae6                FMC_SDRAM_ProgramRefreshRate
 .text._sbrk    0x0000000008003b0c       0x6c Core/Src/sysmem.o
                0x0000000008003b0c                _sbrk
 .text.SystemInit
                0x0000000008003b78       0x24 Core/Src/system_stm32f7xx.o
                0x0000000008003b78                SystemInit
 .text.Reset_Handler
                0x0000000008003b9c       0x50 Core/Startup/startup_stm32f746nghx.o
                0x0000000008003b9c                Reset_Handler
 .text.Default_Handler
                0x0000000008003bec        0x2 Core/Startup/startup_stm32f746nghx.o
                0x0000000008003bec                RTC_Alarm_IRQHandler
                0x0000000008003bec                EXTI2_IRQHandler
                0x0000000008003bec                TIM8_CC_IRQHandler
                0x0000000008003bec                UART8_IRQHandler
                0x0000000008003bec                SPI4_IRQHandler
                0x0000000008003bec                TIM1_CC_IRQHandler
                0x0000000008003bec                DMA2_Stream5_IRQHandler
                0x0000000008003bec                DMA1_Stream5_IRQHandler
                0x0000000008003bec                TAMP_STAMP_IRQHandler
                0x0000000008003bec                CAN2_RX1_IRQHandler
                0x0000000008003bec                EXTI3_IRQHandler
                0x0000000008003bec                TIM8_TRG_COM_TIM14_IRQHandler
                0x0000000008003bec                TIM1_UP_TIM10_IRQHandler
                0x0000000008003bec                TIM8_UP_TIM13_IRQHandler
                0x0000000008003bec                I2C3_ER_IRQHandler
                0x0000000008003bec                EXTI0_IRQHandler
                0x0000000008003bec                I2C2_EV_IRQHandler
                0x0000000008003bec                DMA1_Stream2_IRQHandler
                0x0000000008003bec                CAN1_RX0_IRQHandler
                0x0000000008003bec                FPU_IRQHandler
                0x0000000008003bec                OTG_HS_WKUP_IRQHandler
                0x0000000008003bec                LTDC_ER_IRQHandler
                0x0000000008003bec                CAN2_SCE_IRQHandler
                0x0000000008003bec                DMA2_Stream2_IRQHandler
                0x0000000008003bec                SPI1_IRQHandler
                0x0000000008003bec                TIM6_DAC_IRQHandler
                0x0000000008003bec                TIM1_BRK_TIM9_IRQHandler
                0x0000000008003bec                DCMI_IRQHandler
                0x0000000008003bec                CAN2_RX0_IRQHandler
                0x0000000008003bec                DMA2_Stream3_IRQHandler
                0x0000000008003bec                SAI2_IRQHandler
                0x0000000008003bec                USART6_IRQHandler
                0x0000000008003bec                USART3_IRQHandler
                0x0000000008003bec                CAN1_RX1_IRQHandler
                0x0000000008003bec                UART5_IRQHandler
                0x0000000008003bec                DMA2_Stream0_IRQHandler
                0x0000000008003bec                TIM4_IRQHandler
                0x0000000008003bec                QUADSPI_IRQHandler
                0x0000000008003bec                I2C1_EV_IRQHandler
                0x0000000008003bec                DMA1_Stream6_IRQHandler
                0x0000000008003bec                DMA1_Stream1_IRQHandler
                0x0000000008003bec                UART4_IRQHandler
                0x0000000008003bec                TIM3_IRQHandler
                0x0000000008003bec                RCC_IRQHandler
                0x0000000008003bec                TIM8_BRK_TIM12_IRQHandler
                0x0000000008003bec                Default_Handler
                0x0000000008003bec                CEC_IRQHandler
                0x0000000008003bec                EXTI15_10_IRQHandler
                0x0000000008003bec                ADC_IRQHandler
                0x0000000008003bec                DMA1_Stream7_IRQHandler
                0x0000000008003bec                SPI5_IRQHandler
                0x0000000008003bec                TIM7_IRQHandler
                0x0000000008003bec                SDMMC1_IRQHandler
                0x0000000008003bec                CAN2_TX_IRQHandler
                0x0000000008003bec                TIM5_IRQHandler
                0x0000000008003bec                DMA2_Stream7_IRQHandler
                0x0000000008003bec                I2C3_EV_IRQHandler
                0x0000000008003bec                EXTI9_5_IRQHandler
                0x0000000008003bec                RTC_WKUP_IRQHandler
                0x0000000008003bec                ETH_WKUP_IRQHandler
                0x0000000008003bec                SPDIF_RX_IRQHandler
                0x0000000008003bec                SPI2_IRQHandler
                0x0000000008003bec                OTG_HS_EP1_IN_IRQHandler
                0x0000000008003bec                DMA1_Stream0_IRQHandler
                0x0000000008003bec                CAN1_TX_IRQHandler
                0x0000000008003bec                EXTI4_IRQHandler
                0x0000000008003bec                RNG_IRQHandler
                0x0000000008003bec                ETH_IRQHandler
                0x0000000008003bec                OTG_HS_EP1_OUT_IRQHandler
                0x0000000008003bec                WWDG_IRQHandler
                0x0000000008003bec                SPI6_IRQHandler
                0x0000000008003bec                I2C4_EV_IRQHandler
                0x0000000008003bec                OTG_FS_WKUP_IRQHandler
                0x0000000008003bec                TIM1_TRG_COM_TIM11_IRQHandler
                0x0000000008003bec                OTG_HS_IRQHandler
                0x0000000008003bec                DMA2D_IRQHandler
                0x0000000008003bec                EXTI1_IRQHandler
                0x0000000008003bec                UART7_IRQHandler
                0x0000000008003bec                USART2_IRQHandler
                0x0000000008003bec                I2C2_ER_IRQHandler
                0x0000000008003bec                DMA2_Stream1_IRQHandler
                0x0000000008003bec                CAN1_SCE_IRQHandler
                0x0000000008003bec                FLASH_IRQHandler
                0x0000000008003bec                DMA2_Stream4_IRQHandler
                0x0000000008003bec                USART1_IRQHandler
                0x0000000008003bec                OTG_FS_IRQHandler
                0x0000000008003bec                SPI3_IRQHandler
                0x0000000008003bec                DMA1_Stream4_IRQHandler
                0x0000000008003bec                I2C1_ER_IRQHandler
                0x0000000008003bec                FMC_IRQHandler
                0x0000000008003bec                LPTIM1_IRQHandler
                0x0000000008003bec                I2C4_ER_IRQHandler
                0x0000000008003bec                DMA2_Stream6_IRQHandler
                0x0000000008003bec                SAI1_IRQHandler
                0x0000000008003bec                DMA1_Stream3_IRQHandler
 .text.HAL_Init
                0x0000000008003bee       0x1a Drivers/STM32F7xx_HAL_Driver/Src/stm32f7xx_hal.o
                0x0000000008003bee                HAL_Init
 .text.HAL_InitTick
                0x0000000008003c08       0x60 Drivers/STM32F7xx_HAL_Driver/Src/stm32f7xx_hal.o
                0x0000000008003c08                HAL_InitTick
 .text.HAL_IncTick
                0x0000000008003c68       0x28 Drivers/STM32F7xx_HAL_Driver/Src/stm32f7xx_hal.o
                0x0000000008003c68                HAL_IncTick
 .text.HAL_GetTick
                0x0000000008003c90       0x18 Drivers/STM32F7xx_HAL_Driver/Src/stm32f7xx_hal.o
                0x0000000008003c90                HAL_GetTick
 .text.HAL_Delay
                0x0000000008003ca8       0x44 Drivers/STM32F7xx_HAL_Driver/Src/stm32f7xx_hal.o
                0x0000000008003ca8                HAL_Delay
 .text.__NVIC_SetPriorityGrouping
                0x0000000008003cec       0x48 Drivers/STM32F7xx_HAL_Driver/Src/stm32f7xx_hal_cortex.o
 .text.__NVIC_GetPriorityGrouping
                0x0000000008003d34       0x1c Drivers/STM32F7xx_HAL_Driver/Src/stm32f7xx_hal_cortex.o
 .text.__NVIC_EnableIRQ
                0x0000000008003d50       0x3c Drivers/STM32F7xx_HAL_Driver/Src/stm32f7xx_hal_cortex.o
 .text.__NVIC_SetPriority
                0x0000000008003d8c       0x54 Drivers/STM32F7xx_HAL_Driver/Src/stm32f7xx_hal_cortex.o
 .text.NVIC_EncodePriority
                0x0000000008003de0       0x66 Drivers/STM32F7xx_HAL_Driver/Src/stm32f7xx_hal_cortex.o
 *fill*         0x0000000008003e46        0x2 
 .text.SysTick_Config
                0x0000000008003e48       0x44 Drivers/STM32F7xx_HAL_Driver/Src/stm32f7xx_hal_cortex.o
 .text.HAL_NVIC_SetPriorityGrouping
                0x0000000008003e8c       0x16 Drivers/STM32F7xx_HAL_Driver/Src/stm32f7xx_hal_cortex.o
                0x0000000008003e8c                HAL_NVIC_SetPriorityGrouping
 .text.HAL_NVIC_SetPriority
                0x0000000008003ea2       0x38 Drivers/STM32F7xx_HAL_Driver/Src/stm32f7xx_hal_cortex.o
                0x0000000008003ea2                HAL_NVIC_SetPriority
 .text.HAL_NVIC_EnableIRQ
                0x0000000008003eda       0x1c Drivers/STM32F7xx_HAL_Driver/Src/stm32f7xx_hal_cortex.o
                0x0000000008003eda                HAL_NVIC_EnableIRQ
 .text.HAL_SYSTICK_Config
                0x0000000008003ef6       0x18 Drivers/STM32F7xx_HAL_Driver/Src/stm32f7xx_hal_cortex.o
                0x0000000008003ef6                HAL_SYSTICK_Config
 *fill*         0x0000000008003f0e        0x2 
 .text.HAL_CRC_Init
                0x0000000008003f10       0xc8 Drivers/STM32F7xx_HAL_Driver/Src/stm32f7xx_hal_crc.o
                0x0000000008003f10                HAL_CRC_Init
 .text.HAL_CRCEx_Polynomial_Set
                0x0000000008003fd8      0x10c Drivers/STM32F7xx_HAL_Driver/Src/stm32f7xx_hal_crc_ex.o
                0x0000000008003fd8                HAL_CRCEx_Polynomial_Set
 .text.HAL_DMA_Init
                0x00000000080040e4      0x15c Drivers/STM32F7xx_HAL_Driver/Src/stm32f7xx_hal_dma.o
                0x00000000080040e4                HAL_DMA_Init
 .text.HAL_DMA_DeInit
                0x0000000008004240       0xbc Drivers/STM32F7xx_HAL_Driver/Src/stm32f7xx_hal_dma.o
                0x0000000008004240                HAL_DMA_DeInit
 .text.DMA_CalcBaseAndBitshift
                0x00000000080042fc       0x6c Drivers/STM32F7xx_HAL_Driver/Src/stm32f7xx_hal_dma.o
 .text.DMA_CheckFifoParam
                0x0000000008004368       0xf4 Drivers/STM32F7xx_HAL_Driver/Src/stm32f7xx_hal_dma.o
 .text.HAL_DMA2D_Init
                0x000000000800445c       0x94 Drivers/STM32F7xx_HAL_Driver/Src/stm32f7xx_hal_dma2d.o
                0x000000000800445c                HAL_DMA2D_Init
 .text.HAL_DMA2D_Start
                0x00000000080044f0       0x56 Drivers/STM32F7xx_HAL_Driver/Src/stm32f7xx_hal_dma2d.o
                0x00000000080044f0                HAL_DMA2D_Start
 .text.HAL_DMA2D_PollForTransfer
                0x0000000008004546      0x1d2 Drivers/STM32F7xx_HAL_Driver/Src/stm32f7xx_hal_dma2d.o
                0x0000000008004546                HAL_DMA2D_PollForTransfer
 .text.HAL_DMA2D_ConfigLayer
                0x0000000008004718      0x124 Drivers/STM32F7xx_HAL_Driver/Src/stm32f7xx_hal_dma2d.o
                0x0000000008004718                HAL_DMA2D_ConfigLayer
 .text.DMA2D_SetConfig
                0x000000000800483c      0x138 Drivers/STM32F7xx_HAL_Driver/Src/stm32f7xx_hal_dma2d.o
 .text.HAL_GPIO_Init
                0x0000000008004974      0x354 Drivers/STM32F7xx_HAL_Driver/Src/stm32f7xx_hal_gpio.o
                0x0000000008004974                HAL_GPIO_Init
 .text.HAL_GPIO_WritePin
                0x0000000008004cc8       0x32 Drivers/STM32F7xx_HAL_Driver/Src/stm32f7xx_hal_gpio.o
                0x0000000008004cc8                HAL_GPIO_WritePin
 *fill*         0x0000000008004cfa        0x2 
 .text.HAL_I2C_Init
                0x0000000008004cfc      0x120 Drivers/STM32F7xx_HAL_Driver/Src/stm32f7xx_hal_i2c.o
                0x0000000008004cfc                HAL_I2C_Init
 .text.HAL_I2C_DeInit
                0x0000000008004e1c       0x5e Drivers/STM32F7xx_HAL_Driver/Src/stm32f7xx_hal_i2c.o
                0x0000000008004e1c                HAL_I2C_DeInit
 .text.HAL_I2C_MspInit
                0x0000000008004e7a       0x14 Drivers/STM32F7xx_HAL_Driver/Src/stm32f7xx_hal_i2c.o
                0x0000000008004e7a                HAL_I2C_MspInit
 .text.HAL_I2C_MspDeInit
                0x0000000008004e8e       0x14 Drivers/STM32F7xx_HAL_Driver/Src/stm32f7xx_hal_i2c.o
                0x0000000008004e8e                HAL_I2C_MspDeInit
 *fill*         0x0000000008004ea2        0x2 
 .text.HAL_I2C_Mem_Write
                0x0000000008004ea4      0x228 Drivers/STM32F7xx_HAL_Driver/Src/stm32f7xx_hal_i2c.o
                0x0000000008004ea4                HAL_I2C_Mem_Write
 .text.HAL_I2C_Mem_Read
                0x00000000080050cc      0x234 Drivers/STM32F7xx_HAL_Driver/Src/stm32f7xx_hal_i2c.o
                0x00000000080050cc                HAL_I2C_Mem_Read
 .text.HAL_I2C_GetState
                0x0000000008005300       0x1c Drivers/STM32F7xx_HAL_Driver/Src/stm32f7xx_hal_i2c.o
                0x0000000008005300                HAL_I2C_GetState
 .text.I2C_RequestMemoryWrite
                0x000000000800531c       0xa8 Drivers/STM32F7xx_HAL_Driver/Src/stm32f7xx_hal_i2c.o
 .text.I2C_RequestMemoryRead
                0x00000000080053c4       0xa8 Drivers/STM32F7xx_HAL_Driver/Src/stm32f7xx_hal_i2c.o
 .text.I2C_Flush_TXDR
                0x000000000800546c       0x48 Drivers/STM32F7xx_HAL_Driver/Src/stm32f7xx_hal_i2c.o
 .text.I2C_WaitOnFlagUntilTimeout
                0x00000000080054b4       0x80 Drivers/STM32F7xx_HAL_Driver/Src/stm32f7xx_hal_i2c.o
 .text.I2C_WaitOnTXISFlagUntilTimeout
                0x0000000008005534       0x80 Drivers/STM32F7xx_HAL_Driver/Src/stm32f7xx_hal_i2c.o
 .text.I2C_WaitOnSTOPFlagUntilTimeout
                0x00000000080055b4       0x78 Drivers/STM32F7xx_HAL_Driver/Src/stm32f7xx_hal_i2c.o
 .text.I2C_IsAcknowledgeFailed
                0x000000000800562c       0xcc Drivers/STM32F7xx_HAL_Driver/Src/stm32f7xx_hal_i2c.o
 .text.I2C_TransferConfig
                0x00000000080056f8       0x5c Drivers/STM32F7xx_HAL_Driver/Src/stm32f7xx_hal_i2c.o
 .text.HAL_PWR_EnableBkUpAccess
                0x0000000008005754       0x20 Drivers/STM32F7xx_HAL_Driver/Src/stm32f7xx_hal_pwr.o
                0x0000000008005754                HAL_PWR_EnableBkUpAccess
 .text.HAL_PWR_PVD_IRQHandler
                0x0000000008005774       0x24 Drivers/STM32F7xx_HAL_Driver/Src/stm32f7xx_hal_pwr.o
                0x0000000008005774                HAL_PWR_PVD_IRQHandler
 .text.HAL_PWR_PVDCallback
                0x0000000008005798        0xe Drivers/STM32F7xx_HAL_Driver/Src/stm32f7xx_hal_pwr.o
                0x0000000008005798                HAL_PWR_PVDCallback
 *fill*         0x00000000080057a6        0x2 
 .text.HAL_PWREx_EnableOverDrive
                0x00000000080057a8       0xa0 Drivers/STM32F7xx_HAL_Driver/Src/stm32f7xx_hal_pwr_ex.o
                0x00000000080057a8                HAL_PWREx_EnableOverDrive
 .text.HAL_RCC_OscConfig
                0x0000000008005848      0x548 Drivers/STM32F7xx_HAL_Driver/Src/stm32f7xx_hal_rcc.o
                0x0000000008005848                HAL_RCC_OscConfig
 .text.HAL_RCC_ClockConfig
                0x0000000008005d90      0x1d8 Drivers/STM32F7xx_HAL_Driver/Src/stm32f7xx_hal_rcc.o
                0x0000000008005d90                HAL_RCC_ClockConfig
 .text.HAL_RCC_GetSysClockFreq
                0x0000000008005f68      0x164 Drivers/STM32F7xx_HAL_Driver/Src/stm32f7xx_hal_rcc.o
                0x0000000008005f68                HAL_RCC_GetSysClockFreq
 .text.HAL_RCC_GetHCLKFreq
                0x00000000080060cc       0x18 Drivers/STM32F7xx_HAL_Driver/Src/stm32f7xx_hal_rcc.o
                0x00000000080060cc                HAL_RCC_GetHCLKFreq
 .text.HAL_RCC_GetPCLK1Freq
                0x00000000080060e4       0x28 Drivers/STM32F7xx_HAL_Driver/Src/stm32f7xx_hal_rcc.o
                0x00000000080060e4                HAL_RCC_GetPCLK1Freq
 .text.HAL_RCCEx_PeriphCLKConfig
                0x000000000800610c      0x7e0 Drivers/STM32F7xx_HAL_Driver/Src/stm32f7xx_hal_rcc_ex.o
                0x000000000800610c                HAL_RCCEx_PeriphCLKConfig
 .text.HAL_RTC_Init
                0x00000000080068ec      0x124 Drivers/STM32F7xx_HAL_Driver/Src/stm32f7xx_hal_rtc.o
                0x00000000080068ec                HAL_RTC_Init
 .text.HAL_RTC_WaitForSynchro
                0x0000000008006a10       0x50 Drivers/STM32F7xx_HAL_Driver/Src/stm32f7xx_hal_rtc.o
                0x0000000008006a10                HAL_RTC_WaitForSynchro
 .text.RTC_EnterInitMode
                0x0000000008006a60       0x58 Drivers/STM32F7xx_HAL_Driver/Src/stm32f7xx_hal_rtc.o
                0x0000000008006a60                RTC_EnterInitMode
 .text.HAL_TIM_IC_Init
                0x0000000008006ab8       0xae Drivers/STM32F7xx_HAL_Driver/Src/stm32f7xx_hal_tim.o
                0x0000000008006ab8                HAL_TIM_IC_Init
 *fill*         0x0000000008006b66        0x2 
 .text.HAL_TIM_IC_Start_IT
                0x0000000008006b68      0x294 Drivers/STM32F7xx_HAL_Driver/Src/stm32f7xx_hal_tim.o
                0x0000000008006b68                HAL_TIM_IC_Start_IT
 .text.HAL_TIM_IRQHandler
                0x0000000008006dfc      0x23e Drivers/STM32F7xx_HAL_Driver/Src/stm32f7xx_hal_tim.o
                0x0000000008006dfc                HAL_TIM_IRQHandler
 .text.HAL_TIM_IC_ConfigChannel
                0x000000000800703a      0x128 Drivers/STM32F7xx_HAL_Driver/Src/stm32f7xx_hal_tim.o
                0x000000000800703a                HAL_TIM_IC_ConfigChannel
 *fill*         0x0000000008007162        0x2 
 .text.HAL_TIM_ReadCapturedValue
                0x0000000008007164       0x88 Drivers/STM32F7xx_HAL_Driver/Src/stm32f7xx_hal_tim.o
                0x0000000008007164                HAL_TIM_ReadCapturedValue
 .text.HAL_TIM_PeriodElapsedCallback
                0x00000000080071ec       0x14 Drivers/STM32F7xx_HAL_Driver/Src/stm32f7xx_hal_tim.o
                0x00000000080071ec                HAL_TIM_PeriodElapsedCallback
 .text.HAL_TIM_OC_DelayElapsedCallback
                0x0000000008007200       0x14 Drivers/STM32F7xx_HAL_Driver/Src/stm32f7xx_hal_tim.o
                0x0000000008007200                HAL_TIM_OC_DelayElapsedCallback
 .text.HAL_TIM_PWM_PulseFinishedCallback
                0x0000000008007214       0x14 Drivers/STM32F7xx_HAL_Driver/Src/stm32f7xx_hal_tim.o
                0x0000000008007214                HAL_TIM_PWM_PulseFinishedCallback
 .text.HAL_TIM_TriggerCallback
                0x0000000008007228       0x14 Drivers/STM32F7xx_HAL_Driver/Src/stm32f7xx_hal_tim.o
                0x0000000008007228                HAL_TIM_TriggerCallback
 .text.TIM_Base_SetConfig
                0x000000000800723c      0x140 Drivers/STM32F7xx_HAL_Driver/Src/stm32f7xx_hal_tim.o
                0x000000000800723c                TIM_Base_SetConfig
 .text.TIM_TI1_SetConfig
                0x000000000800737c       0xe8 Drivers/STM32F7xx_HAL_Driver/Src/stm32f7xx_hal_tim.o
                0x000000000800737c                TIM_TI1_SetConfig
 .text.TIM_TI2_SetConfig
                0x0000000008007464       0x7a Drivers/STM32F7xx_HAL_Driver/Src/stm32f7xx_hal_tim.o
 .text.TIM_TI3_SetConfig
                0x00000000080074de       0x78 Drivers/STM32F7xx_HAL_Driver/Src/stm32f7xx_hal_tim.o
 .text.TIM_TI4_SetConfig
                0x0000000008007556       0x7a Drivers/STM32F7xx_HAL_Driver/Src/stm32f7xx_hal_tim.o
 .text.TIM_CCxChannelCmd
                0x00000000080075d0       0x4a Drivers/STM32F7xx_HAL_Driver/Src/stm32f7xx_hal_tim.o
                0x00000000080075d0                TIM_CCxChannelCmd
 *fill*         0x000000000800761a        0x2 
 .text.HAL_TIMEx_MasterConfigSynchronization
                0x000000000800761c      0x11c Drivers/STM32F7xx_HAL_Driver/Src/stm32f7xx_hal_tim_ex.o
                0x000000000800761c                HAL_TIMEx_MasterConfigSynchronization
 .text.HAL_TIMEx_CommutCallback
                0x0000000008007738       0x14 Drivers/STM32F7xx_HAL_Driver/Src/stm32f7xx_hal_tim_ex.o
                0x0000000008007738                HAL_TIMEx_CommutCallback
 .text.HAL_TIMEx_BreakCallback
                0x000000000800774c       0x14 Drivers/STM32F7xx_HAL_Driver/Src/stm32f7xx_hal_tim_ex.o
                0x000000000800774c                HAL_TIMEx_BreakCallback
 .text.HAL_TIMEx_Break2Callback
                0x0000000008007760       0x14 Drivers/STM32F7xx_HAL_Driver/Src/stm32f7xx_hal_tim_ex.o
                0x0000000008007760                HAL_TIMEx_Break2Callback
 .text.__errno  0x0000000008007774        0xc c:/st/stm32cubeide_1.5.1/stm32cubeide/plugins/com.st.stm32cube.ide.mcu.externaltools.gnu-tools-for-stm32.7-2018-q2-update.win32_1.5.0.202011040924/tools/bin/../lib/gcc/arm-none-eabi/7.3.1/../../../../arm-none-eabi/lib/thumb/v7e-m/fpv4-sp/hard\libc_nano.a(lib_a-errno.o)
                0x0000000008007774                __errno
 .text.__libc_init_array
                0x0000000008007780       0x48 c:/st/stm32cubeide_1.5.1/stm32cubeide/plugins/com.st.stm32cube.ide.mcu.externaltools.gnu-tools-for-stm32.7-2018-q2-update.win32_1.5.0.202011040924/tools/bin/../lib/gcc/arm-none-eabi/7.3.1/../../../../arm-none-eabi/lib/thumb/v7e-m/fpv4-sp/hard\libc_nano.a(lib_a-init.o)
                0x0000000008007780                __libc_init_array
 .text.memset   0x00000000080077c8       0x10 c:/st/stm32cubeide_1.5.1/stm32cubeide/plugins/com.st.stm32cube.ide.mcu.externaltools.gnu-tools-for-stm32.7-2018-q2-update.win32_1.5.0.202011040924/tools/bin/../lib/gcc/arm-none-eabi/7.3.1/../../../../arm-none-eabi/lib/thumb/v7e-m/fpv4-sp/hard\libc_nano.a(lib_a-memset.o)
                0x00000000080077c8                memset
 .text.__cvt    0x00000000080077d8       0xc2 c:/st/stm32cubeide_1.5.1/stm32cubeide/plugins/com.st.stm32cube.ide.mcu.externaltools.gnu-tools-for-stm32.7-2018-q2-update.win32_1.5.0.202011040924/tools/bin/../lib/gcc/arm-none-eabi/7.3.1/../../../../arm-none-eabi/lib/thumb/v7e-m/fpv4-sp/hard\libc_nano.a(lib_a-nano-vfprintf_float.o)
                0x00000000080077d8                __cvt
 .text.__exponent
                0x000000000800789a       0x66 c:/st/stm32cubeide_1.5.1/stm32cubeide/plugins/com.st.stm32cube.ide.mcu.externaltools.gnu-tools-for-stm32.7-2018-q2-update.win32_1.5.0.202011040924/tools/bin/../lib/gcc/arm-none-eabi/7.3.1/../../../../arm-none-eabi/lib/thumb/v7e-m/fpv4-sp/hard\libc_nano.a(lib_a-nano-vfprintf_float.o)
                0x000000000800789a                __exponent
 .text._printf_float
                0x0000000008007900      0x480 c:/st/stm32cubeide_1.5.1/stm32cubeide/plugins/com.st.stm32cube.ide.mcu.externaltools.gnu-tools-for-stm32.7-2018-q2-update.win32_1.5.0.202011040924/tools/bin/../lib/gcc/arm-none-eabi/7.3.1/../../../../arm-none-eabi/lib/thumb/v7e-m/fpv4-sp/hard\libc_nano.a(lib_a-nano-vfprintf_float.o)
                0x0000000008007900                _printf_float
 .text._printf_common
                0x0000000008007d80       0xea c:/st/stm32cubeide_1.5.1/stm32cubeide/plugins/com.st.stm32cube.ide.mcu.externaltools.gnu-tools-for-stm32.7-2018-q2-update.win32_1.5.0.202011040924/tools/bin/../lib/gcc/arm-none-eabi/7.3.1/../../../../arm-none-eabi/lib/thumb/v7e-m/fpv4-sp/hard\libc_nano.a(lib_a-nano-vfprintf_i.o)
                0x0000000008007d80                _printf_common
 *fill*         0x0000000008007e6a        0x2 
 .text._printf_i
                0x0000000008007e6c      0x224 c:/st/stm32cubeide_1.5.1/stm32cubeide/plugins/com.st.stm32cube.ide.mcu.externaltools.gnu-tools-for-stm32.7-2018-q2-update.win32_1.5.0.202011040924/tools/bin/../lib/gcc/arm-none-eabi/7.3.1/../../../../arm-none-eabi/lib/thumb/v7e-m/fpv4-sp/hard\libc_nano.a(lib_a-nano-vfprintf_i.o)
                0x0000000008007e6c                _printf_i
 .text.sprintf  0x0000000008008090       0x40 c:/st/stm32cubeide_1.5.1/stm32cubeide/plugins/com.st.stm32cube.ide.mcu.externaltools.gnu-tools-for-stm32.7-2018-q2-update.win32_1.5.0.202011040924/tools/bin/../lib/gcc/arm-none-eabi/7.3.1/../../../../arm-none-eabi/lib/thumb/v7e-m/fpv4-sp/hard\libc_nano.a(lib_a-sprintf.o)
                0x0000000008008090                siprintf
                0x0000000008008090                sprintf
 .text.quorem   0x00000000080080d0      0x118 c:/st/stm32cubeide_1.5.1/stm32cubeide/plugins/com.st.stm32cube.ide.mcu.externaltools.gnu-tools-for-stm32.7-2018-q2-update.win32_1.5.0.202011040924/tools/bin/../lib/gcc/arm-none-eabi/7.3.1/../../../../arm-none-eabi/lib/thumb/v7e-m/fpv4-sp/hard\libc_nano.a(lib_a-dtoa.o)
 .text._dtoa_r  0x00000000080081e8      0xb70 c:/st/stm32cubeide_1.5.1/stm32cubeide/plugins/com.st.stm32cube.ide.mcu.externaltools.gnu-tools-for-stm32.7-2018-q2-update.win32_1.5.0.202011040924/tools/bin/../lib/gcc/arm-none-eabi/7.3.1/../../../../arm-none-eabi/lib/thumb/v7e-m/fpv4-sp/hard\libc_nano.a(lib_a-dtoa.o)
                0x00000000080081e8                _dtoa_r
 .text._localeconv_r
                0x0000000008008d58       0x1c c:/st/stm32cubeide_1.5.1/stm32cubeide/plugins/com.st.stm32cube.ide.mcu.externaltools.gnu-tools-for-stm32.7-2018-q2-update.win32_1.5.0.202011040924/tools/bin/../lib/gcc/arm-none-eabi/7.3.1/../../../../arm-none-eabi/lib/thumb/v7e-m/fpv4-sp/hard\libc_nano.a(lib_a-localeconv.o)
                0x0000000008008d58                _localeconv_r
 .text.malloc   0x0000000008008d74       0x10 c:/st/stm32cubeide_1.5.1/stm32cubeide/plugins/com.st.stm32cube.ide.mcu.externaltools.gnu-tools-for-stm32.7-2018-q2-update.win32_1.5.0.202011040924/tools/bin/../lib/gcc/arm-none-eabi/7.3.1/../../../../arm-none-eabi/lib/thumb/v7e-m/fpv4-sp/hard\libc_nano.a(lib_a-malloc.o)
                0x0000000008008d74                malloc
 .text.memcpy   0x0000000008008d84       0x16 c:/st/stm32cubeide_1.5.1/stm32cubeide/plugins/com.st.stm32cube.ide.mcu.externaltools.gnu-tools-for-stm32.7-2018-q2-update.win32_1.5.0.202011040924/tools/bin/../lib/gcc/arm-none-eabi/7.3.1/../../../../arm-none-eabi/lib/thumb/v7e-m/fpv4-sp/hard\libc_nano.a(lib_a-memcpy-stub.o)
                0x0000000008008d84                memcpy
 .text._Balloc  0x0000000008008d9a       0x68 c:/st/stm32cubeide_1.5.1/stm32cubeide/plugins/com.st.stm32cube.ide.mcu.externaltools.gnu-tools-for-stm32.7-2018-q2-update.win32_1.5.0.202011040924/tools/bin/../lib/gcc/arm-none-eabi/7.3.1/../../../../arm-none-eabi/lib/thumb/v7e-m/fpv4-sp/hard\libc_nano.a(lib_a-mprec.o)
                0x0000000008008d9a                _Balloc
 .text._Bfree   0x0000000008008e02       0x2e c:/st/stm32cubeide_1.5.1/stm32cubeide/plugins/com.st.stm32cube.ide.mcu.externaltools.gnu-tools-for-stm32.7-2018-q2-update.win32_1.5.0.202011040924/tools/bin/../lib/gcc/arm-none-eabi/7.3.1/../../../../arm-none-eabi/lib/thumb/v7e-m/fpv4-sp/hard\libc_nano.a(lib_a-mprec.o)
                0x0000000008008e02                _Bfree
 .text.__multadd
                0x0000000008008e30       0x76 c:/st/stm32cubeide_1.5.1/stm32cubeide/plugins/com.st.stm32cube.ide.mcu.externaltools.gnu-tools-for-stm32.7-2018-q2-update.win32_1.5.0.202011040924/tools/bin/../lib/gcc/arm-none-eabi/7.3.1/../../../../arm-none-eabi/lib/thumb/v7e-m/fpv4-sp/hard\libc_nano.a(lib_a-mprec.o)
                0x0000000008008e30                __multadd
 .text.__hi0bits
                0x0000000008008ea6       0x3e c:/st/stm32cubeide_1.5.1/stm32cubeide/plugins/com.st.stm32cube.ide.mcu.externaltools.gnu-tools-for-stm32.7-2018-q2-update.win32_1.5.0.202011040924/tools/bin/../lib/gcc/arm-none-eabi/7.3.1/../../../../arm-none-eabi/lib/thumb/v7e-m/fpv4-sp/hard\libc_nano.a(lib_a-mprec.o)
                0x0000000008008ea6                __hi0bits
 .text.__lo0bits
                0x0000000008008ee4       0x5e c:/st/stm32cubeide_1.5.1/stm32cubeide/plugins/com.st.stm32cube.ide.mcu.externaltools.gnu-tools-for-stm32.7-2018-q2-update.win32_1.5.0.202011040924/tools/bin/../lib/gcc/arm-none-eabi/7.3.1/../../../../arm-none-eabi/lib/thumb/v7e-m/fpv4-sp/hard\libc_nano.a(lib_a-mprec.o)
                0x0000000008008ee4                __lo0bits
 .text.__i2b    0x0000000008008f42       0x12 c:/st/stm32cubeide_1.5.1/stm32cubeide/plugins/com.st.stm32cube.ide.mcu.externaltools.gnu-tools-for-stm32.7-2018-q2-update.win32_1.5.0.202011040924/tools/bin/../lib/gcc/arm-none-eabi/7.3.1/../../../../arm-none-eabi/lib/thumb/v7e-m/fpv4-sp/hard\libc_nano.a(lib_a-mprec.o)
                0x0000000008008f42                __i2b
 .text.__multiply
                0x0000000008008f54      0x12c c:/st/stm32cubeide_1.5.1/stm32cubeide/plugins/com.st.stm32cube.ide.mcu.externaltools.gnu-tools-for-stm32.7-2018-q2-update.win32_1.5.0.202011040924/tools/bin/../lib/gcc/arm-none-eabi/7.3.1/../../../../arm-none-eabi/lib/thumb/v7e-m/fpv4-sp/hard\libc_nano.a(lib_a-mprec.o)
                0x0000000008008f54                __multiply
 .text.__pow5mult
                0x0000000008009080       0x9c c:/st/stm32cubeide_1.5.1/stm32cubeide/plugins/com.st.stm32cube.ide.mcu.externaltools.gnu-tools-for-stm32.7-2018-q2-update.win32_1.5.0.202011040924/tools/bin/../lib/gcc/arm-none-eabi/7.3.1/../../../../arm-none-eabi/lib/thumb/v7e-m/fpv4-sp/hard\libc_nano.a(lib_a-mprec.o)
                0x0000000008009080                __pow5mult
 .text.__lshift
                0x000000000800911c       0xa8 c:/st/stm32cubeide_1.5.1/stm32cubeide/plugins/com.st.stm32cube.ide.mcu.externaltools.gnu-tools-for-stm32.7-2018-q2-update.win32_1.5.0.202011040924/tools/bin/../lib/gcc/arm-none-eabi/7.3.1/../../../../arm-none-eabi/lib/thumb/v7e-m/fpv4-sp/hard\libc_nano.a(lib_a-mprec.o)
                0x000000000800911c                __lshift
 .text.__mcmp   0x00000000080091c4       0x34 c:/st/stm32cubeide_1.5.1/stm32cubeide/plugins/com.st.stm32cube.ide.mcu.externaltools.gnu-tools-for-stm32.7-2018-q2-update.win32_1.5.0.202011040924/tools/bin/../lib/gcc/arm-none-eabi/7.3.1/../../../../arm-none-eabi/lib/thumb/v7e-m/fpv4-sp/hard\libc_nano.a(lib_a-mprec.o)
                0x00000000080091c4                __mcmp
 .text.__mdiff  0x00000000080091f8       0xba c:/st/stm32cubeide_1.5.1/stm32cubeide/plugins/com.st.stm32cube.ide.mcu.externaltools.gnu-tools-for-stm32.7-2018-q2-update.win32_1.5.0.202011040924/tools/bin/../lib/gcc/arm-none-eabi/7.3.1/../../../../arm-none-eabi/lib/thumb/v7e-m/fpv4-sp/hard\libc_nano.a(lib_a-mprec.o)
                0x00000000080091f8                __mdiff
 .text.__d2b    0x00000000080092b2       0x9e c:/st/stm32cubeide_1.5.1/stm32cubeide/plugins/com.st.stm32cube.ide.mcu.externaltools.gnu-tools-for-stm32.7-2018-q2-update.win32_1.5.0.202011040924/tools/bin/../lib/gcc/arm-none-eabi/7.3.1/../../../../arm-none-eabi/lib/thumb/v7e-m/fpv4-sp/hard\libc_nano.a(lib_a-mprec.o)
                0x00000000080092b2                __d2b
 .text._calloc_r
                0x0000000008009350       0x1c c:/st/stm32cubeide_1.5.1/stm32cubeide/plugins/com.st.stm32cube.ide.mcu.externaltools.gnu-tools-for-stm32.7-2018-q2-update.win32_1.5.0.202011040924/tools/bin/../lib/gcc/arm-none-eabi/7.3.1/../../../../arm-none-eabi/lib/thumb/v7e-m/fpv4-sp/hard\libc_nano.a(lib_a-nano-callocr.o)
                0x0000000008009350                _calloc_r
 .text._free_r  0x000000000800936c       0x9c c:/st/stm32cubeide_1.5.1/stm32cubeide/plugins/com.st.stm32cube.ide.mcu.externaltools.gnu-tools-for-stm32.7-2018-q2-update.win32_1.5.0.202011040924/tools/bin/../lib/gcc/arm-none-eabi/7.3.1/../../../../arm-none-eabi/lib/thumb/v7e-m/fpv4-sp/hard\libc_nano.a(lib_a-nano-freer.o)
                0x000000000800936c                _free_r
 .text._malloc_r
                0x0000000008009408       0xb4 c:/st/stm32cubeide_1.5.1/stm32cubeide/plugins/com.st.stm32cube.ide.mcu.externaltools.gnu-tools-for-stm32.7-2018-q2-update.win32_1.5.0.202011040924/tools/bin/../lib/gcc/arm-none-eabi/7.3.1/../../../../arm-none-eabi/lib/thumb/v7e-m/fpv4-sp/hard\libc_nano.a(lib_a-nano-mallocr.o)
                0x0000000008009408                _malloc_r
 .text.__ssputs_r
                0x00000000080094bc       0xb4 c:/st/stm32cubeide_1.5.1/stm32cubeide/plugins/com.st.stm32cube.ide.mcu.externaltools.gnu-tools-for-stm32.7-2018-q2-update.win32_1.5.0.202011040924/tools/bin/../lib/gcc/arm-none-eabi/7.3.1/../../../../arm-none-eabi/lib/thumb/v7e-m/fpv4-sp/hard\libc_nano.a(lib_a-nano-svfprintf.o)
                0x00000000080094bc                __ssputs_r
 .text._svfprintf_r
                0x0000000008009570      0x1f0 c:/st/stm32cubeide_1.5.1/stm32cubeide/plugins/com.st.stm32cube.ide.mcu.externaltools.gnu-tools-for-stm32.7-2018-q2-update.win32_1.5.0.202011040924/tools/bin/../lib/gcc/arm-none-eabi/7.3.1/../../../../arm-none-eabi/lib/thumb/v7e-m/fpv4-sp/hard\libc_nano.a(lib_a-nano-svfprintf.o)
                0x0000000008009570                _svfiprintf_r
                0x0000000008009570                _svfprintf_r
 .text._sbrk_r  0x0000000008009760       0x20 c:/st/stm32cubeide_1.5.1/stm32cubeide/plugins/com.st.stm32cube.ide.mcu.externaltools.gnu-tools-for-stm32.7-2018-q2-update.win32_1.5.0.202011040924/tools/bin/../lib/gcc/arm-none-eabi/7.3.1/../../../../arm-none-eabi/lib/thumb/v7e-m/fpv4-sp/hard\libc_nano.a(lib_a-sbrkr.o)
                0x0000000008009760                _sbrk_r
 .text.__ascii_mbtowc
                0x0000000008009780       0x24 c:/st/stm32cubeide_1.5.1/stm32cubeide/plugins/com.st.stm32cube.ide.mcu.externaltools.gnu-tools-for-stm32.7-2018-q2-update.win32_1.5.0.202011040924/tools/bin/../lib/gcc/arm-none-eabi/7.3.1/../../../../arm-none-eabi/lib/thumb/v7e-m/fpv4-sp/hard\libc_nano.a(lib_a-mbtowc_r.o)
                0x0000000008009780                __ascii_mbtowc
 .text.memmove  0x00000000080097a4       0x32 c:/st/stm32cubeide_1.5.1/stm32cubeide/plugins/com.st.stm32cube.ide.mcu.externaltools.gnu-tools-for-stm32.7-2018-q2-update.win32_1.5.0.202011040924/tools/bin/../lib/gcc/arm-none-eabi/7.3.1/../../../../arm-none-eabi/lib/thumb/v7e-m/fpv4-sp/hard\libc_nano.a(lib_a-memmove.o)
                0x00000000080097a4                memmove
 .text.__malloc_lock
                0x00000000080097d6        0x2 c:/st/stm32cubeide_1.5.1/stm32cubeide/plugins/com.st.stm32cube.ide.mcu.externaltools.gnu-tools-for-stm32.7-2018-q2-update.win32_1.5.0.202011040924/tools/bin/../lib/gcc/arm-none-eabi/7.3.1/../../../../arm-none-eabi/lib/thumb/v7e-m/fpv4-sp/hard\libc_nano.a(lib_a-mlock.o)
                0x00000000080097d6                __malloc_lock
 .text.__malloc_unlock
                0x00000000080097d8        0x2 c:/st/stm32cubeide_1.5.1/stm32cubeide/plugins/com.st.stm32cube.ide.mcu.externaltools.gnu-tools-for-stm32.7-2018-q2-update.win32_1.5.0.202011040924/tools/bin/../lib/gcc/arm-none-eabi/7.3.1/../../../../arm-none-eabi/lib/thumb/v7e-m/fpv4-sp/hard\libc_nano.a(lib_a-mlock.o)
                0x00000000080097d8                __malloc_unlock
 .text._realloc_r
                0x00000000080097da       0x4c c:/st/stm32cubeide_1.5.1/stm32cubeide/plugins/com.st.stm32cube.ide.mcu.externaltools.gnu-tools-for-stm32.7-2018-q2-update.win32_1.5.0.202011040924/tools/bin/../lib/gcc/arm-none-eabi/7.3.1/../../../../arm-none-eabi/lib/thumb/v7e-m/fpv4-sp/hard\libc_nano.a(lib_a-nano-reallocr.o)
                0x00000000080097da                _realloc_r
 .text.__ascii_wctomb
                0x0000000008009826       0x1a c:/st/stm32cubeide_1.5.1/stm32cubeide/plugins/com.st.stm32cube.ide.mcu.externaltools.gnu-tools-for-stm32.7-2018-q2-update.win32_1.5.0.202011040924/tools/bin/../lib/gcc/arm-none-eabi/7.3.1/../../../../arm-none-eabi/lib/thumb/v7e-m/fpv4-sp/hard\libc_nano.a(lib_a-wctomb_r.o)
                0x0000000008009826                __ascii_wctomb
 .text._malloc_usable_size_r
                0x0000000008009840       0x10 c:/st/stm32cubeide_1.5.1/stm32cubeide/plugins/com.st.stm32cube.ide.mcu.externaltools.gnu-tools-for-stm32.7-2018-q2-update.win32_1.5.0.202011040924/tools/bin/../lib/gcc/arm-none-eabi/7.3.1/../../../../arm-none-eabi/lib/thumb/v7e-m/fpv4-sp/hard\libc_nano.a(lib_a-nano-msizer.o)
                0x0000000008009840                _malloc_usable_size_r
 *(.glue_7)
 .glue_7        0x0000000008009850        0x0 linker stubs
 *(.glue_7t)
 .glue_7t       0x0000000008009850        0x0 linker stubs
 *(.eh_frame)
 .eh_frame      0x0000000008009850        0x0 c:/st/stm32cubeide_1.5.1/stm32cubeide/plugins/com.st.stm32cube.ide.mcu.externaltools.gnu-tools-for-stm32.7-2018-q2-update.win32_1.5.0.202011040924/tools/bin/../lib/gcc/arm-none-eabi/7.3.1/thumb/v7e-m/fpv4-sp/hard/crtbegin.o
 *(.init)
 .init          0x0000000008009850        0x4 c:/st/stm32cubeide_1.5.1/stm32cubeide/plugins/com.st.stm32cube.ide.mcu.externaltools.gnu-tools-for-stm32.7-2018-q2-update.win32_1.5.0.202011040924/tools/bin/../lib/gcc/arm-none-eabi/7.3.1/thumb/v7e-m/fpv4-sp/hard/crti.o
                0x0000000008009850                _init
 .init          0x0000000008009854        0x8 c:/st/stm32cubeide_1.5.1/stm32cubeide/plugins/com.st.stm32cube.ide.mcu.externaltools.gnu-tools-for-stm32.7-2018-q2-update.win32_1.5.0.202011040924/tools/bin/../lib/gcc/arm-none-eabi/7.3.1/thumb/v7e-m/fpv4-sp/hard/crtn.o
 *(.fini)
 .fini          0x000000000800985c        0x4 c:/st/stm32cubeide_1.5.1/stm32cubeide/plugins/com.st.stm32cube.ide.mcu.externaltools.gnu-tools-for-stm32.7-2018-q2-update.win32_1.5.0.202011040924/tools/bin/../lib/gcc/arm-none-eabi/7.3.1/thumb/v7e-m/fpv4-sp/hard/crti.o
                0x000000000800985c                _fini
 .fini          0x0000000008009860        0x8 c:/st/stm32cubeide_1.5.1/stm32cubeide/plugins/com.st.stm32cube.ide.mcu.externaltools.gnu-tools-for-stm32.7-2018-q2-update.win32_1.5.0.202011040924/tools/bin/../lib/gcc/arm-none-eabi/7.3.1/thumb/v7e-m/fpv4-sp/hard/crtn.o
                0x0000000008009868                . = ALIGN (0x4)
                0x0000000008009868                _etext = .

.vfp11_veneer   0x0000000008009868        0x0
 .vfp11_veneer  0x0000000008009868        0x0 linker stubs

.v4_bx          0x0000000008009868        0x0
 .v4_bx         0x0000000008009868        0x0 linker stubs

.iplt           0x0000000008009868        0x0
 .iplt          0x0000000008009868        0x0 c:/st/stm32cubeide_1.5.1/stm32cubeide/plugins/com.st.stm32cube.ide.mcu.externaltools.gnu-tools-for-stm32.7-2018-q2-update.win32_1.5.0.202011040924/tools/bin/../lib/gcc/arm-none-eabi/7.3.1/thumb/v7e-m/fpv4-sp/hard/crtbegin.o

.rodata         0x0000000008009868     0x1d48
                0x0000000008009868                . = ALIGN (0x4)
 *(.rodata)
 .rodata        0x0000000008009868       0x11 Core/Src/main.o
 *(.rodata*)
 *fill*         0x0000000008009879        0x3 
 .rodata.Font24_Table
                0x000000000800987c     0x1ab8 Core/Src/font24.o
                0x000000000800987c                Font24_Table
 .rodata.AHBPrescTable
                0x000000000800b334       0x10 Core/Src/system_stm32f7xx.o
                0x000000000800b334                AHBPrescTable
 .rodata.APBPrescTable
                0x000000000800b344        0x8 Core/Src/system_stm32f7xx.o
                0x000000000800b344                APBPrescTable
 .rodata.flagBitshiftOffset.9613
                0x000000000800b34c        0x8 Drivers/STM32F7xx_HAL_Driver/Src/stm32f7xx_hal_dma.o
 .rodata._printf_float.str1.1
                0x000000000800b354       0x12 c:/st/stm32cubeide_1.5.1/stm32cubeide/plugins/com.st.stm32cube.ide.mcu.externaltools.gnu-tools-for-stm32.7-2018-q2-update.win32_1.5.0.202011040924/tools/bin/../lib/gcc/arm-none-eabi/7.3.1/../../../../arm-none-eabi/lib/thumb/v7e-m/fpv4-sp/hard\libc_nano.a(lib_a-nano-vfprintf_float.o)
 .rodata._printf_i.str1.1
                0x000000000800b366       0x22 c:/st/stm32cubeide_1.5.1/stm32cubeide/plugins/com.st.stm32cube.ide.mcu.externaltools.gnu-tools-for-stm32.7-2018-q2-update.win32_1.5.0.202011040924/tools/bin/../lib/gcc/arm-none-eabi/7.3.1/../../../../arm-none-eabi/lib/thumb/v7e-m/fpv4-sp/hard\libc_nano.a(lib_a-nano-vfprintf_i.o)
 .rodata._dtoa_r.str1.1
                0x000000000800b388        0xd c:/st/stm32cubeide_1.5.1/stm32cubeide/plugins/com.st.stm32cube.ide.mcu.externaltools.gnu-tools-for-stm32.7-2018-q2-update.win32_1.5.0.202011040924/tools/bin/../lib/gcc/arm-none-eabi/7.3.1/../../../../arm-none-eabi/lib/thumb/v7e-m/fpv4-sp/hard\libc_nano.a(lib_a-dtoa.o)
                                          0xf (size before relaxing)
 *fill*         0x000000000800b395        0x3 
 .rodata.__mprec_bigtens
                0x000000000800b398       0x28 c:/st/stm32cubeide_1.5.1/stm32cubeide/plugins/com.st.stm32cube.ide.mcu.externaltools.gnu-tools-for-stm32.7-2018-q2-update.win32_1.5.0.202011040924/tools/bin/../lib/gcc/arm-none-eabi/7.3.1/../../../../arm-none-eabi/lib/thumb/v7e-m/fpv4-sp/hard\libc_nano.a(lib_a-mprec.o)
                0x000000000800b398                __mprec_bigtens
 .rodata.__mprec_tens
                0x000000000800b3c0       0xc8 c:/st/stm32cubeide_1.5.1/stm32cubeide/plugins/com.st.stm32cube.ide.mcu.externaltools.gnu-tools-for-stm32.7-2018-q2-update.win32_1.5.0.202011040924/tools/bin/../lib/gcc/arm-none-eabi/7.3.1/../../../../arm-none-eabi/lib/thumb/v7e-m/fpv4-sp/hard\libc_nano.a(lib_a-mprec.o)
                0x000000000800b3c0                __mprec_tens
 .rodata.p05.7359
                0x000000000800b488        0xc c:/st/stm32cubeide_1.5.1/stm32cubeide/plugins/com.st.stm32cube.ide.mcu.externaltools.gnu-tools-for-stm32.7-2018-q2-update.win32_1.5.0.202011040924/tools/bin/../lib/gcc/arm-none-eabi/7.3.1/../../../../arm-none-eabi/lib/thumb/v7e-m/fpv4-sp/hard\libc_nano.a(lib_a-mprec.o)
 .rodata._svfprintf_r.str1.1
                0x000000000800b494       0x11 c:/st/stm32cubeide_1.5.1/stm32cubeide/plugins/com.st.stm32cube.ide.mcu.externaltools.gnu-tools-for-stm32.7-2018-q2-update.win32_1.5.0.202011040924/tools/bin/../lib/gcc/arm-none-eabi/7.3.1/../../../../arm-none-eabi/lib/thumb/v7e-m/fpv4-sp/hard\libc_nano.a(lib_a-nano-svfprintf.o)
 .rodata._setlocale_r.str1.1
                0x000000000800b4a5        0x8 c:/st/stm32cubeide_1.5.1/stm32cubeide/plugins/com.st.stm32cube.ide.mcu.externaltools.gnu-tools-for-stm32.7-2018-q2-update.win32_1.5.0.202011040924/tools/bin/../lib/gcc/arm-none-eabi/7.3.1/../../../../arm-none-eabi/lib/thumb/v7e-m/fpv4-sp/hard\libc_nano.a(lib_a-locale.o)
                                          0x9 (size before relaxing)
 .rodata.str1.1
                0x000000000800b4ad        0x2 c:/st/stm32cubeide_1.5.1/stm32cubeide/plugins/com.st.stm32cube.ide.mcu.externaltools.gnu-tools-for-stm32.7-2018-q2-update.win32_1.5.0.202011040924/tools/bin/../lib/gcc/arm-none-eabi/7.3.1/../../../../arm-none-eabi/lib/thumb/v7e-m/fpv4-sp/hard\libc_nano.a(lib_a-locale.o)
 .rodata._ctype_
                0x000000000800b4af      0x101 c:/st/stm32cubeide_1.5.1/stm32cubeide/plugins/com.st.stm32cube.ide.mcu.externaltools.gnu-tools-for-stm32.7-2018-q2-update.win32_1.5.0.202011040924/tools/bin/../lib/gcc/arm-none-eabi/7.3.1/../../../../arm-none-eabi/lib/thumb/v7e-m/fpv4-sp/hard\libc_nano.a(lib_a-ctype_.o)
                0x000000000800b4af                _ctype_
                0x000000000800b5b0                . = ALIGN (0x4)

.ARM.extab      0x000000000800b5b0        0x0
                0x000000000800b5b0                . = ALIGN (0x4)
 *(.ARM.extab* .gnu.linkonce.armextab.*)
                0x000000000800b5b0                . = ALIGN (0x4)

.ARM            0x000000000800b5b0        0x8
                0x000000000800b5b0                . = ALIGN (0x4)
                0x000000000800b5b0                __exidx_start = .
 *(.ARM.exidx*)
 .ARM.exidx     0x000000000800b5b0        0x8 c:/st/stm32cubeide_1.5.1/stm32cubeide/plugins/com.st.stm32cube.ide.mcu.externaltools.gnu-tools-for-stm32.7-2018-q2-update.win32_1.5.0.202011040924/tools/bin/../lib/gcc/arm-none-eabi/7.3.1/thumb/v7e-m/fpv4-sp/hard\libgcc.a(_udivmoddi4.o)
                0x000000000800b5b8                __exidx_end = .
                0x000000000800b5b8                . = ALIGN (0x4)

.rel.dyn        0x000000000800b5b8        0x0
 .rel.iplt      0x000000000800b5b8        0x0 c:/st/stm32cubeide_1.5.1/stm32cubeide/plugins/com.st.stm32cube.ide.mcu.externaltools.gnu-tools-for-stm32.7-2018-q2-update.win32_1.5.0.202011040924/tools/bin/../lib/gcc/arm-none-eabi/7.3.1/thumb/v7e-m/fpv4-sp/hard/crtbegin.o

.preinit_array  0x000000000800b5b8        0x0
                0x000000000800b5b8                . = ALIGN (0x4)
                0x000000000800b5b8                PROVIDE (__preinit_array_start = .)
 *(.preinit_array*)
                0x000000000800b5b8                PROVIDE (__preinit_array_end = .)
                0x000000000800b5b8                . = ALIGN (0x4)

.init_array     0x000000000800b5b8        0x4
                0x000000000800b5b8                . = ALIGN (0x4)
                0x000000000800b5b8                PROVIDE (__init_array_start = .)
 *(SORT_BY_NAME(.init_array.*))
 *(.init_array*)
 .init_array    0x000000000800b5b8        0x4 c:/st/stm32cubeide_1.5.1/stm32cubeide/plugins/com.st.stm32cube.ide.mcu.externaltools.gnu-tools-for-stm32.7-2018-q2-update.win32_1.5.0.202011040924/tools/bin/../lib/gcc/arm-none-eabi/7.3.1/thumb/v7e-m/fpv4-sp/hard/crtbegin.o
                0x000000000800b5bc                PROVIDE (__init_array_end = .)
                0x000000000800b5bc                . = ALIGN (0x4)

.fini_array     0x000000000800b5bc        0x4
                0x000000000800b5bc                . = ALIGN (0x4)
                [!provide]                        PROVIDE (__fini_array_start = .)
 *(SORT_BY_NAME(.fini_array.*))
 *(.fini_array*)
 .fini_array    0x000000000800b5bc        0x4 c:/st/stm32cubeide_1.5.1/stm32cubeide/plugins/com.st.stm32cube.ide.mcu.externaltools.gnu-tools-for-stm32.7-2018-q2-update.win32_1.5.0.202011040924/tools/bin/../lib/gcc/arm-none-eabi/7.3.1/thumb/v7e-m/fpv4-sp/hard/crtbegin.o
                [!provide]                        PROVIDE (__fini_array_end = .)
                0x000000000800b5c0                . = ALIGN (0x4)
                0x000000000800b5c0                _sidata = LOADADDR (.data)

.data           0x0000000020000000      0x210 load address 0x000000000800b5c0
                0x0000000020000000                . = ALIGN (0x4)
                0x0000000020000000                _sdata = .
 *(.data)
 *(.data*)
 .data.Font24   0x0000000020000000        0x8 Core/Src/font24.o
                0x0000000020000000                Font24
 .data.ft5336_ts_drv
                0x0000000020000008       0x28 Core/Src/ft5336.o
                0x0000000020000008                ft5336_ts_drv
 .data.sdramstatus.9529
                0x0000000020000030        0x1 Core/Src/stm32746g_discovery_sdram.o
 *fill*         0x0000000020000031        0x3 
 .data.SystemCoreClock
                0x0000000020000034        0x4 Core/Src/system_stm32f7xx.o
                0x0000000020000034                SystemCoreClock
 .data.uwTickPrio
                0x0000000020000038        0x4 Drivers/STM32F7xx_HAL_Driver/Src/stm32f7xx_hal.o
                0x0000000020000038                uwTickPrio
 .data.uwTickFreq
                0x000000002000003c        0x1 Drivers/STM32F7xx_HAL_Driver/Src/stm32f7xx_hal.o
                0x000000002000003c                uwTickFreq
 *fill*         0x000000002000003d        0x3 
 .data._impure_ptr
                0x0000000020000040        0x4 c:/st/stm32cubeide_1.5.1/stm32cubeide/plugins/com.st.stm32cube.ide.mcu.externaltools.gnu-tools-for-stm32.7-2018-q2-update.win32_1.5.0.202011040924/tools/bin/../lib/gcc/arm-none-eabi/7.3.1/../../../../arm-none-eabi/lib/thumb/v7e-m/fpv4-sp/hard\libc_nano.a(lib_a-impure.o)
                0x0000000020000040                _impure_ptr
 .data.impure_data
                0x0000000020000044       0x60 c:/st/stm32cubeide_1.5.1/stm32cubeide/plugins/com.st.stm32cube.ide.mcu.externaltools.gnu-tools-for-stm32.7-2018-q2-update.win32_1.5.0.202011040924/tools/bin/../lib/gcc/arm-none-eabi/7.3.1/../../../../arm-none-eabi/lib/thumb/v7e-m/fpv4-sp/hard\libc_nano.a(lib_a-impure.o)
 .data.__global_locale
                0x00000000200000a4      0x16c c:/st/stm32cubeide_1.5.1/stm32cubeide/plugins/com.st.stm32cube.ide.mcu.externaltools.gnu-tools-for-stm32.7-2018-q2-update.win32_1.5.0.202011040924/tools/bin/../lib/gcc/arm-none-eabi/7.3.1/../../../../arm-none-eabi/lib/thumb/v7e-m/fpv4-sp/hard\libc_nano.a(lib_a-locale.o)
                0x00000000200000a4                __global_locale
 *(.RamFunc)
 *(.RamFunc*)
                0x0000000020000210                . = ALIGN (0x4)
                0x0000000020000210                _edata = .

.igot.plt       0x0000000020000210        0x0 load address 0x000000000800b7d0
 .igot.plt      0x0000000020000210        0x0 c:/st/stm32cubeide_1.5.1/stm32cubeide/plugins/com.st.stm32cube.ide.mcu.externaltools.gnu-tools-for-stm32.7-2018-q2-update.win32_1.5.0.202011040924/tools/bin/../lib/gcc/arm-none-eabi/7.3.1/thumb/v7e-m/fpv4-sp/hard/crtbegin.o
                0x0000000020000210                . = ALIGN (0x4)

.bss            0x0000000020000210      0x44c load address 0x000000000800b7d0
                0x0000000020000210                _sbss = .
                0x0000000020000210                __bss_start__ = _sbss
 *(.bss)
 .bss           0x0000000020000210       0x1c c:/st/stm32cubeide_1.5.1/stm32cubeide/plugins/com.st.stm32cube.ide.mcu.externaltools.gnu-tools-for-stm32.7-2018-q2-update.win32_1.5.0.202011040924/tools/bin/../lib/gcc/arm-none-eabi/7.3.1/thumb/v7e-m/fpv4-sp/hard/crtbegin.o
 *(.bss*)
 .bss.ft5336_handle
                0x000000002000022c        0x3 Core/Src/ft5336.o
 *fill*         0x000000002000022f        0x1 
 .bss.coord.5529
                0x0000000020000230        0x2 Core/Src/ft5336.o
 *fill*         0x0000000020000232        0x2 
 .bss.IC_Value1
                0x0000000020000234        0x4 Core/Src/main.o
                0x0000000020000234                IC_Value1
 .bss.IC_Value2
                0x0000000020000238        0x4 Core/Src/main.o
                0x0000000020000238                IC_Value2
 .bss.Difference
                0x000000002000023c        0x4 Core/Src/main.o
                0x000000002000023c                Difference
 .bss.Frequency
                0x0000000020000240        0x4 Core/Src/main.o
                0x0000000020000240                Frequency
 .bss.Is_First_Captured
                0x0000000020000244        0x1 Core/Src/main.o
                0x0000000020000244                Is_First_Captured
 *fill*         0x0000000020000245        0x3 
 .bss.hI2cAudioHandler
                0x0000000020000248       0x4c Core/Src/stm32746g_discovery.o
 .bss.hDma2dHandler
                0x0000000020000294       0x40 Core/Src/stm32746g_discovery_lcd.o
 .bss.ActiveLayer
                0x00000000200002d4        0x4 Core/Src/stm32746g_discovery_lcd.o
 .bss.DrawProp  0x00000000200002d8       0x18 Core/Src/stm32746g_discovery_lcd.o
 .bss.periph_clk_init_struct.10096
                0x00000000200002f0       0x84 Core/Src/stm32746g_discovery_lcd.o
 .bss.Timing    0x0000000020000374       0x1c Core/Src/stm32746g_discovery_sdram.o
 .bss.Command   0x0000000020000390       0x10 Core/Src/stm32746g_discovery_sdram.o
 .bss.dma_handle.9565
                0x00000000200003a0       0x60 Core/Src/stm32746g_discovery_sdram.o
 .bss.tsDriver  0x0000000020000400        0x4 Core/Src/stm32746g_discovery_ts.o
 .bss.tsXBoundary
                0x0000000020000404        0x2 Core/Src/stm32746g_discovery_ts.o
 .bss.tsYBoundary
                0x0000000020000406        0x2 Core/Src/stm32746g_discovery_ts.o
 .bss.tsOrientation
                0x0000000020000408        0x1 Core/Src/stm32746g_discovery_ts.o
 .bss.I2cAddress
                0x0000000020000409        0x1 Core/Src/stm32746g_discovery_ts.o
 *fill*         0x000000002000040a        0x2 
 .bss._x.9671   0x000000002000040c       0x14 Core/Src/stm32746g_discovery_ts.o
 .bss._y.9672   0x0000000020000420       0x14 Core/Src/stm32746g_discovery_ts.o
 .bss.__sbrk_heap_end
                0x0000000020000434        0x4 Core/Src/sysmem.o
 .bss.__malloc_free_list
                0x0000000020000438        0x4 c:/st/stm32cubeide_1.5.1/stm32cubeide/plugins/com.st.stm32cube.ide.mcu.externaltools.gnu-tools-for-stm32.7-2018-q2-update.win32_1.5.0.202011040924/tools/bin/../lib/gcc/arm-none-eabi/7.3.1/../../../../arm-none-eabi/lib/thumb/v7e-m/fpv4-sp/hard\libc_nano.a(lib_a-nano-mallocr.o)
                0x0000000020000438                __malloc_free_list
 .bss.__malloc_sbrk_start
                0x000000002000043c        0x4 c:/st/stm32cubeide_1.5.1/stm32cubeide/plugins/com.st.stm32cube.ide.mcu.externaltools.gnu-tools-for-stm32.7-2018-q2-update.win32_1.5.0.202011040924/tools/bin/../lib/gcc/arm-none-eabi/7.3.1/../../../../arm-none-eabi/lib/thumb/v7e-m/fpv4-sp/hard\libc_nano.a(lib_a-nano-mallocr.o)
                0x000000002000043c                __malloc_sbrk_start
 *(COMMON)
 COMMON         0x0000000020000440      0x135 Core/Src/main.o
                0x0000000020000440                tCounter
                0x0000000020000454                hcrc
                0x0000000020000478                counter_1_4
                0x000000002000047c                ts
                0x00000000200004a8                freq
                0x00000000200004b4                xTouchStr
                0x00000000200004be                counter_1_2
                0x00000000200004c0                read
                0x00000000200004c4                counter_1_1
                0x00000000200004c8                hrtc
                0x00000000200004e8                hdma2d
                0x0000000020000528                htim2
                0x0000000020000574                counter_1_3
 *fill*         0x0000000020000575        0x3 
 COMMON         0x0000000020000578       0xa8 Core/Src/stm32746g_discovery_lcd.o
                0x0000000020000578                hLtdcHandler
 COMMON         0x0000000020000620       0x34 Core/Src/stm32746g_discovery_sdram.o
                0x0000000020000620                sdramHandle
 COMMON         0x0000000020000654        0x4 Drivers/STM32F7xx_HAL_Driver/Src/stm32f7xx_hal.o
                0x0000000020000654                uwTick
 COMMON         0x0000000020000658        0x4 c:/st/stm32cubeide_1.5.1/stm32cubeide/plugins/com.st.stm32cube.ide.mcu.externaltools.gnu-tools-for-stm32.7-2018-q2-update.win32_1.5.0.202011040924/tools/bin/../lib/gcc/arm-none-eabi/7.3.1/../../../../arm-none-eabi/lib/thumb/v7e-m/fpv4-sp/hard\libc_nano.a(lib_a-reent.o)
                0x0000000020000658                errno
                0x000000002000065c                . = ALIGN (0x4)
                0x000000002000065c                _ebss = .
                0x000000002000065c                __bss_end__ = _ebss

._user_heap_stack
                0x000000002000065c      0x604 load address 0x000000000800b7d0
                0x0000000020000660                . = ALIGN (0x8)
 *fill*         0x000000002000065c        0x4 
                [!provide]                        PROVIDE (end = .)
                0x0000000020000660                PROVIDE (_end = .)
                0x0000000020000860                . = (. + _Min_Heap_Size)
 *fill*         0x0000000020000660      0x200 
                0x0000000020000c60                . = (. + _Min_Stack_Size)
 *fill*         0x0000000020000860      0x400 
                0x0000000020000c60                . = ALIGN (0x8)

/DISCARD/
 libc.a(*)
 libm.a(*)
 libgcc.a(*)

.ARM.attributes
                0x0000000000000000       0x30
 *(.ARM.attributes)
 .ARM.attributes
                0x0000000000000000       0x22 c:/st/stm32cubeide_1.5.1/stm32cubeide/plugins/com.st.stm32cube.ide.mcu.externaltools.gnu-tools-for-stm32.7-2018-q2-update.win32_1.5.0.202011040924/tools/bin/../lib/gcc/arm-none-eabi/7.3.1/thumb/v7e-m/fpv4-sp/hard/crti.o
 .ARM.attributes
                0x0000000000000022       0x34 c:/st/stm32cubeide_1.5.1/stm32cubeide/plugins/com.st.stm32cube.ide.mcu.externaltools.gnu-tools-for-stm32.7-2018-q2-update.win32_1.5.0.202011040924/tools/bin/../lib/gcc/arm-none-eabi/7.3.1/thumb/v7e-m/fpv4-sp/hard/crtbegin.o
 .ARM.attributes
                0x0000000000000056       0x39 Core/Src/font24.o
 .ARM.attributes
                0x000000000000008f       0x39 Core/Src/ft5336.o
 .ARM.attributes
                0x00000000000000c8       0x39 Core/Src/main.o
 .ARM.attributes
                0x0000000000000101       0x39 Core/Src/stm32746g_discovery.o
 .ARM.attributes
                0x000000000000013a       0x39 Core/Src/stm32746g_discovery_lcd.o
 .ARM.attributes
                0x0000000000000173       0x39 Core/Src/stm32746g_discovery_sdram.o
 .ARM.attributes
                0x00000000000001ac       0x39 Core/Src/stm32746g_discovery_ts.o
 .ARM.attributes
                0x00000000000001e5       0x39 Core/Src/stm32f7xx_hal_ltdc.o
 .ARM.attributes
                0x000000000000021e       0x39 Core/Src/stm32f7xx_hal_msp.o
 .ARM.attributes
                0x0000000000000257       0x39 Core/Src/stm32f7xx_hal_sdram.o
 .ARM.attributes
                0x0000000000000290       0x39 Core/Src/stm32f7xx_it.o
 .ARM.attributes
                0x00000000000002c9       0x39 Core/Src/stm32f7xx_ll_fmc.o
 .ARM.attributes
                0x0000000000000302       0x39 Core/Src/sysmem.o
 .ARM.attributes
                0x000000000000033b       0x39 Core/Src/system_stm32f7xx.o
 .ARM.attributes
                0x0000000000000374       0x21 Core/Startup/startup_stm32f746nghx.o
 .ARM.attributes
                0x0000000000000395       0x39 Drivers/STM32F7xx_HAL_Driver/Src/stm32f7xx_hal.o
 .ARM.attributes
                0x00000000000003ce       0x39 Drivers/STM32F7xx_HAL_Driver/Src/stm32f7xx_hal_cortex.o
 .ARM.attributes
                0x0000000000000407       0x39 Drivers/STM32F7xx_HAL_Driver/Src/stm32f7xx_hal_crc.o
 .ARM.attributes
                0x0000000000000440       0x39 Drivers/STM32F7xx_HAL_Driver/Src/stm32f7xx_hal_crc_ex.o
 .ARM.attributes
                0x0000000000000479       0x39 Drivers/STM32F7xx_HAL_Driver/Src/stm32f7xx_hal_dma.o
 .ARM.attributes
                0x00000000000004b2       0x39 Drivers/STM32F7xx_HAL_Driver/Src/stm32f7xx_hal_dma2d.o
 .ARM.attributes
                0x00000000000004eb       0x39 Drivers/STM32F7xx_HAL_Driver/Src/stm32f7xx_hal_gpio.o
 .ARM.attributes
                0x0000000000000524       0x39 Drivers/STM32F7xx_HAL_Driver/Src/stm32f7xx_hal_i2c.o
 .ARM.attributes
                0x000000000000055d       0x39 Drivers/STM32F7xx_HAL_Driver/Src/stm32f7xx_hal_pwr.o
 .ARM.attributes
                0x0000000000000596       0x39 Drivers/STM32F7xx_HAL_Driver/Src/stm32f7xx_hal_pwr_ex.o
 .ARM.attributes
                0x00000000000005cf       0x39 Drivers/STM32F7xx_HAL_Driver/Src/stm32f7xx_hal_rcc.o
 .ARM.attributes
                0x0000000000000608       0x39 Drivers/STM32F7xx_HAL_Driver/Src/stm32f7xx_hal_rcc_ex.o
 .ARM.attributes
                0x0000000000000641       0x39 Drivers/STM32F7xx_HAL_Driver/Src/stm32f7xx_hal_rtc.o
 .ARM.attributes
                0x000000000000067a       0x39 Drivers/STM32F7xx_HAL_Driver/Src/stm32f7xx_hal_tim.o
 .ARM.attributes
                0x00000000000006b3       0x39 Drivers/STM32F7xx_HAL_Driver/Src/stm32f7xx_hal_tim_ex.o
 .ARM.attributes
                0x00000000000006ec       0x34 c:/st/stm32cubeide_1.5.1/stm32cubeide/plugins/com.st.stm32cube.ide.mcu.externaltools.gnu-tools-for-stm32.7-2018-q2-update.win32_1.5.0.202011040924/tools/bin/../lib/gcc/arm-none-eabi/7.3.1/../../../../arm-none-eabi/lib/thumb/v7e-m/fpv4-sp/hard\libc_nano.a(lib_a-errno.o)
 .ARM.attributes
                0x0000000000000720       0x34 c:/st/stm32cubeide_1.5.1/stm32cubeide/plugins/com.st.stm32cube.ide.mcu.externaltools.gnu-tools-for-stm32.7-2018-q2-update.win32_1.5.0.202011040924/tools/bin/../lib/gcc/arm-none-eabi/7.3.1/../../../../arm-none-eabi/lib/thumb/v7e-m/fpv4-sp/hard\libc_nano.a(lib_a-impure.o)
 .ARM.attributes
                0x0000000000000754       0x34 c:/st/stm32cubeide_1.5.1/stm32cubeide/plugins/com.st.stm32cube.ide.mcu.externaltools.gnu-tools-for-stm32.7-2018-q2-update.win32_1.5.0.202011040924/tools/bin/../lib/gcc/arm-none-eabi/7.3.1/../../../../arm-none-eabi/lib/thumb/v7e-m/fpv4-sp/hard\libc_nano.a(lib_a-init.o)
 .ARM.attributes
                0x0000000000000788       0x34 c:/st/stm32cubeide_1.5.1/stm32cubeide/plugins/com.st.stm32cube.ide.mcu.externaltools.gnu-tools-for-stm32.7-2018-q2-update.win32_1.5.0.202011040924/tools/bin/../lib/gcc/arm-none-eabi/7.3.1/../../../../arm-none-eabi/lib/thumb/v7e-m/fpv4-sp/hard\libc_nano.a(lib_a-memset.o)
 .ARM.attributes
                0x00000000000007bc       0x34 c:/st/stm32cubeide_1.5.1/stm32cubeide/plugins/com.st.stm32cube.ide.mcu.externaltools.gnu-tools-for-stm32.7-2018-q2-update.win32_1.5.0.202011040924/tools/bin/../lib/gcc/arm-none-eabi/7.3.1/../../../../arm-none-eabi/lib/thumb/v7e-m/fpv4-sp/hard\libc_nano.a(lib_a-nano-vfprintf_float.o)
 .ARM.attributes
                0x00000000000007f0       0x34 c:/st/stm32cubeide_1.5.1/stm32cubeide/plugins/com.st.stm32cube.ide.mcu.externaltools.gnu-tools-for-stm32.7-2018-q2-update.win32_1.5.0.202011040924/tools/bin/../lib/gcc/arm-none-eabi/7.3.1/../../../../arm-none-eabi/lib/thumb/v7e-m/fpv4-sp/hard\libc_nano.a(lib_a-nano-vfprintf_i.o)
 .ARM.attributes
                0x0000000000000824       0x34 c:/st/stm32cubeide_1.5.1/stm32cubeide/plugins/com.st.stm32cube.ide.mcu.externaltools.gnu-tools-for-stm32.7-2018-q2-update.win32_1.5.0.202011040924/tools/bin/../lib/gcc/arm-none-eabi/7.3.1/../../../../arm-none-eabi/lib/thumb/v7e-m/fpv4-sp/hard\libc_nano.a(lib_a-sprintf.o)
 .ARM.attributes
                0x0000000000000858       0x1b c:/st/stm32cubeide_1.5.1/stm32cubeide/plugins/com.st.stm32cube.ide.mcu.externaltools.gnu-tools-for-stm32.7-2018-q2-update.win32_1.5.0.202011040924/tools/bin/../lib/gcc/arm-none-eabi/7.3.1/../../../../arm-none-eabi/lib/thumb/v7e-m/fpv4-sp/hard\libc_nano.a(lib_a-strlen.o)
 .ARM.attributes
                0x0000000000000873       0x34 c:/st/stm32cubeide_1.5.1/stm32cubeide/plugins/com.st.stm32cube.ide.mcu.externaltools.gnu-tools-for-stm32.7-2018-q2-update.win32_1.5.0.202011040924/tools/bin/../lib/gcc/arm-none-eabi/7.3.1/../../../../arm-none-eabi/lib/thumb/v7e-m/fpv4-sp/hard\libc_nano.a(lib_a-dtoa.o)
 .ARM.attributes
                0x00000000000008a7       0x34 c:/st/stm32cubeide_1.5.1/stm32cubeide/plugins/com.st.stm32cube.ide.mcu.externaltools.gnu-tools-for-stm32.7-2018-q2-update.win32_1.5.0.202011040924/tools/bin/../lib/gcc/arm-none-eabi/7.3.1/../../../../arm-none-eabi/lib/thumb/v7e-m/fpv4-sp/hard\libc_nano.a(lib_a-localeconv.o)
 .ARM.attributes
                0x00000000000008db       0x34 c:/st/stm32cubeide_1.5.1/stm32cubeide/plugins/com.st.stm32cube.ide.mcu.externaltools.gnu-tools-for-stm32.7-2018-q2-update.win32_1.5.0.202011040924/tools/bin/../lib/gcc/arm-none-eabi/7.3.1/../../../../arm-none-eabi/lib/thumb/v7e-m/fpv4-sp/hard\libc_nano.a(lib_a-malloc.o)
 .ARM.attributes
                0x000000000000090f       0x20 c:/st/stm32cubeide_1.5.1/stm32cubeide/plugins/com.st.stm32cube.ide.mcu.externaltools.gnu-tools-for-stm32.7-2018-q2-update.win32_1.5.0.202011040924/tools/bin/../lib/gcc/arm-none-eabi/7.3.1/../../../../arm-none-eabi/lib/thumb/v7e-m/fpv4-sp/hard\libc_nano.a(lib_a-memchr.o)
 .ARM.attributes
                0x000000000000092f       0x34 c:/st/stm32cubeide_1.5.1/stm32cubeide/plugins/com.st.stm32cube.ide.mcu.externaltools.gnu-tools-for-stm32.7-2018-q2-update.win32_1.5.0.202011040924/tools/bin/../lib/gcc/arm-none-eabi/7.3.1/../../../../arm-none-eabi/lib/thumb/v7e-m/fpv4-sp/hard\libc_nano.a(lib_a-memcpy-stub.o)
 .ARM.attributes
                0x0000000000000963       0x34 c:/st/stm32cubeide_1.5.1/stm32cubeide/plugins/com.st.stm32cube.ide.mcu.externaltools.gnu-tools-for-stm32.7-2018-q2-update.win32_1.5.0.202011040924/tools/bin/../lib/gcc/arm-none-eabi/7.3.1/../../../../arm-none-eabi/lib/thumb/v7e-m/fpv4-sp/hard\libc_nano.a(lib_a-mprec.o)
 .ARM.attributes
                0x0000000000000997       0x34 c:/st/stm32cubeide_1.5.1/stm32cubeide/plugins/com.st.stm32cube.ide.mcu.externaltools.gnu-tools-for-stm32.7-2018-q2-update.win32_1.5.0.202011040924/tools/bin/../lib/gcc/arm-none-eabi/7.3.1/../../../../arm-none-eabi/lib/thumb/v7e-m/fpv4-sp/hard\libc_nano.a(lib_a-nano-callocr.o)
 .ARM.attributes
                0x00000000000009cb       0x34 c:/st/stm32cubeide_1.5.1/stm32cubeide/plugins/com.st.stm32cube.ide.mcu.externaltools.gnu-tools-for-stm32.7-2018-q2-update.win32_1.5.0.202011040924/tools/bin/../lib/gcc/arm-none-eabi/7.3.1/../../../../arm-none-eabi/lib/thumb/v7e-m/fpv4-sp/hard\libc_nano.a(lib_a-nano-freer.o)
 .ARM.attributes
                0x00000000000009ff       0x34 c:/st/stm32cubeide_1.5.1/stm32cubeide/plugins/com.st.stm32cube.ide.mcu.externaltools.gnu-tools-for-stm32.7-2018-q2-update.win32_1.5.0.202011040924/tools/bin/../lib/gcc/arm-none-eabi/7.3.1/../../../../arm-none-eabi/lib/thumb/v7e-m/fpv4-sp/hard\libc_nano.a(lib_a-nano-mallocr.o)
 .ARM.attributes
                0x0000000000000a33       0x34 c:/st/stm32cubeide_1.5.1/stm32cubeide/plugins/com.st.stm32cube.ide.mcu.externaltools.gnu-tools-for-stm32.7-2018-q2-update.win32_1.5.0.202011040924/tools/bin/../lib/gcc/arm-none-eabi/7.3.1/../../../../arm-none-eabi/lib/thumb/v7e-m/fpv4-sp/hard\libc_nano.a(lib_a-nano-svfprintf.o)
 .ARM.attributes
                0x0000000000000a67       0x34 c:/st/stm32cubeide_1.5.1/stm32cubeide/plugins/com.st.stm32cube.ide.mcu.externaltools.gnu-tools-for-stm32.7-2018-q2-update.win32_1.5.0.202011040924/tools/bin/../lib/gcc/arm-none-eabi/7.3.1/../../../../arm-none-eabi/lib/thumb/v7e-m/fpv4-sp/hard\libc_nano.a(lib_a-sbrkr.o)
 .ARM.attributes
                0x0000000000000a9b       0x34 c:/st/stm32cubeide_1.5.1/stm32cubeide/plugins/com.st.stm32cube.ide.mcu.externaltools.gnu-tools-for-stm32.7-2018-q2-update.win32_1.5.0.202011040924/tools/bin/../lib/gcc/arm-none-eabi/7.3.1/../../../../arm-none-eabi/lib/thumb/v7e-m/fpv4-sp/hard\libc_nano.a(lib_a-locale.o)
 .ARM.attributes
                0x0000000000000acf       0x34 c:/st/stm32cubeide_1.5.1/stm32cubeide/plugins/com.st.stm32cube.ide.mcu.externaltools.gnu-tools-for-stm32.7-2018-q2-update.win32_1.5.0.202011040924/tools/bin/../lib/gcc/arm-none-eabi/7.3.1/../../../../arm-none-eabi/lib/thumb/v7e-m/fpv4-sp/hard\libc_nano.a(lib_a-mbtowc_r.o)
 .ARM.attributes
                0x0000000000000b03       0x34 c:/st/stm32cubeide_1.5.1/stm32cubeide/plugins/com.st.stm32cube.ide.mcu.externaltools.gnu-tools-for-stm32.7-2018-q2-update.win32_1.5.0.202011040924/tools/bin/../lib/gcc/arm-none-eabi/7.3.1/../../../../arm-none-eabi/lib/thumb/v7e-m/fpv4-sp/hard\libc_nano.a(lib_a-memmove.o)
 .ARM.attributes
                0x0000000000000b37       0x34 c:/st/stm32cubeide_1.5.1/stm32cubeide/plugins/com.st.stm32cube.ide.mcu.externaltools.gnu-tools-for-stm32.7-2018-q2-update.win32_1.5.0.202011040924/tools/bin/../lib/gcc/arm-none-eabi/7.3.1/../../../../arm-none-eabi/lib/thumb/v7e-m/fpv4-sp/hard\libc_nano.a(lib_a-mlock.o)
 .ARM.attributes
                0x0000000000000b6b       0x34 c:/st/stm32cubeide_1.5.1/stm32cubeide/plugins/com.st.stm32cube.ide.mcu.externaltools.gnu-tools-for-stm32.7-2018-q2-update.win32_1.5.0.202011040924/tools/bin/../lib/gcc/arm-none-eabi/7.3.1/../../../../arm-none-eabi/lib/thumb/v7e-m/fpv4-sp/hard\libc_nano.a(lib_a-nano-reallocr.o)
 .ARM.attributes
                0x0000000000000b9f       0x34 c:/st/stm32cubeide_1.5.1/stm32cubeide/plugins/com.st.stm32cube.ide.mcu.externaltools.gnu-tools-for-stm32.7-2018-q2-update.win32_1.5.0.202011040924/tools/bin/../lib/gcc/arm-none-eabi/7.3.1/../../../../arm-none-eabi/lib/thumb/v7e-m/fpv4-sp/hard\libc_nano.a(lib_a-reent.o)
 .ARM.attributes
                0x0000000000000bd3       0x34 c:/st/stm32cubeide_1.5.1/stm32cubeide/plugins/com.st.stm32cube.ide.mcu.externaltools.gnu-tools-for-stm32.7-2018-q2-update.win32_1.5.0.202011040924/tools/bin/../lib/gcc/arm-none-eabi/7.3.1/../../../../arm-none-eabi/lib/thumb/v7e-m/fpv4-sp/hard\libc_nano.a(lib_a-wctomb_r.o)
 .ARM.attributes
                0x0000000000000c07       0x34 c:/st/stm32cubeide_1.5.1/stm32cubeide/plugins/com.st.stm32cube.ide.mcu.externaltools.gnu-tools-for-stm32.7-2018-q2-update.win32_1.5.0.202011040924/tools/bin/../lib/gcc/arm-none-eabi/7.3.1/../../../../arm-none-eabi/lib/thumb/v7e-m/fpv4-sp/hard\libc_nano.a(lib_a-ctype_.o)
 .ARM.attributes
                0x0000000000000c3b       0x34 c:/st/stm32cubeide_1.5.1/stm32cubeide/plugins/com.st.stm32cube.ide.mcu.externaltools.gnu-tools-for-stm32.7-2018-q2-update.win32_1.5.0.202011040924/tools/bin/../lib/gcc/arm-none-eabi/7.3.1/../../../../arm-none-eabi/lib/thumb/v7e-m/fpv4-sp/hard\libc_nano.a(lib_a-nano-msizer.o)
 .ARM.attributes